Archive member included to satisfy reference by file (symbol)

C:/msys64/mingw64/bin/../lib/gcc/arm-none-eabi/13.3.0/../../../../arm-none-eabi/lib/thumb/v8-m.main+fp/softfp\libm.a(libm_a-wf_sqrt.o)
                              CMakeFiles/test_usb_minimal.dir/C_/msys64/home/Q/pico-sdk/src/rp2_common/pico_float/float_math.c.obj (sqrtf)
C:/msys64/mingw64/bin/../lib/gcc/arm-none-eabi/13.3.0/../../../../arm-none-eabi/lib/thumb/v8-m.main+fp/softfp\libm.a(libm_a-ef_sqrt.o)
                              C:/msys64/mingw64/bin/../lib/gcc/arm-none-eabi/13.3.0/../../../../arm-none-eabi/lib/thumb/v8-m.main+fp/softfp\libm.a(libm_a-wf_sqrt.o) (__ieee754_sqrtf)
C:/msys64/mingw64/bin/../lib/gcc/arm-none-eabi/13.3.0/thumb/v8-m.main+fp/softfp\libgcc.a(_arm_addsubdf3.o)
                              CMakeFiles/test_usb_minimal.dir/C_/msys64/home/Q/pico-sdk/src/rp2_common/pico_float/float_math.c.obj (__aeabi_f2d)
C:/msys64/mingw64/bin/../lib/gcc/arm-none-eabi/13.3.0/thumb/v8-m.main+fp/softfp\libgcc.a(_aeabi_ldivmod.o)
                              CMakeFiles/test_usb_minimal.dir/C_/msys64/home/Q/pico-sdk/src/common/pico_time/time.c.obj (__aeabi_ldivmod)
C:/msys64/mingw64/bin/../lib/gcc/arm-none-eabi/13.3.0/thumb/v8-m.main+fp/softfp\libgcc.a(_aeabi_uldivmod.o)
                              CMakeFiles/test_usb_minimal.dir/C_/msys64/home/Q/pico-sdk/src/rp2_common/hardware_clocks/clocks.c.obj (__aeabi_uldivmod)
C:/msys64/mingw64/bin/../lib/gcc/arm-none-eabi/13.3.0/thumb/v8-m.main+fp/softfp\libgcc.a(_udivmoddi4.o)
                              C:/msys64/mingw64/bin/../lib/gcc/arm-none-eabi/13.3.0/thumb/v8-m.main+fp/softfp\libgcc.a(_aeabi_ldivmod.o) (__udivmoddi4)
C:/msys64/mingw64/bin/../lib/gcc/arm-none-eabi/13.3.0/thumb/v8-m.main+fp/softfp\libgcc.a(_dvmd_tls.o)
                              C:/msys64/mingw64/bin/../lib/gcc/arm-none-eabi/13.3.0/thumb/v8-m.main+fp/softfp\libgcc.a(_aeabi_ldivmod.o) (__aeabi_ldiv0)
C:/msys64/mingw64/bin/../lib/gcc/arm-none-eabi/13.3.0/../../../../arm-none-eabi/lib/thumb/v8-m.main+fp/softfp\libg.a(libc_a-atexit.o)
                              C:/msys64/mingw64/bin/../lib/gcc/arm-none-eabi/13.3.0/../../../../arm-none-eabi/lib/thumb/v8-m.main+fp/softfp/crt0.o (atexit)
C:/msys64/mingw64/bin/../lib/gcc/arm-none-eabi/13.3.0/../../../../arm-none-eabi/lib/thumb/v8-m.main+fp/softfp\libg.a(libc_a-calloc.o)
                              CMakeFiles/test_usb_minimal.dir/C_/msys64/home/Q/pico-sdk/src/rp2_common/pico_malloc/malloc.c.obj (calloc)
C:/msys64/mingw64/bin/../lib/gcc/arm-none-eabi/13.3.0/../../../../arm-none-eabi/lib/thumb/v8-m.main+fp/softfp\libg.a(libc_a-callocr.o)
                              C:/msys64/mingw64/bin/../lib/gcc/arm-none-eabi/13.3.0/../../../../arm-none-eabi/lib/thumb/v8-m.main+fp/softfp\libg.a(libc_a-calloc.o) (_calloc_r)
C:/msys64/mingw64/bin/../lib/gcc/arm-none-eabi/13.3.0/../../../../arm-none-eabi/lib/thumb/v8-m.main+fp/softfp\libg.a(libc_a-malloc.o)
                              CMakeFiles/test_usb_minimal.dir/C_/msys64/home/Q/pico-sdk/src/rp2_common/pico_malloc/malloc.c.obj (malloc)
C:/msys64/mingw64/bin/../lib/gcc/arm-none-eabi/13.3.0/../../../../arm-none-eabi/lib/thumb/v8-m.main+fp/softfp\libg.a(libc_a-mallocr.o)
                              C:/msys64/mingw64/bin/../lib/gcc/arm-none-eabi/13.3.0/../../../../arm-none-eabi/lib/thumb/v8-m.main+fp/softfp\libg.a(libc_a-callocr.o) (_malloc_r)
C:/msys64/mingw64/bin/../lib/gcc/arm-none-eabi/13.3.0/../../../../arm-none-eabi/lib/thumb/v8-m.main+fp/softfp\libg.a(libc_a-mlock.o)
                              C:/msys64/mingw64/bin/../lib/gcc/arm-none-eabi/13.3.0/../../../../arm-none-eabi/lib/thumb/v8-m.main+fp/softfp\libg.a(libc_a-mallocr.o) (__malloc_lock)
C:/msys64/mingw64/bin/../lib/gcc/arm-none-eabi/13.3.0/../../../../arm-none-eabi/lib/thumb/v8-m.main+fp/softfp\libg.a(libc_a-realloc.o)
                              CMakeFiles/test_usb_minimal.dir/C_/msys64/home/Q/pico-sdk/src/rp2_common/pico_malloc/malloc.c.obj (realloc)
C:/msys64/mingw64/bin/../lib/gcc/arm-none-eabi/13.3.0/../../../../arm-none-eabi/lib/thumb/v8-m.main+fp/softfp\libg.a(libc_a-reallocr.o)
                              C:/msys64/mingw64/bin/../lib/gcc/arm-none-eabi/13.3.0/../../../../arm-none-eabi/lib/thumb/v8-m.main+fp/softfp\libg.a(libc_a-realloc.o) (_realloc_r)
C:/msys64/mingw64/bin/../lib/gcc/arm-none-eabi/13.3.0/../../../../arm-none-eabi/lib/thumb/v8-m.main+fp/softfp\libg.a(libc_a-memcmp.o)
                              CMakeFiles/test_usb_minimal.dir/C_/msys64/home/Q/pico-sdk/src/rp2_common/pico_atomic/atomic.c.obj (memcmp)
C:/msys64/mingw64/bin/../lib/gcc/arm-none-eabi/13.3.0/../../../../arm-none-eabi/lib/thumb/v8-m.main+fp/softfp\libg.a(libc_a-memmove.o)
                              C:/msys64/mingw64/bin/../lib/gcc/arm-none-eabi/13.3.0/../../../../arm-none-eabi/lib/thumb/v8-m.main+fp/softfp\libg.a(libc_a-reallocr.o) (memmove)
C:/msys64/mingw64/bin/../lib/gcc/arm-none-eabi/13.3.0/../../../../arm-none-eabi/lib/thumb/v8-m.main+fp/softfp\libg.a(libc_a-memset.o)
[...]
Memory Configuration

Name             Origin             Length             Attributes
FLASH            0x10000000         0x01000000         xr
RAM              0x20000000         0x00080000         xrw
SCRATCH_X        0x20080000         0x00001000         xrw
SCRATCH_Y        0x20081000         0x00001000         xrw
*default*        0x00000000         0xffffffff

Linker script and memory map

LOAD C:/msys64/mingw64/bin/../lib/gcc/arm-none-eabi/13.3.0/thumb/v8-m.main+fp/softfp/crti.o
LOAD C:/msys64/mingw64/bin/../lib/gcc/arm-none-eabi/13.3.0/thumb/v8-m.main+fp/softfp/crtbegin.o
LOAD C:/msys64/mingw64/bin/../lib/gcc/arm-none-eabi/13.3.0/../../../../arm-none-eabi/lib/thumb/v8-m.main+fp/softfp/crt0.o

.flash_begin    0x10000000        0x0
                0x10000000                        __flash_binary_start = .

.text           0x10000000     0x4ebc
                0x10000000                        __logical_binary_start = .
 *(.vectors)
 .vectors       0x10000000      0x124 CMakeFiles/test_usb_minimal.dir/C_/msys64/home/Q/pico-sdk/src/rp2_common/pico_crt0/crt0.S.obj
                0x10000000                __VECTOR_TABLE
                0x10000000                __vectors
                0x10000110                __unhandled_user_irq
                0x10000110                isr_irq49
                0x10000110                isr_irq13
                0x10000110                isr_irq43
                0x10000110                isr_irq45
                0x10000110                isr_irq27
                0x10000110                isr_irq32
                0x10000110                isr_irq31
                0x10000110                isr_irq12
                0x10000110                isr_irq5
                0x10000110                isr_irq11
                0x10000110                isr_irq3
                0x10000110                isr_irq23
                0x10000110                isr_usagefault
                0x10000110                isr_irq48
                0x10000110                isr_irq30
                0x10000110                isr_irq18
                0x10000110                isr_irq50
                0x10000110                isr_irq33
                0x10000110                isr_irq40
                0x10000110                isr_irq28
                0x10000110                isr_irq19
                0x10000110                isr_irq36
                0x10000110                isr_irq41
                0x10000110                isr_irq0
                0x10000110                isr_irq6
                0x10000110                isr_irq26
                0x10000110                isr_irq29
                0x10000110                isr_memmanage
                0x10000110                isr_irq37
                0x10000110                isr_irq42
                0x10000110                isr_irq22
                0x10000110                isr_irq35
                0x10000110                isr_irq17
                0x10000110                isr_irq38
                0x10000110                isr_irq14
                0x10000110                __vectors_end
                0x10000110                __default_isrs_start
                0x10000110                isr_irq2
                0x10000110                isr_irq10
                0x10000110                isr_irq8
                0x10000110                isr_debugmonitor
                0x10000110                isr_irq24
                0x10000110                isr_irq46
                0x10000110                isr_irq1
                0x10000110                isr_irq47
                0x10000110                isr_irq51
                0x10000110                isr_irq7
                0x10000110                isr_irq21
                0x10000110                isr_irq39
                0x10000110                isr_irq20
                0x10000110                isr_irq15
                0x10000110                isr_irq25
                0x10000110                isr_irq34
                0x10000110                isr_irq44
                0x10000110                isr_securefault
                0x10000110                isr_irq4
                0x10000110                isr_busfault
                0x10000110                isr_irq16
                0x10000110                isr_irq9
                0x10000116                unhandled_user_irq_num_in_r0
                0x10000118                isr_invalid
                0x1000011a                isr_nmi
                0x1000011c                isr_hardfault
                0x1000011e                isr_svcall
                0x10000120                isr_pendsv
                0x10000122                isr_systick
                0x10000124                __default_isrs_end
 *(.binary_info_header)
 .binary_info_header
                0x10000124       0x14 CMakeFiles/test_usb_minimal.dir/C_/msys64/home/Q/pico-sdk/src/rp2_common/pico_crt0/crt0.S.obj
                0x10000138                        __binary_info_header_end = .
 *(.embedded_block)
 .embedded_block
                0x10000138       0x14 CMakeFiles/test_usb_minimal.dir/C_/msys64/home/Q/pico-sdk/src/rp2_common/pico_crt0/crt0.S.obj
                0x1000014c                        __embedded_block_end = .
 *(.reset)
 .reset         0x1000014c       0x98 CMakeFiles/test_usb_minimal.dir/C_/msys64/home/Q/pico-sdk/src/rp2_common/pico_crt0/crt0.S.obj
                0x1000014c                _entry_point
 *(.init)
 .init          0x100001e4        0x4 C:/msys64/mingw64/bin/../lib/gcc/arm-none-eabi/13.3.0/thumb/v8-m.main+fp/softfp/crti.o
                0x100001e4                _init
 *libgcc.a:cmse_nonsecure_call.o()
 *(EXCLUDE_FILE(*libm.a: *libc.a:*lib_a-mem*.o *libgcc.a:) .text*)
 .text.frame_dummy
                0x100001e8       0x1c C:/msys64/mingw64/bin/../lib/gcc/arm-none-eabi/13.3.0/thumb/v8-m.main+fp/softfp/crtbegin.o
 .text.startup.main
                0x10000204       0x54 CMakeFiles/test_usb_minimal.dir/test_usb_minimal.c.obj
                0x10000204                main
 .text.gpio_set_function
                0x10000258       0x38 CMakeFiles/test_usb_minimal.dir/C_/msys64/home/Q/pico-sdk/src/rp2_common/hardware_gpio/gpio.c.obj
                0x10000258                gpio_set_function
 .text.gpio_init
                0x10000290       0x12 CMakeFiles/test_usb_minimal.dir/C_/msys64/home/Q/pico-sdk/src/rp2_common/hardware_gpio/gpio.c.obj
                0x10000290                gpio_init
 *fill*         0x100002a2        0x2 
 .text.panic    0x100002a4       0x2c CMakeFiles/test_usb_minimal.dir/C_/msys64/home/Q/pico-sdk/src/rp2_common/pico_platform_panic/panic.c.obj
                0x100002a4                panic
 .text.hw_claim_lock
                0x100002d0       0x24 CMakeFiles/test_usb_minimal.dir/C_/msys64/home/Q/pico-sdk/src/common/hardware_claim/claim.c.obj
                0x100002d0                hw_claim_lock
 .text.hw_claim_unlock
                0x100002f4       0x14 CMakeFiles/test_usb_minimal.dir/C_/msys64/home/Q/pico-sdk/src/common/hardware_claim/claim.c.obj
                0x100002f4                hw_claim_unlock
 .text.hw_is_claimed
                0x10000308       0x16 CMakeFiles/test_usb_minimal.dir/C_/msys64/home/Q/pico-sdk/src/common/hardware_claim/claim.c.obj
                0x10000308                hw_is_claimed
 .text.hw_claim_or_assert
                0x1000031e       0x3a CMakeFiles/test_usb_minimal.dir/C_/msys64/home/Q/pico-sdk/src/common/hardware_claim/claim.c.obj
                0x1000031e                hw_claim_or_assert
 .text.hw_claim_unused_from_range
                0x10000358       0x52 CMakeFiles/test_usb_minimal.dir/C_/msys64/home/Q/pico-sdk/src/common/hardware_claim/claim.c.obj
                0x10000358                hw_claim_unused_from_range
 *fill*         0x100003aa        0x2 
 .text.next_striped_spin_lock_num
                0x100003ac       0x18 CMakeFiles/test_usb_minimal.dir/C_/msys64/home/Q/pico-sdk/src/rp2_common/hardware_sync/sync.c.obj
                0x100003ac                next_striped_spin_lock_num
 .text.spin_lock_claim_unused
                0x100003c4       0x20 CMakeFiles/test_usb_minimal.dir/C_/msys64/home/Q/pico-sdk/src/rp2_common/hardware_sync/sync.c.obj
                0x100003c4                spin_lock_claim_unused
 .text.spinlock_set_extexclall
                0x100003e4        0xe CMakeFiles/test_usb_minimal.dir/C_/msys64/home/Q/pico-sdk/src/rp2_common/hardware_sync_spin_lock/sync_spin_lock.c.obj
 *fill*         0x100003f2        0x2 
 .text.spin_locks_reset
                0x100003f4       0x18 CMakeFiles/test_usb_minimal.dir/C_/msys64/home/Q/pico-sdk/src/rp2_common/hardware_sync_spin_lock/sync_spin_lock.c.obj
                0x100003f4                spin_locks_reset
 .text.set_raw_irq_handler_and_unlock
                0x1000040c       0x24 CMakeFiles/test_usb_minimal.dir/C_/msys64/home/Q/pico-sdk/src/rp2_common/hardware_irq/irq.c.obj
 .text.runtime_init_per_core_irq_priorities
                0x10000430       0x20 CMakeFiles/test_usb_minimal.dir/C_/msys64/home/Q/pico-sdk/src/rp2_common/hardware_irq/irq.c.obj
                0x10000430                runtime_init_per_core_irq_priorities
 .text.irq_set_enabled
                0x10000450       0x2c CMakeFiles/test_usb_minimal.dir/C_/msys64/home/Q/pico-sdk/src/rp2_common/hardware_irq/irq.c.obj
                0x10000450                irq_set_enabled
 .text.irq_is_enabled
                0x1000047c       0x20 CMakeFiles/test_usb_minimal.dir/C_/msys64/home/Q/pico-sdk/src/rp2_common/hardware_irq/irq.c.obj
                0x1000047c                irq_is_enabled
 .text.irq_set_pending
                0x1000049c       0x18 CMakeFiles/test_usb_minimal.dir/C_/msys64/home/Q/pico-sdk/src/rp2_common/hardware_irq/irq.c.obj
                0x1000049c                irq_set_pending
 .text.irq_get_vtable_handler
                0x100004b4       0x10 CMakeFiles/test_usb_minimal.dir/C_/msys64/home/Q/pico-sdk/src/rp2_common/hardware_irq/irq.c.obj
                0x100004b4                irq_get_vtable_handler
 .text.irq_has_shared_handler
                0x100004c4       0x18 CMakeFiles/test_usb_minimal.dir/C_/msys64/home/Q/pico-sdk/src/rp2_common/hardware_irq/irq.c.obj
                0x100004c4                irq_has_shared_handler
 .text.irq_set_exclusive_handler
                0x100004dc       0x4c CMakeFiles/test_usb_minimal.dir/C_/msys64/home/Q/pico-sdk/src/rp2_common/hardware_irq/irq.c.obj
                0x100004dc                irq_set_exclusive_handler
 .text.irq_add_shared_handler
                0x10000528      0x1c8 CMakeFiles/test_usb_minimal.dir/C_/msys64/home/Q/pico-sdk/src/rp2_common/hardware_irq/irq.c.obj
                0x10000528                irq_add_shared_handler
 .text.irq_add_tail_to_free_list
                0x100006f0       0xa8 CMakeFiles/test_usb_minimal.dir/C_/msys64/home/Q/pico-sdk/src/rp2_common/hardware_irq/irq.c.obj
                0x100006f0                irq_add_tail_to_free_list
 .text.user_irq_claim_unused
                0x10000798       0x28 CMakeFiles/test_usb_minimal.dir/C_/msys64/home/Q/pico-sdk/src/rp2_common/hardware_irq/irq.c.obj
                0x10000798                user_irq_claim_unused
 .text.lock_init
                0x100007c0        0xc CMakeFiles/test_usb_minimal.dir/C_/msys64/home/Q/pico-sdk/src/common/pico_sync/lock_core.c.obj
                0x100007c0                lock_init
 .text.mutex_init
                0x100007cc       0x1a CMakeFiles/test_usb_minimal.dir/C_/msys64/home/Q/pico-sdk/src/common/pico_sync/mutex.c.obj
                0x100007cc                mutex_init
 .text.recursive_mutex_init
                0x100007e6       0x1a CMakeFiles/test_usb_minimal.dir/C_/msys64/home/Q/pico-sdk/src/common/pico_sync/mutex.c.obj
                0x100007e6                recursive_mutex_init
 .text.runtime_init_mutex
                0x10000800       0x2c CMakeFiles/test_usb_minimal.dir/C_/msys64/home/Q/pico-sdk/src/common/pico_sync/mutex.c.obj
                0x10000800                runtime_init_mutex
 .text.critical_section_init
                0x1000082c       0x1c CMakeFiles/test_usb_minimal.dir/C_/msys64/home/Q/pico-sdk/src/common/pico_sync/critical_section.c.obj
                0x1000082c                critical_section_init
 .text.critical_section_init_with_lock_num
                0x10000848       0x10 CMakeFiles/test_usb_minimal.dir/C_/msys64/home/Q/pico-sdk/src/common/pico_sync/critical_section.c.obj
                0x10000848                critical_section_init_with_lock_num
 .text.sleep_until_callback
                0x10000858       0x3c CMakeFiles/test_usb_minimal.dir/C_/msys64/home/Q/pico-sdk/src/common/pico_time/time.c.obj
 *fill*         0x10000894        0x4 
 .text.alarm_pool_irq_handler
                0x10000898      0x2b0 CMakeFiles/test_usb_minimal.dir/C_/msys64/home/Q/pico-sdk/src/common/pico_time/time.c.obj
 .text.alarm_pool_post_alloc_init
                0x10000b48       0x8c CMakeFiles/test_usb_minimal.dir/C_/msys64/home/Q/pico-sdk/src/common/pico_time/time.c.obj
 .text.runtime_init_default_alarm_pool
                0x10000bd4       0x34 CMakeFiles/test_usb_minimal.dir/C_/msys64/home/Q/pico-sdk/src/common/pico_time/time.c.obj
                0x10000bd4                runtime_init_default_alarm_pool
 .text.time_reached
                0x10000c08       0x24 CMakeFiles/test_usb_minimal.dir/C_/msys64/home/Q/pico-sdk/src/common/pico_time/time.c.obj
 .text.alarm_pool_get_default
                0x10000c2c        0x8 CMakeFiles/test_usb_minimal.dir/C_/msys64/home/Q/pico-sdk/src/common/pico_time/time.c.obj
                0x10000c2c                alarm_pool_get_default
 .text.alarm_pool_add_alarm_at_force_in_context
                0x10000c34       0xbc CMakeFiles/test_usb_minimal.dir/C_/msys64/home/Q/pico-sdk/src/common/pico_time/time.c.obj
                0x10000c34                alarm_pool_add_alarm_at_force_in_context
 .text.alarm_pool_add_alarm_at
                0x10000cf0       0x3a CMakeFiles/test_usb_minimal.dir/C_/msys64/home/Q/pico-sdk/src/common/pico_time/time.c.obj
                0x10000cf0                alarm_pool_add_alarm_at
 .text.alarm_pool_cancel_alarm
                0x10000d2a       0x72 CMakeFiles/test_usb_minimal.dir/C_/msys64/home/Q/pico-sdk/src/common/pico_time/time.c.obj
                0x10000d2a                alarm_pool_cancel_alarm
 .text.alarm_pool_core_num
                0x10000d9c        0x4 CMakeFiles/test_usb_minimal.dir/C_/msys64/home/Q/pico-sdk/src/common/pico_time/time.c.obj
                0x10000d9c                alarm_pool_core_num
 .text.sleep_until
                0x10000da0       0xa4 CMakeFiles/test_usb_minimal.dir/C_/msys64/home/Q/pico-sdk/src/common/pico_time/time.c.obj
                0x10000da0                sleep_until
 .text.sleep_us
                0x10000e44       0x2e CMakeFiles/test_usb_minimal.dir/C_/msys64/home/Q/pico-sdk/src/common/pico_time/time.c.obj
                0x10000e44                sleep_us
 .text.sleep_ms
                0x10000e72        0xc CMakeFiles/test_usb_minimal.dir/C_/msys64/home/Q/pico-sdk/src/common/pico_time/time.c.obj
                0x10000e72                sleep_ms
 *fill*         0x10000e7e        0x2 
 .text.best_effort_wfe_or_timeout
                0x10000e80       0x84 CMakeFiles/test_usb_minimal.dir/C_/msys64/home/Q/pico-sdk/src/common/pico_time/time.c.obj
                0x10000e80                best_effort_wfe_or_timeout
 .text.timer_hardware_alarm_claim
                0x10000f04       0x24 CMakeFiles/test_usb_minimal.dir/C_/msys64/home/Q/pico-sdk/src/rp2_common/hardware_timer/timer.c.obj
                0x10000f04                timer_hardware_alarm_claim
 .text.timer_time_us_64
                0x10000f28       0x10 CMakeFiles/test_usb_minimal.dir/C_/msys64/home/Q/pico-sdk/src/rp2_common/hardware_timer/timer.c.obj
                0x10000f28                timer_time_us_64
 .text.timer_busy_wait_until
                0x10000f38       0x16 CMakeFiles/test_usb_minimal.dir/C_/msys64/home/Q/pico-sdk/src/rp2_common/hardware_timer/timer.c.obj
                0x10000f38                timer_busy_wait_until
 *fill*         0x10000f4e        0x2 
 .text.time_us_64
                0x10000f50        0xc CMakeFiles/test_usb_minimal.dir/C_/msys64/home/Q/pico-sdk/src/rp2_common/hardware_timer/timer.c.obj
                0x10000f50                time_us_64
 .text.busy_wait_until
                0x10000f5c       0x10 CMakeFiles/test_usb_minimal.dir/C_/msys64/home/Q/pico-sdk/src/rp2_common/hardware_timer/timer.c.obj
                0x10000f5c                busy_wait_until
 .text.clock_configure_internal
                0x10000f6c       0x98 CMakeFiles/test_usb_minimal.dir/C_/msys64/home/Q/pico-sdk/src/rp2_common/hardware_clocks/clocks.c.obj
 .text.clock_configure_undivided
                0x10001004       0x10 CMakeFiles/test_usb_minimal.dir/C_/msys64/home/Q/pico-sdk/src/rp2_common/hardware_clocks/clocks.c.obj
                0x10001004                clock_configure_undivided
 .text.clock_get_hz
                0x10001014        0xc CMakeFiles/test_usb_minimal.dir/C_/msys64/home/Q/pico-sdk/src/rp2_common/hardware_clocks/clocks.c.obj
                0x10001014                clock_get_hz
 .text.pll_init
                0x10001020       0x88 CMakeFiles/test_usb_minimal.dir/C_/msys64/home/Q/pico-sdk/src/rp2_common/hardware_pll/pll.c.obj
                0x10001020                pll_init
 .text.watchdog_update
                0x100010a8       0x14 CMakeFiles/test_usb_minimal.dir/C_/msys64/home/Q/pico-sdk/src/rp2_common/hardware_watchdog/watchdog.c.obj
                0x100010a8                watchdog_update
 .text._watchdog_enable
                0x100010bc       0x5c CMakeFiles/test_usb_minimal.dir/C_/msys64/home/Q/pico-sdk/src/rp2_common/hardware_watchdog/watchdog.c.obj
                0x100010bc                _watchdog_enable
 .text.watchdog_reboot
                0x10001118       0x40 CMakeFiles/test_usb_minimal.dir/C_/msys64/home/Q/pico-sdk/src/rp2_common/hardware_watchdog/watchdog.c.obj
                0x10001118                watchdog_reboot
 .text.tick_start
                0x10001158       0x14 CMakeFiles/test_usb_minimal.dir/C_/msys64/home/Q/pico-sdk/src/rp2_common/hardware_ticks/ticks.c.obj
                0x10001158                tick_start
 .text.rom_reboot.constprop.0.isra.0
                0x1000116c       0x32 CMakeFiles/test_usb_minimal.dir/C_/msys64/home/Q/pico-sdk/src/rp2_common/pico_bootrom/bootrom.c.obj
 .text.rom_func_lookup
                0x1000119e       0x14 CMakeFiles/test_usb_minimal.dir/C_/msys64/home/Q/pico-sdk/src/rp2_common/pico_bootrom/bootrom.c.obj
                0x1000119e                rom_func_lookup
 .text.rom_reset_usb_boot_extra
                0x100011b2       0x1a CMakeFiles/test_usb_minimal.dir/C_/msys64/home/Q/pico-sdk/src/rp2_common/pico_bootrom/bootrom.c.obj
                0x100011b2                rom_reset_usb_boot_extra
 .text.runtime_init_bootrom_locking_enable
                0x100011cc       0x14 CMakeFiles/test_usb_minimal.dir/C_/msys64/home/Q/pico-sdk/src/rp2_common/pico_bootrom/bootrom_lock.c.obj
                0x100011cc                runtime_init_bootrom_locking_enable
 .text.boot_locks_reset
                0x100011e0       0x1c CMakeFiles/test_usb_minimal.dir/C_/msys64/home/Q/pico-sdk/src/rp2_common/hardware_boot_lock/boot_lock.c.obj
                0x100011e0                boot_locks_reset
 .text.runtime_init_boot_locks_reset
                0x100011fc        0x4 CMakeFiles/test_usb_minimal.dir/C_/msys64/home/Q/pico-sdk/src/rp2_common/hardware_boot_lock/boot_lock.c.obj
                0x100011fc                runtime_init_boot_locks_reset
 .text.xosc_init
                0x10001200       0x28 CMakeFiles/test_usb_minimal.dir/C_/msys64/home/Q/pico-sdk/src/rp2_common/hardware_xosc/xosc.c.obj
                0x10001200                xosc_init
 .text.first_per_core_initializer
                0x10001228        0x2 CMakeFiles/test_usb_minimal.dir/C_/msys64/home/Q/pico-sdk/src/rp2_common/pico_runtime/runtime.c.obj
 *fill*         0x1000122a        0x2 
 .text.hard_assertion_failure
                0x1000122c        0xc CMakeFiles/test_usb_minimal.dir/C_/msys64/home/Q/pico-sdk/src/rp2_common/pico_runtime/runtime.c.obj
                0x1000122c                hard_assertion_failure
 .text.runtime_run_initializers
                0x10001238       0x1c CMakeFiles/test_usb_minimal.dir/C_/msys64/home/Q/pico-sdk/src/rp2_common/pico_runtime/runtime.c.obj
                0x10001238                runtime_run_initializers
 .text.runtime_init_early_resets
                0x10001254       0x2c CMakeFiles/test_usb_minimal.dir/C_/msys64/home/Q/pico-sdk/src/rp2_common/pico_runtime_init/runtime_init.c.obj
                0x10001254                runtime_init_early_resets
 .text.runtime_init_usb_power_down
                0x10001280       0x1c CMakeFiles/test_usb_minimal.dir/C_/msys64/home/Q/pico-sdk/src/rp2_common/pico_runtime_init/runtime_init.c.obj
                0x10001280                runtime_init_usb_power_down
 .text.runtime_init_per_core_enable_coprocessors
                0x1000129c       0x1c CMakeFiles/test_usb_minimal.dir/C_/msys64/home/Q/pico-sdk/src/rp2_common/pico_runtime_init/runtime_init.c.obj
                0x1000129c                runtime_init_per_core_enable_coprocessors
 .text.runtime_init_post_clock_resets
                0x100012b8       0x20 CMakeFiles/test_usb_minimal.dir/C_/msys64/home/Q/pico-sdk/src/rp2_common/pico_runtime_init/runtime_init.c.obj
                0x100012b8                runtime_init_post_clock_resets
 .text.runtime_init_bootrom_reset
                0x100012d8       0x14 CMakeFiles/test_usb_minimal.dir/C_/msys64/home/Q/pico-sdk/src/rp2_common/pico_runtime_init/runtime_init.c.obj
                0x100012d8                runtime_init_bootrom_reset
 .text.runtime_init_per_core_bootrom_reset
                0x100012ec       0x14 CMakeFiles/test_usb_minimal.dir/C_/msys64/home/Q/pico-sdk/src/rp2_common/pico_runtime_init/runtime_init.c.obj
                0x100012ec                runtime_init_per_core_bootrom_reset
 .text.runtime_init_spin_locks_reset
                0x10001300        0x4 CMakeFiles/test_usb_minimal.dir/C_/msys64/home/Q/pico-sdk/src/rp2_common/pico_runtime_init/runtime_init.c.obj
                0x10001300                runtime_init_spin_locks_reset
 .text.runtime_init_install_ram_vector_table
                0x10001304       0x44 CMakeFiles/test_usb_minimal.dir/C_/msys64/home/Q/pico-sdk/src/rp2_common/pico_runtime_init/runtime_init.c.obj
                0x10001304                runtime_init_install_ram_vector_table
 .text.runtime_init_clocks
                0x10001348       0xd4 CMakeFiles/test_usb_minimal.dir/C_/msys64/home/Q/pico-sdk/src/rp2_common/pico_runtime_init/runtime_init_clocks.c.obj
                0x10001348                runtime_init_clocks
 .text.__rp2350_dcp_engaged_state_save_restore
                0x1000141c       0x3a CMakeFiles/test_usb_minimal.dir/C_/msys64/home/Q/pico-sdk/src/rp2_common/pico_double/double_aeabi_dcp.S.obj
 *fill*         0x10001456        0x2 
 .text.__wrap___aeabi_dadd
                0x10001458       0x28 CMakeFiles/test_usb_minimal.dir/C_/msys64/home/Q/pico-sdk/src/rp2_common/pico_double/double_aeabi_dcp.S.obj
                0x10001460                __wrap___aeabi_dadd
 .text.__wrap___aeabi_dsub
                0x10001480       0x28 CMakeFiles/test_usb_minimal.dir/C_/msys64/home/Q/pico-sdk/src/rp2_common/pico_double/double_aeabi_dcp.S.obj
                0x10001488                __wrap___aeabi_dsub
 .text.__wrap___aeabi_dmul
                0x100014a8       0x4c CMakeFiles/test_usb_minimal.dir/C_/msys64/home/Q/pico-sdk/src/rp2_common/pico_double/double_aeabi_dcp.S.obj
                0x100014b0                __wrap___aeabi_dmul
 .text.__wrap___aeabi_ddiv
                0x100014f4       0x9c CMakeFiles/test_usb_minimal.dir/C_/msys64/home/Q/pico-sdk/src/rp2_common/pico_double/double_aeabi_dcp.S.obj
                0x100014fc                __wrap___aeabi_ddiv
 .text.__wrap___aeabi_i2d
                0x10001590       0x24 CMakeFiles/test_usb_minimal.dir/C_/msys64/home/Q/pico-sdk/src/rp2_common/pico_double/double_aeabi_dcp.S.obj
                0x10001598                int2double
                0x10001598                __wrap___aeabi_i2d
 .text.__wrap___aeabi_ui2d
                0x100015b4       0x24 CMakeFiles/test_usb_minimal.dir/C_/msys64/home/Q/pico-sdk/src/rp2_common/pico_double/double_aeabi_dcp.S.obj
                0x100015bc                uint2double
                0x100015bc                __wrap___aeabi_ui2d
 .text.__wrap___aeabi_d2iz
                0x100015d8       0x24 CMakeFiles/test_usb_minimal.dir/C_/msys64/home/Q/pico-sdk/src/rp2_common/pico_double/double_aeabi_dcp.S.obj
                0x100015e0                double2int_z
                0x100015e0                __wrap___aeabi_d2iz
 .text.__wrap___aeabi_d2uiz
                0x100015fc       0x24 CMakeFiles/test_usb_minimal.dir/C_/msys64/home/Q/pico-sdk/src/rp2_common/pico_double/double_aeabi_dcp.S.obj
                0x10001604                double2uint
                0x10001604                __wrap___aeabi_d2uiz
                0x10001604                double2uint_z
 .text.__wrap___aeabi_dcmpun
                0x10001620       0x24 CMakeFiles/test_usb_minimal.dir/C_/msys64/home/Q/pico-sdk/src/rp2_common/pico_double/double_aeabi_dcp.S.obj
                0x10001628                __wrap___aeabi_dcmpun
 .text.__wrap___aeabi_dcmplt
                0x10001644       0x28 CMakeFiles/test_usb_minimal.dir/C_/msys64/home/Q/pico-sdk/src/rp2_common/pico_double/double_aeabi_dcp.S.obj
                0x1000164c                __wrap___aeabi_dcmplt
 .text.__wrap___aeabi_dcmple
                0x1000166c       0x28 CMakeFiles/test_usb_minimal.dir/C_/msys64/home/Q/pico-sdk/src/rp2_common/pico_double/double_aeabi_dcp.S.obj
                0x10001674                __wrap___aeabi_dcmple
 .text.__wrap___aeabi_dcmpge
                0x10001694       0x28 CMakeFiles/test_usb_minimal.dir/C_/msys64/home/Q/pico-sdk/src/rp2_common/pico_double/double_aeabi_dcp.S.obj
                0x1000169c                __wrap___aeabi_dcmpge
 .text.__wrap___aeabi_dcmpgt
                0x100016bc       0x28 CMakeFiles/test_usb_minimal.dir/C_/msys64/home/Q/pico-sdk/src/rp2_common/pico_double/double_aeabi_dcp.S.obj
                0x100016c4                __wrap___aeabi_dcmpgt
 .text._out_null
                0x100016e4        0x2 CMakeFiles/test_usb_minimal.dir/C_/msys64/home/Q/pico-sdk/src/rp2_common/pico_printf/printf.c.obj
 .text._out_rev
                0x100016e6       0x88 CMakeFiles/test_usb_minimal.dir/C_/msys64/home/Q/pico-sdk/src/rp2_common/pico_printf/printf.c.obj
 .text._ntoa_format
                0x1000176e      0x114 CMakeFiles/test_usb_minimal.dir/C_/msys64/home/Q/pico-sdk/src/rp2_common/pico_printf/printf.c.obj
 .text._ntoa_long
                0x10001882       0x84 CMakeFiles/test_usb_minimal.dir/C_/msys64/home/Q/pico-sdk/src/rp2_common/pico_printf/printf.c.obj
 .text._ntoa_long_long
                0x10001906       0xa0 CMakeFiles/test_usb_minimal.dir/C_/msys64/home/Q/pico-sdk/src/rp2_common/pico_printf/printf.c.obj
 *fill*         0x100019a6        0x2 
 .text._etoa    0x100019a8      0x388 CMakeFiles/test_usb_minimal.dir/C_/msys64/home/Q/pico-sdk/src/rp2_common/pico_printf/printf.c.obj
 .text._ftoa    0x10001d30      0x324 CMakeFiles/test_usb_minimal.dir/C_/msys64/home/Q/pico-sdk/src/rp2_common/pico_printf/printf.c.obj
 .text._out_char
                0x10002054        0x8 CMakeFiles/test_usb_minimal.dir/C_/msys64/home/Q/pico-sdk/src/rp2_common/pico_printf/printf.c.obj
 .text._out_fct
                0x1000205c        0xa CMakeFiles/test_usb_minimal.dir/C_/msys64/home/Q/pico-sdk/src/rp2_common/pico_printf/printf.c.obj
 *fill*         0x10002066        0x2 
 .text._vsnprintf
                0x10002068      0x524 CMakeFiles/test_usb_minimal.dir/C_/msys64/home/Q/pico-sdk/src/rp2_common/pico_printf/printf.c.obj
 .text.vfctprintf
                0x1000258c       0x20 CMakeFiles/test_usb_minimal.dir/C_/msys64/home/Q/pico-sdk/src/rp2_common/pico_printf/printf.c.obj
                0x1000258c                vfctprintf
 .text.weak_raw_vprintf
                0x100025ac       0x2c CMakeFiles/test_usb_minimal.dir/C_/msys64/home/Q/pico-sdk/src/rp2_common/pico_printf/printf.c.obj
                0x100025ac                weak_raw_vprintf
 .text._exit    0x100025d8        0x4 CMakeFiles/test_usb_minimal.dir/C_/msys64/home/Q/pico-sdk/src/rp2_common/pico_clib_interface/newlib_interface.c.obj
                0x100025d8                _exit
 .text.exit     0x100025dc        0x6 CMakeFiles/test_usb_minimal.dir/C_/msys64/home/Q/pico-sdk/src/rp2_common/pico_clib_interface/newlib_interface.c.obj
                0x100025dc                exit
 *fill*         0x100025e2        0x2 
 .text.runtime_init
                0x100025e4       0x20 CMakeFiles/test_usb_minimal.dir/C_/msys64/home/Q/pico-sdk/src/rp2_common/pico_clib_interface/newlib_interface.c.obj
                0x100025e4                runtime_init
 .text.stdio_out_chars_no_crlf
                0x10002604        0xa CMakeFiles/test_usb_minimal.dir/C_/msys64/home/Q/pico-sdk/src/rp2_common/pico_stdio/stdio.c.obj
 *fill*         0x1000260e        0x2 
 .text.stdio_out_chars_crlf
                0x10002610       0x8c CMakeFiles/test_usb_minimal.dir/C_/msys64/home/Q/pico-sdk/src/rp2_common/pico_stdio/stdio.c.obj
 .text.stdio_stack_buffer_flush.part.0
                0x1000269c       0x34 CMakeFiles/test_usb_minimal.dir/C_/msys64/home/Q/pico-sdk/src/rp2_common/pico_stdio/stdio.c.obj
 .text.stdio_buffered_printer
                0x100026d0       0x1e CMakeFiles/test_usb_minimal.dir/C_/msys64/home/Q/pico-sdk/src/rp2_common/pico_stdio/stdio.c.obj
 *fill*         0x100026ee        0x2 
 .text.stdout_serialize_begin
                0x100026f0       0x38 CMakeFiles/test_usb_minimal.dir/C_/msys64/home/Q/pico-sdk/src/rp2_common/pico_stdio/stdio.c.obj
                0x100026f0                stdout_serialize_begin
 .text.stdout_serialize_end
                0x10002728        0xc CMakeFiles/test_usb_minimal.dir/C_/msys64/home/Q/pico-sdk/src/rp2_common/pico_stdio/stdio.c.obj
                0x10002728                stdout_serialize_end
 .text.stdio_put_string
                0x10002734       0x88 CMakeFiles/test_usb_minimal.dir/C_/msys64/home/Q/pico-sdk/src/rp2_common/pico_stdio/stdio.c.obj
                0x10002734                stdio_put_string
 .text.stdio_set_driver_enabled
                0x100027bc       0x28 CMakeFiles/test_usb_minimal.dir/C_/msys64/home/Q/pico-sdk/src/rp2_common/pico_stdio/stdio.c.obj
                0x100027bc                stdio_set_driver_enabled
 .text.stdio_flush
                0x100027e4       0x18 CMakeFiles/test_usb_minimal.dir/C_/msys64/home/Q/pico-sdk/src/rp2_common/pico_stdio/stdio.c.obj
                0x100027e4                stdio_flush
 .text.stdio_init_all
                0x100027fc        0x4 CMakeFiles/test_usb_minimal.dir/C_/msys64/home/Q/pico-sdk/src/rp2_common/pico_stdio/stdio.c.obj
                0x100027fc                stdio_init_all
 .text.__wrap_putchar
                0x10002800       0x1c CMakeFiles/test_usb_minimal.dir/C_/msys64/home/Q/pico-sdk/src/rp2_common/pico_stdio/stdio.c.obj
                0x10002800                __wrap_putchar
                0x10002800                stdio_putchar
 .text.__wrap_puts
                0x1000281c       0x1e CMakeFiles/test_usb_minimal.dir/C_/msys64/home/Q/pico-sdk/src/rp2_common/pico_stdio/stdio.c.obj
                0x1000281c                stdio_puts
                0x1000281c                __wrap_puts
 *fill*         0x1000283a        0x2 
 .text.__wrap_vprintf
                0x1000283c       0x40 CMakeFiles/test_usb_minimal.dir/C_/msys64/home/Q/pico-sdk/src/rp2_common/pico_stdio/stdio.c.obj
                0x1000283c                stdio_vprintf
                0x1000283c                __wrap_vprintf
 .text.__wrap_printf
                0x1000287c       0x1a CMakeFiles/test_usb_minimal.dir/C_/msys64/home/Q/pico-sdk/src/rp2_common/pico_stdio/stdio.c.obj
                0x1000287c                __wrap_printf
                0x1000287c                stdio_printf
 .text.resetd_init
                0x10002896        0x2 CMakeFiles/test_usb_minimal.dir/C_/msys64/home/Q/pico-sdk/src/rp2_common/pico_stdio_usb/reset_interface.c.obj
 .text.resetd_reset
                0x10002898        0xc CMakeFiles/test_usb_minimal.dir/C_/msys64/home/Q/pico-sdk/src/rp2_common/pico_stdio_usb/reset_interface.c.obj
 .text.resetd_open
                0x100028a4       0x28 CMakeFiles/test_usb_minimal.dir/C_/msys64/home/Q/pico-sdk/src/rp2_common/pico_stdio_usb/reset_interface.c.obj
 .text.resetd_xfer_cb
                0x100028cc        0x4 CMakeFiles/test_usb_minimal.dir/C_/msys64/home/Q/pico-sdk/src/rp2_common/pico_stdio_usb/reset_interface.c.obj
 .text.resetd_control_xfer_cb
                0x100028d0       0x50 CMakeFiles/test_usb_minimal.dir/C_/msys64/home/Q/pico-sdk/src/rp2_common/pico_stdio_usb/reset_interface.c.obj
 .text.tud_descriptor_bos_cb
                0x10002920        0x8 CMakeFiles/test_usb_minimal.dir/C_/msys64/home/Q/pico-sdk/src/rp2_common/pico_stdio_usb/reset_interface.c.obj
                0x10002920                tud_descriptor_bos_cb
 .text.tud_vendor_control_xfer_cb
                0x10002928       0x28 CMakeFiles/test_usb_minimal.dir/C_/msys64/home/Q/pico-sdk/src/rp2_common/pico_stdio_usb/reset_interface.c.obj
                0x10002928                tud_vendor_control_xfer_cb
 .text.usbd_app_driver_get_cb
                0x10002950        0xc CMakeFiles/test_usb_minimal.dir/C_/msys64/home/Q/pico-sdk/src/rp2_common/pico_stdio_usb/reset_interface.c.obj
                0x10002950                usbd_app_driver_get_cb
 .text.tud_cdc_line_coding_cb
                0x1000295c       0x18 CMakeFiles/test_usb_minimal.dir/C_/msys64/home/Q/pico-sdk/src/rp2_common/pico_stdio_usb/reset_interface.c.obj
                0x1000295c                tud_cdc_line_coding_cb
 .text.stdio_usb_set_chars_available_callback
                0x10002974       0x14 CMakeFiles/test_usb_minimal.dir/C_/msys64/home/Q/pico-sdk/src/rp2_common/pico_stdio_usb/stdio_usb.c.obj
                0x10002974                stdio_usb_set_chars_available_callback
 .text.timer_task
                0x10002988       0x68 CMakeFiles/test_usb_minimal.dir/C_/msys64/home/Q/pico-sdk/src/rp2_common/pico_stdio_usb/stdio_usb.c.obj
 .text.usb_irq  0x100029f0        0xc CMakeFiles/test_usb_minimal.dir/C_/msys64/home/Q/pico-sdk/src/rp2_common/pico_stdio_usb/stdio_usb.c.obj
 .text.stdio_usb_out_flush
                0x100029fc       0x54 CMakeFiles/test_usb_minimal.dir/C_/msys64/home/Q/pico-sdk/src/rp2_common/pico_stdio_usb/stdio_usb.c.obj
 .text.low_priority_worker_irq
                0x10002a50       0xd0 CMakeFiles/test_usb_minimal.dir/C_/msys64/home/Q/pico-sdk/src/rp2_common/pico_stdio_usb/stdio_usb.c.obj
 .text.stdio_usb_init
                0x10002b20       0xdc CMakeFiles/test_usb_minimal.dir/C_/msys64/home/Q/pico-sdk/src/rp2_common/pico_stdio_usb/stdio_usb.c.obj
                0x10002b20                stdio_usb_init
 .text.stdio_usb_connected
                0x10002bfc        0x6 CMakeFiles/test_usb_minimal.dir/C_/msys64/home/Q/pico-sdk/src/rp2_common/pico_stdio_usb/stdio_usb.c.obj
                0x10002bfc                stdio_usb_connected
 *fill*         0x10002c02        0x2 
 .text.stdio_usb_in_chars
                0x10002c04       0x84 CMakeFiles/test_usb_minimal.dir/C_/msys64/home/Q/pico-sdk/src/rp2_common/pico_stdio_usb/stdio_usb.c.obj
                0x10002c04                stdio_usb_in_chars
 .text.stdio_usb_out_chars
                0x10002c88       0xe4 CMakeFiles/test_usb_minimal.dir/C_/msys64/home/Q/pico-sdk/src/rp2_common/pico_stdio_usb/stdio_usb.c.obj
 .text.tud_descriptor_device_cb
                0x10002d6c        0x8 CMakeFiles/test_usb_minimal.dir/C_/msys64/home/Q/pico-sdk/src/rp2_common/pico_stdio_usb/stdio_usb_descriptors.c.obj
                0x10002d6c                tud_descriptor_device_cb
 .text.tud_descriptor_configuration_cb
                0x10002d74        0x8 CMakeFiles/test_usb_minimal.dir/C_/msys64/home/Q/pico-sdk/src/rp2_common/pico_stdio_usb/stdio_usb_descriptors.c.obj
                0x10002d74                tud_descriptor_configuration_cb
 .text.tud_descriptor_string_cb
                0x10002d7c       0x60 CMakeFiles/test_usb_minimal.dir/C_/msys64/home/Q/pico-sdk/src/rp2_common/pico_stdio_usb/stdio_usb_descriptors.c.obj
                0x10002d7c                tud_descriptor_string_cb
 .text.startup._retrieve_unique_id_on_boot
                0x10002ddc       0x34 CMakeFiles/test_usb_minimal.dir/C_/msys64/home/Q/pico-sdk/src/rp2_common/pico_unique_id/unique_id.c.obj
 .text.pico_get_unique_board_id_string
                0x10002e10       0x3c CMakeFiles/test_usb_minimal.dir/C_/msys64/home/Q/pico-sdk/src/rp2_common/pico_unique_id/unique_id.c.obj
                0x10002e10                pico_get_unique_board_id_string
 .text.hw_endpoint_init
                0x10002e4c       0x80 CMakeFiles/test_usb_minimal.dir/C_/msys64/home/Q/pico-sdk/lib/tinyusb/src/portable/raspberrypi/rp2040/dcd_rp2040.c.obj
 .text.hw_endpoint_alloc.isra.0
                0x10002ecc       0x30 CMakeFiles/test_usb_minimal.dir/C_/msys64/home/Q/pico-sdk/lib/tinyusb/src/portable/raspberrypi/rp2040/dcd_rp2040.c.obj
 .text.dcd_init
                0x10002efc       0x68 CMakeFiles/test_usb_minimal.dir/C_/msys64/home/Q/pico-sdk/lib/tinyusb/src/portable/raspberrypi/rp2040/dcd_rp2040.c.obj
                0x10002efc                dcd_init
 .text.dcd_int_enable
                0x10002f64        0x8 CMakeFiles/test_usb_minimal.dir/C_/msys64/home/Q/pico-sdk/lib/tinyusb/src/portable/raspberrypi/rp2040/dcd_rp2040.c.obj
                0x10002f64                dcd_int_enable
 .text.dcd_set_address
                0x10002f6c       0x10 CMakeFiles/test_usb_minimal.dir/C_/msys64/home/Q/pico-sdk/lib/tinyusb/src/portable/raspberrypi/rp2040/dcd_rp2040.c.obj
                0x10002f6c                dcd_set_address
 .text.dcd_sof_enable
                0x10002f7c       0x1c CMakeFiles/test_usb_minimal.dir/C_/msys64/home/Q/pico-sdk/lib/tinyusb/src/portable/raspberrypi/rp2040/dcd_rp2040.c.obj
                0x10002f7c                dcd_sof_enable
 .text.dcd_edpt0_status_complete
                0x10002f98       0x1c CMakeFiles/test_usb_minimal.dir/C_/msys64/home/Q/pico-sdk/lib/tinyusb/src/portable/raspberrypi/rp2040/dcd_rp2040.c.obj
                0x10002f98                dcd_edpt0_status_complete
 .text.dcd_edpt_open
                0x10002fb4       0x5c CMakeFiles/test_usb_minimal.dir/C_/msys64/home/Q/pico-sdk/lib/tinyusb/src/portable/raspberrypi/rp2040/dcd_rp2040.c.obj
                0x10002fb4                dcd_edpt_open
 .text.dcd_edpt_close_all
                0x10003010        0x4 CMakeFiles/test_usb_minimal.dir/C_/msys64/home/Q/pico-sdk/lib/tinyusb/src/portable/raspberrypi/rp2040/dcd_rp2040.c.obj
                0x10003010                dcd_edpt_close_all
 .text.dcd_edpt_xfer
                0x10003014       0x24 CMakeFiles/test_usb_minimal.dir/C_/msys64/home/Q/pico-sdk/lib/tinyusb/src/portable/raspberrypi/rp2040/dcd_rp2040.c.obj
                0x10003014                dcd_edpt_xfer
 .text.dcd_edpt_stall
                0x10003038       0x2c CMakeFiles/test_usb_minimal.dir/C_/msys64/home/Q/pico-sdk/lib/tinyusb/src/portable/raspberrypi/rp2040/dcd_rp2040.c.obj
                0x10003038                dcd_edpt_stall
 .text.dcd_edpt_clear_stall
                0x10003064       0x2c CMakeFiles/test_usb_minimal.dir/C_/msys64/home/Q/pico-sdk/lib/tinyusb/src/portable/raspberrypi/rp2040/dcd_rp2040.c.obj
                0x10003064                dcd_edpt_clear_stall
 .text.rp2040_usb_init
                0x10003090       0x40 CMakeFiles/test_usb_minimal.dir/C_/msys64/home/Q/pico-sdk/lib/tinyusb/src/portable/raspberrypi/rp2040/rp2040_usb.c.obj
                0x10003090                rp2040_usb_init
 .text.hw_endpoint_xfer_start
                0x100030d0       0x3c CMakeFiles/test_usb_minimal.dir/C_/msys64/home/Q/pico-sdk/lib/tinyusb/src/portable/raspberrypi/rp2040/rp2040_usb.c.obj
                0x100030d0                hw_endpoint_xfer_start
 .text.configuration_reset
                0x1000310c       0x88 CMakeFiles/test_usb_minimal.dir/C_/msys64/home/Q/pico-sdk/lib/tinyusb/src/device/usbd.c.obj
 .text.invoke_class_control
                0x10003194       0x1c CMakeFiles/test_usb_minimal.dir/C_/msys64/home/Q/pico-sdk/lib/tinyusb/src/device/usbd.c.obj
 .text.tud_event_hook_cb
                0x100031b0        0x2 CMakeFiles/test_usb_minimal.dir/C_/msys64/home/Q/pico-sdk/lib/tinyusb/src/device/usbd.c.obj
                0x100031b0                tud_event_hook_cb
 .text.tud_sof_cb
                0x100031b2        0x2 CMakeFiles/test_usb_minimal.dir/C_/msys64/home/Q/pico-sdk/lib/tinyusb/src/device/usbd.c.obj
                0x100031b2                tud_sof_cb
 .text.tud_descriptor_device_qualifier_cb
                0x100031b4        0x4 CMakeFiles/test_usb_minimal.dir/C_/msys64/home/Q/pico-sdk/lib/tinyusb/src/device/usbd.c.obj
                0x100031b4                tud_descriptor_device_qualifier_cb
 .text.tud_descriptor_other_speed_configuration_cb
                0x100031b8        0x4 CMakeFiles/test_usb_minimal.dir/C_/msys64/home/Q/pico-sdk/lib/tinyusb/src/device/usbd.c.obj
                0x100031b8                tud_descriptor_other_speed_configuration_cb
 .text.tud_mount_cb
                0x100031bc        0x2 CMakeFiles/test_usb_minimal.dir/C_/msys64/home/Q/pico-sdk/lib/tinyusb/src/device/usbd.c.obj
                0x100031bc                tud_mount_cb
 .text.tud_umount_cb
                0x100031be        0x2 CMakeFiles/test_usb_minimal.dir/C_/msys64/home/Q/pico-sdk/lib/tinyusb/src/device/usbd.c.obj
                0x100031be                tud_umount_cb
 .text.tud_suspend_cb
                0x100031c0        0x2 CMakeFiles/test_usb_minimal.dir/C_/msys64/home/Q/pico-sdk/lib/tinyusb/src/device/usbd.c.obj
                0x100031c0                tud_suspend_cb
 .text.tud_resume_cb
                0x100031c2        0x2 CMakeFiles/test_usb_minimal.dir/C_/msys64/home/Q/pico-sdk/lib/tinyusb/src/device/usbd.c.obj
                0x100031c2                tud_resume_cb
 .text.tud_mounted
                0x100031c4       0x10 CMakeFiles/test_usb_minimal.dir/C_/msys64/home/Q/pico-sdk/lib/tinyusb/src/device/usbd.c.obj
                0x100031c4                tud_mounted
 .text.tud_suspended
                0x100031d4       0x10 CMakeFiles/test_usb_minimal.dir/C_/msys64/home/Q/pico-sdk/lib/tinyusb/src/device/usbd.c.obj
                0x100031d4                tud_suspended
 .text.tud_rhport_init
                0x100031e4       0xec CMakeFiles/test_usb_minimal.dir/C_/msys64/home/Q/pico-sdk/lib/tinyusb/src/device/usbd.c.obj
                0x100031e4                tud_rhport_init
 .text.usbd_edpt_open
                0x100032d0       0x44 CMakeFiles/test_usb_minimal.dir/C_/msys64/home/Q/pico-sdk/lib/tinyusb/src/device/usbd.c.obj
                0x100032d0                usbd_edpt_open
 .text.usbd_open_edpt_pair
                0x10003314       0x5c CMakeFiles/test_usb_minimal.dir/C_/msys64/home/Q/pico-sdk/lib/tinyusb/src/device/usbd.c.obj
                0x10003314                usbd_open_edpt_pair
 .text.usbd_edpt_claim
                0x10003370       0x20 CMakeFiles/test_usb_minimal.dir/C_/msys64/home/Q/pico-sdk/lib/tinyusb/src/device/usbd.c.obj
                0x10003370                usbd_edpt_claim
 .text.usbd_edpt_release
                0x10003390       0x20 CMakeFiles/test_usb_minimal.dir/C_/msys64/home/Q/pico-sdk/lib/tinyusb/src/device/usbd.c.obj
                0x10003390                usbd_edpt_release
 .text.usbd_edpt_xfer
                0x100033b0       0x5c CMakeFiles/test_usb_minimal.dir/C_/msys64/home/Q/pico-sdk/lib/tinyusb/src/device/usbd.c.obj
                0x100033b0                usbd_edpt_xfer
 .text.usbd_edpt_stall
                0x1000340c       0x3c CMakeFiles/test_usb_minimal.dir/C_/msys64/home/Q/pico-sdk/lib/tinyusb/src/device/usbd.c.obj
                0x1000340c                usbd_edpt_stall
 .text.usbd_edpt_clear_stall
                0x10003448       0x3c CMakeFiles/test_usb_minimal.dir/C_/msys64/home/Q/pico-sdk/lib/tinyusb/src/device/usbd.c.obj
                0x10003448                usbd_edpt_clear_stall
 .text.usbd_edpt_stalled
                0x10003484       0x1c CMakeFiles/test_usb_minimal.dir/C_/msys64/home/Q/pico-sdk/lib/tinyusb/src/device/usbd.c.obj
                0x10003484                usbd_edpt_stalled
 .text.tud_task_ext
                0x100034a0      0x67c CMakeFiles/test_usb_minimal.dir/C_/msys64/home/Q/pico-sdk/lib/tinyusb/src/device/usbd.c.obj
                0x100034a0                tud_task_ext
 .text.data_stage_xact
                0x10003b1c       0x54 CMakeFiles/test_usb_minimal.dir/C_/msys64/home/Q/pico-sdk/lib/tinyusb/src/device/usbd_control.c.obj
 .text.status_stage_xact.isra.0
                0x10003b70        0xe CMakeFiles/test_usb_minimal.dir/C_/msys64/home/Q/pico-sdk/lib/tinyusb/src/device/usbd_control.c.obj
 *fill*         0x10003b7e        0x2 
 .text.tud_control_status
                0x10003b80       0x24 CMakeFiles/test_usb_minimal.dir/C_/msys64/home/Q/pico-sdk/lib/tinyusb/src/device/usbd_control.c.obj
                0x10003b80                tud_control_status
 .text.tud_control_xfer
                0x10003ba4       0x54 CMakeFiles/test_usb_minimal.dir/C_/msys64/home/Q/pico-sdk/lib/tinyusb/src/device/usbd_control.c.obj
                0x10003ba4                tud_control_xfer
 .text.usbd_control_reset
                0x10003bf8       0x10 CMakeFiles/test_usb_minimal.dir/C_/msys64/home/Q/pico-sdk/lib/tinyusb/src/device/usbd_control.c.obj
                0x10003bf8                usbd_control_reset
 .text.usbd_control_set_complete_callback
                0x10003c08        0xc CMakeFiles/test_usb_minimal.dir/C_/msys64/home/Q/pico-sdk/lib/tinyusb/src/device/usbd_control.c.obj
                0x10003c08                usbd_control_set_complete_callback
 .text.usbd_control_set_request
                0x10003c14       0x1c CMakeFiles/test_usb_minimal.dir/C_/msys64/home/Q/pico-sdk/lib/tinyusb/src/device/usbd_control.c.obj
                0x10003c14                usbd_control_set_request
 .text.usbd_control_xfer_cb
                0x10003c30       0xac CMakeFiles/test_usb_minimal.dir/C_/msys64/home/Q/pico-sdk/lib/tinyusb/src/device/usbd_control.c.obj
                0x10003c30                usbd_control_xfer_cb
 .text._prep_out_transaction.isra.0
                0x10003cdc       0x70 CMakeFiles/test_usb_minimal.dir/C_/msys64/home/Q/pico-sdk/lib/tinyusb/src/class/cdc/cdc_device.c.obj
 .text.tud_cdc_n_connected
                0x10003d4c       0x2c CMakeFiles/test_usb_minimal.dir/C_/msys64/home/Q/pico-sdk/lib/tinyusb/src/class/cdc/cdc_device.c.obj
                0x10003d4c                tud_cdc_n_connected
 .text.tud_cdc_n_available
                0x10003d78       0x18 CMakeFiles/test_usb_minimal.dir/C_/msys64/home/Q/pico-sdk/lib/tinyusb/src/class/cdc/cdc_device.c.obj
                0x10003d78                tud_cdc_n_available
 .text.tud_cdc_n_read
                0x10003d90       0x30 CMakeFiles/test_usb_minimal.dir/C_/msys64/home/Q/pico-sdk/lib/tinyusb/src/class/cdc/cdc_device.c.obj
                0x10003d90                tud_cdc_n_read
 .text.tud_cdc_n_write_flush
                0x10003dc0       0x84 CMakeFiles/test_usb_minimal.dir/C_/msys64/home/Q/pico-sdk/lib/tinyusb/src/class/cdc/cdc_device.c.obj
                0x10003dc0                tud_cdc_n_write_flush
 .text.tud_cdc_n_write
                0x10003e44       0x3c CMakeFiles/test_usb_minimal.dir/C_/msys64/home/Q/pico-sdk/lib/tinyusb/src/class/cdc/cdc_device.c.obj
                0x10003e44                tud_cdc_n_write
 .text.tud_cdc_n_write_available
                0x10003e80       0x18 CMakeFiles/test_usb_minimal.dir/C_/msys64/home/Q/pico-sdk/lib/tinyusb/src/class/cdc/cdc_device.c.obj
                0x10003e80                tud_cdc_n_write_available
 .text.cdcd_init
                0x10003e98       0x74 CMakeFiles/test_usb_minimal.dir/C_/msys64/home/Q/pico-sdk/lib/tinyusb/src/class/cdc/cdc_device.c.obj
                0x10003e98                cdcd_init
 .text.cdcd_deinit
                0x10003f0c       0x30 CMakeFiles/test_usb_minimal.dir/C_/msys64/home/Q/pico-sdk/lib/tinyusb/src/class/cdc/cdc_device.c.obj
                0x10003f0c                cdcd_deinit
 .text.cdcd_reset
                0x10003f3c       0x3c CMakeFiles/test_usb_minimal.dir/C_/msys64/home/Q/pico-sdk/lib/tinyusb/src/class/cdc/cdc_device.c.obj
                0x10003f3c                cdcd_reset
 .text.cdcd_open
                0x10003f78       0xa4 CMakeFiles/test_usb_minimal.dir/C_/msys64/home/Q/pico-sdk/lib/tinyusb/src/class/cdc/cdc_device.c.obj
                0x10003f78                cdcd_open
 .text.cdcd_control_xfer_cb
                0x1000401c       0xbc CMakeFiles/test_usb_minimal.dir/C_/msys64/home/Q/pico-sdk/lib/tinyusb/src/class/cdc/cdc_device.c.obj
                0x1000401c                cdcd_control_xfer_cb
 .text.cdcd_xfer_cb
                0x100040d8       0xf0 CMakeFiles/test_usb_minimal.dir/C_/msys64/home/Q/pico-sdk/lib/tinyusb/src/class/cdc/cdc_device.c.obj
                0x100040d8                cdcd_xfer_cb
 .text.vendord_init
                0x100041c8       0x5c CMakeFiles/test_usb_minimal.dir/C_/msys64/home/Q/pico-sdk/lib/tinyusb/src/class/vendor/vendor_device.c.obj
                0x100041c8                vendord_init
 .text.vendord_deinit
                0x10004224       0x1c CMakeFiles/test_usb_minimal.dir/C_/msys64/home/Q/pico-sdk/lib/tinyusb/src/class/vendor/vendor_device.c.obj
                0x10004224                vendord_deinit
 .text.vendord_reset
                0x10004240       0x24 CMakeFiles/test_usb_minimal.dir/C_/msys64/home/Q/pico-sdk/lib/tinyusb/src/class/vendor/vendor_device.c.obj
                0x10004240                vendord_reset
 .text.vendord_open
                0x10004264       0xec CMakeFiles/test_usb_minimal.dir/C_/msys64/home/Q/pico-sdk/lib/tinyusb/src/class/vendor/vendor_device.c.obj
                0x10004264                vendord_open
 .text.vendord_xfer_cb
                0x10004350       0x88 CMakeFiles/test_usb_minimal.dir/C_/msys64/home/Q/pico-sdk/lib/tinyusb/src/class/vendor/vendor_device.c.obj
                0x10004350                vendord_xfer_cb
 .text.tusb_rhport_init
                0x100043d8       0x64 CMakeFiles/test_usb_minimal.dir/C_/msys64/home/Q/pico-sdk/lib/tinyusb/src/tusb.c.obj
                0x100043d8                tusb_rhport_init
 .text.tu_edpt_claim
                0x1000443c       0x4c CMakeFiles/test_usb_minimal.dir/C_/msys64/home/Q/pico-sdk/lib/tinyusb/src/tusb.c.obj
                0x1000443c                tu_edpt_claim
 .text.tu_edpt_release
                0x10004488       0x36 CMakeFiles/test_usb_minimal.dir/C_/msys64/home/Q/pico-sdk/lib/tinyusb/src/tusb.c.obj
                0x10004488                tu_edpt_release
 .text.tu_edpt_validate
                0x100044be       0x5e CMakeFiles/test_usb_minimal.dir/C_/msys64/home/Q/pico-sdk/lib/tinyusb/src/tusb.c.obj
                0x100044be                tu_edpt_validate
 .text.tu_edpt_bind_driver
                0x1000451c       0x24 CMakeFiles/test_usb_minimal.dir/C_/msys64/home/Q/pico-sdk/lib/tinyusb/src/tusb.c.obj
                0x1000451c                tu_edpt_bind_driver
 .text.tu_edpt_stream_init
                0x10004540       0x4a CMakeFiles/test_usb_minimal.dir/C_/msys64/home/Q/pico-sdk/lib/tinyusb/src/tusb.c.obj
                0x10004540                tu_edpt_stream_init
 .text.tu_edpt_stream_deinit
                0x1000458a        0x4 CMakeFiles/test_usb_minimal.dir/C_/msys64/home/Q/pico-sdk/lib/tinyusb/src/tusb.c.obj
                0x1000458a                tu_edpt_stream_deinit
 .text.tu_edpt_stream_write_zlp_if_needed
                0x1000458e       0x68 CMakeFiles/test_usb_minimal.dir/C_/msys64/home/Q/pico-sdk/lib/tinyusb/src/tusb.c.obj
                0x1000458e                tu_edpt_stream_write_zlp_if_needed
 .text.tu_edpt_stream_write_xfer
                0x100045f6       0x6c CMakeFiles/test_usb_minimal.dir/C_/msys64/home/Q/pico-sdk/lib/tinyusb/src/tusb.c.obj
                0x100045f6                tu_edpt_stream_write_xfer
 .text.tu_edpt_stream_read_xfer
                0x10004662       0xbc CMakeFiles/test_usb_minimal.dir/C_/msys64/home/Q/pico-sdk/lib/tinyusb/src/tusb.c.obj
                0x10004662                tu_edpt_stream_read_xfer
 .text.advance_index
                0x1000471e       0x18 CMakeFiles/test_usb_minimal.dir/C_/msys64/home/Q/pico-sdk/lib/tinyusb/src/common/tusb_fifo.c.obj
 .text._tu_fifo_peek
                0x10004736       0x4a CMakeFiles/test_usb_minimal.dir/C_/msys64/home/Q/pico-sdk/lib/tinyusb/src/common/tusb_fifo.c.obj
 .text._tu_fifo_peek_n.constprop.0
                0x10004780       0x8a CMakeFiles/test_usb_minimal.dir/C_/msys64/home/Q/pico-sdk/lib/tinyusb/src/common/tusb_fifo.c.obj
 .text.tu_fifo_config
                0x1000480a       0x5a CMakeFiles/test_usb_minimal.dir/C_/msys64/home/Q/pico-sdk/lib/tinyusb/src/common/tusb_fifo.c.obj
                0x1000480a                tu_fifo_config
 .text.tu_fifo_count
                0x10004864       0x22 CMakeFiles/test_usb_minimal.dir/C_/msys64/home/Q/pico-sdk/lib/tinyusb/src/common/tusb_fifo.c.obj
                0x10004864                tu_fifo_count
 .text.tu_fifo_empty
                0x10004886       0x10 CMakeFiles/test_usb_minimal.dir/C_/msys64/home/Q/pico-sdk/lib/tinyusb/src/common/tusb_fifo.c.obj
                0x10004886                tu_fifo_empty
 .text.tu_fifo_full
                0x10004896       0x22 CMakeFiles/test_usb_minimal.dir/C_/msys64/home/Q/pico-sdk/lib/tinyusb/src/common/tusb_fifo.c.obj
                0x10004896                tu_fifo_full
 .text.tu_fifo_remaining
                0x100048b8       0x24 CMakeFiles/test_usb_minimal.dir/C_/msys64/home/Q/pico-sdk/lib/tinyusb/src/common/tusb_fifo.c.obj
                0x100048b8                tu_fifo_remaining
 .text.tu_fifo_read
                0x100048dc       0x3e CMakeFiles/test_usb_minimal.dir/C_/msys64/home/Q/pico-sdk/lib/tinyusb/src/common/tusb_fifo.c.obj
                0x100048dc                tu_fifo_read
 .text.tu_fifo_read_n
                0x1000491a       0x46 CMakeFiles/test_usb_minimal.dir/C_/msys64/home/Q/pico-sdk/lib/tinyusb/src/common/tusb_fifo.c.obj
                0x1000491a                tu_fifo_read_n
 .text.tu_fifo_write
                0x10004960       0x5e CMakeFiles/test_usb_minimal.dir/C_/msys64/home/Q/pico-sdk/lib/tinyusb/src/common/tusb_fifo.c.obj
                0x10004960                tu_fifo_write
 .text.tu_fifo_write_n
                0x100049be      0x104 CMakeFiles/test_usb_minimal.dir/C_/msys64/home/Q/pico-sdk/lib/tinyusb/src/common/tusb_fifo.c.obj
                0x100049be                tu_fifo_write_n
 .text.tu_fifo_clear
                0x10004ac2       0x36 CMakeFiles/test_usb_minimal.dir/C_/msys64/home/Q/pico-sdk/lib/tinyusb/src/common/tusb_fifo.c.obj
                0x10004ac2                tu_fifo_clear
 .text.tu_fifo_set_overwritable
                0x10004af8       0x3a CMakeFiles/test_usb_minimal.dir/C_/msys64/home/Q/pico-sdk/lib/tinyusb/src/common/tusb_fifo.c.obj
                0x10004af8                tu_fifo_set_overwritable
 *fill*         0x10004b32        0x2 
 .text          0x10004b34        0xc C:/msys64/mingw64/bin/../lib/gcc/arm-none-eabi/13.3.0/../../../../arm-none-eabi/lib/thumb/v8-m.main+fp/softfp\libg.a(libc_a-atexit.o)
                0x10004b34                atexit
 .text          0x10004b40       0xa8 C:/msys64/mingw64/bin/../lib/gcc/arm-none-eabi/13.3.0/../../../../arm-none-eabi/lib/thumb/v8-m.main+fp/softfp\libg.a(libc_a-memset.o)
                0x10004b40                memset
 .text          0x10004be8       0x28 C:/msys64/mingw64/bin/../lib/gcc/arm-none-eabi/13.3.0/../../../../arm-none-eabi/lib/thumb/v8-m.main+fp/softfp\libg.a(libc_a-fini.o)
                0x10004be8                __libc_fini_array
 .text          0x10004c10       0x28 C:/msys64/mingw64/bin/../lib/gcc/arm-none-eabi/13.3.0/../../../../arm-none-eabi/lib/thumb/v8-m.main+fp/softfp\libg.a(libc_a-lock.o)
                0x10004c10                __retarget_lock_init
                0x10004c14                __retarget_lock_init_recursive
                0x10004c18                __retarget_lock_close
                0x10004c1c                __retarget_lock_close_recursive
                0x10004c20                __retarget_lock_acquire
                0x10004c24                __retarget_lock_acquire_recursive
                0x10004c28                __retarget_lock_try_acquire
                0x10004c2c                __retarget_lock_try_acquire_recursive
                0x10004c30                __retarget_lock_release
                0x10004c34                __retarget_lock_release_recursive
 .text          0x10004c38       0xec C:/msys64/mingw64/bin/../lib/gcc/arm-none-eabi/13.3.0/../../../../arm-none-eabi/lib/thumb/v8-m.main+fp/softfp\libg.a(libc_a-memcpy.o)
                0x10004c38                memcpy
 .text          0x10004d24       0x5c C:/msys64/mingw64/bin/../lib/gcc/arm-none-eabi/13.3.0/../../../../arm-none-eabi/lib/thumb/v8-m.main+fp/softfp\libg.a(libc_a-strlen-stub.o)
                0x10004d24                strlen
 .text          0x10004d80       0x84 C:/msys64/mingw64/bin/../lib/gcc/arm-none-eabi/13.3.0/../../../../arm-none-eabi/lib/thumb/v8-m.main+fp/softfp\libg.a(libc_a-__atexit.o)
                0x10004d80                __register_exitproc
 .text.startup  0x10004e04       0x14 C:/msys64/mingw64/bin/../lib/gcc/arm-none-eabi/13.3.0/../../../../arm-none-eabi/lib/thumb/v8-m.main+fp/softfp\libg.a(libc_a-__call_atexit.o)
 *(.fini)
 .fini          0x10004e18        0x4 C:/msys64/mingw64/bin/../lib/gcc/arm-none-eabi/13.3.0/thumb/v8-m.main+fp/softfp/crti.o
                0x10004e18                _fini
 *fill*         0x10004e1c        0x4 
 .fini.__stub   0x10004e20       0x50 linker stubs
 *crtbegin.o(.ctors)
 *crtbegin?.o(.ctors)
 *(EXCLUDE_FILE(*crtend.o *crtend?.o) .ctors)
 *(SORT_BY_NAME(.ctors.*))
 *(.ctors)
 *crtbegin.o(.dtors)
 *crtbegin?.o(.dtors)
 *(EXCLUDE_FILE(*crtend.o *crtend?.o) .dtors)
 *(SORT_BY_NAME(.dtors.*))
 *(.dtors)
                0x10004e70                        . = ALIGN (0x4)
                0x10004e70                        PROVIDE (__preinit_array_start = .)
 *(SORT_BY_NAME(.preinit_array.*))
 .preinit_array.00050
                0x10004e70        0x4 CMakeFiles/test_usb_minimal.dir/C_/msys64/home/Q/pico-sdk/src/rp2_common/pico_runtime_init/runtime_init.c.obj
                0x10004e70                __pre_init_runtime_init_bootrom_reset
 .preinit_array.00100
                0x10004e74        0x4 CMakeFiles/test_usb_minimal.dir/C_/msys64/home/Q/pico-sdk/src/rp2_common/pico_runtime_init/runtime_init.c.obj
                0x10004e74                __pre_init_runtime_init_early_resets
 .preinit_array.00101
                0x10004e78        0x4 CMakeFiles/test_usb_minimal.dir/C_/msys64/home/Q/pico-sdk/src/rp2_common/pico_runtime_init/runtime_init.c.obj
                0x10004e78                __pre_init_runtime_init_usb_power_down
 .preinit_array.00500
                0x10004e7c        0x4 CMakeFiles/test_usb_minimal.dir/C_/msys64/home/Q/pico-sdk/src/rp2_common/pico_runtime_init/runtime_init.c.obj
                0x10004e7c                __pre_init_runtime_init_clocks
 .preinit_array.00600
                0x10004e80        0x4 CMakeFiles/test_usb_minimal.dir/C_/msys64/home/Q/pico-sdk/src/rp2_common/pico_runtime_init/runtime_init.c.obj
                0x10004e80                __pre_init_runtime_init_post_clock_resets
 .preinit_array.01000
                0x10004e84        0x4 CMakeFiles/test_usb_minimal.dir/C_/msys64/home/Q/pico-sdk/src/rp2_common/hardware_boot_lock/boot_lock.c.obj
                0x10004e84                __pre_init_runtime_init_boot_locks_reset
 .preinit_array.01000
                0x10004e88        0x4 CMakeFiles/test_usb_minimal.dir/C_/msys64/home/Q/pico-sdk/src/rp2_common/pico_runtime_init/runtime_init.c.obj
                0x10004e88                __pre_init_runtime_init_spin_locks_reset
 .preinit_array.01010
                0x10004e8c        0x4 CMakeFiles/test_usb_minimal.dir/C_/msys64/home/Q/pico-sdk/src/rp2_common/pico_bootrom/bootrom_lock.c.obj
                0x10004e8c                __pre_init_runtime_init_bootrom_locking_enable
 .preinit_array.01100
                0x10004e90        0x4 CMakeFiles/test_usb_minimal.dir/C_/msys64/home/Q/pico-sdk/src/common/pico_sync/mutex.c.obj
                0x10004e90                __pre_init_runtime_init_mutex
 .preinit_array.10080
                0x10004e94        0x4 CMakeFiles/test_usb_minimal.dir/C_/msys64/home/Q/pico-sdk/src/rp2_common/pico_runtime_init/runtime_init.c.obj
                0x10004e94                __pre_init_runtime_init_install_ram_vector_table
 .preinit_array.11000
                0x10004e98        0x4 CMakeFiles/test_usb_minimal.dir/C_/msys64/home/Q/pico-sdk/src/common/pico_time/time.c.obj
                0x10004e98                __pre_init_runtime_init_default_alarm_pool
 .preinit_array.YYYYY
                0x10004e9c        0x4 CMakeFiles/test_usb_minimal.dir/C_/msys64/home/Q/pico-sdk/src/rp2_common/pico_runtime/runtime.c.obj
                0x10004e9c                __pre_init_first_per_core_initializer
 .preinit_array.ZZZZZ.00051
                0x10004ea0        0x4 CMakeFiles/test_usb_minimal.dir/C_/msys64/home/Q/pico-sdk/src/rp2_common/pico_runtime_init/runtime_init.c.obj
                0x10004ea0                __pre_init_runtime_init_per_core_bootrom_reset
 .preinit_array.ZZZZZ.00200
                0x10004ea4        0x4 CMakeFiles/test_usb_minimal.dir/C_/msys64/home/Q/pico-sdk/src/rp2_common/pico_runtime_init/runtime_init.c.obj
                0x10004ea4                __pre_init_runtime_init_per_core_enable_coprocessors
 .preinit_array.ZZZZZ.01000
                0x10004ea8        0x4 CMakeFiles/test_usb_minimal.dir/C_/msys64/home/Q/pico-sdk/src/rp2_common/hardware_sync_spin_lock/sync_spin_lock.c.obj
                0x10004ea8                __pre_init_spinlock_set_extexclall
 .preinit_array.ZZZZZ.01200
                0x10004eac        0x4 CMakeFiles/test_usb_minimal.dir/C_/msys64/home/Q/pico-sdk/src/rp2_common/hardware_irq/irq.c.obj
                0x10004eac                __pre_init_runtime_init_per_core_irq_priorities
 *(.preinit_array)
                0x10004eb0                        PROVIDE (__preinit_array_end = .)
                0x10004eb0                        . = ALIGN (0x4)
                0x10004eb0                        PROVIDE (__init_array_start = .)
 *(SORT_BY_NAME(.init_array.*))
 .init_array.00000
                0x10004eb0        0x4 C:/msys64/mingw64/bin/../lib/gcc/arm-none-eabi/13.3.0/../../../../arm-none-eabi/lib/thumb/v8-m.main+fp/softfp\libg.a(libc_a-__call_atexit.o)
 .init_array.01000
                0x10004eb4        0x4 CMakeFiles/test_usb_minimal.dir/C_/msys64/home/Q/pico-sdk/src/rp2_common/pico_unique_id/unique_id.c.obj
 *(.init_array)
 .init_array    0x10004eb8        0x4 C:/msys64/mingw64/bin/../lib/gcc/arm-none-eabi/13.3.0/thumb/v8-m.main+fp/softfp/crtbegin.o
                0x10004ebc                        PROVIDE (__init_array_end = .)
                0x10004ebc                        . = ALIGN (0x4)
                0x10004ebc                        PROVIDE (__fini_array_start = .)
 *(SORT_BY_NAME(.fini_array.*))
 *(.fini_array)
                0x10004ebc                        PROVIDE (__fini_array_end = .)
 *(.eh_frame*)
 .eh_frame      0x10004ebc        0x0 C:/msys64/mingw64/bin/../lib/gcc/arm-none-eabi/13.3.0/thumb/v8-m.main+fp/softfp/crtbegin.o
                0x10004ebc                        . = ALIGN (0x4)

.glue_7         0x10004ebc        0x0
 .glue_7        0x10004ebc        0x0 linker stubs

.glue_7t        0x10004ebc        0x0
 .glue_7t       0x10004ebc        0x0 linker stubs

.vfp11_veneer   0x10004ebc        0x0
 .vfp11_veneer  0x10004ebc        0x0 linker stubs

.v4_bx          0x10004ebc        0x0
 .v4_bx         0x10004ebc        0x0 linker stubs

.iplt           0x10004ebc        0x0
 .iplt          0x10004ebc        0x0 C:/msys64/mingw64/bin/../lib/gcc/arm-none-eabi/13.3.0/thumb/v8-m.main+fp/softfp/crtbegin.o

.boot2          0x10004ebc        0x0
                0x10004ebc                        __boot2_start__ = .
 *(.boot2)
                0x10004ebc                        __boot2_end__ = .
                0x00000001                        ASSERT (((__boot2_end__ - __boot2_start__) <= 0x100), ERROR: Pico second stage bootloader must be no more than 256 bytes in size)

.rodata         0x10004ec0      0x3e8
 *(EXCLUDE_FILE(*libm.a: *libc.a:*lib_a-mem*.o *libgcc.a:) .rodata*)
 .rodata.main.str1.1
                0x10004ec0      0x18c CMakeFiles/test_usb_minimal.dir/test_usb_minimal.c.obj
                                 0x1a (size before relaxing)
 .rodata.panic.str1.1
                0x1000504c       0x12 CMakeFiles/test_usb_minimal.dir/C_/msys64/home/Q/pico-sdk/src/rp2_common/pico_platform_panic/panic.c.obj
 .rodata.spin_lock_claim_unused.str1.1
                0x1000504c       0x1b CMakeFiles/test_usb_minimal.dir/C_/msys64/home/Q/pico-sdk/src/rp2_common/hardware_sync/sync.c.obj
 .rodata.user_irq_claim_unused.str1.1
                0x1000504c       0x1b CMakeFiles/test_usb_minimal.dir/C_/msys64/home/Q/pico-sdk/src/rp2_common/hardware_irq/irq.c.obj
 .rodata.timer_hardware_alarm_claim.str1.1
                0x1000504c       0x22 CMakeFiles/test_usb_minimal.dir/C_/msys64/home/Q/pico-sdk/src/rp2_common/hardware_timer/timer.c.obj
 .rodata.hard_assertion_failure.str1.1
                0x1000504c        0xc CMakeFiles/test_usb_minimal.dir/C_/msys64/home/Q/pico-sdk/src/rp2_common/pico_runtime/runtime.c.obj
 .rodata.str1.1
                0x1000504c       0x5d CMakeFiles/test_usb_minimal.dir/C_/msys64/home/Q/pico-sdk/src/rp2_common/pico_standard_binary_info/standard_binary_info.c.obj
 .rodata.__bi_84
                0x1000504c        0xc CMakeFiles/test_usb_minimal.dir/C_/msys64/home/Q/pico-sdk/src/rp2_common/pico_standard_binary_info/standard_binary_info.c.obj
 .rodata.__bi_78
                0x10005058        0xc CMakeFiles/test_usb_minimal.dir/C_/msys64/home/Q/pico-sdk/src/rp2_common/pico_standard_binary_info/standard_binary_info.c.obj
 .rodata.__bi_54
                0x10005064        0xc CMakeFiles/test_usb_minimal.dir/C_/msys64/home/Q/pico-sdk/src/rp2_common/pico_standard_binary_info/standard_binary_info.c.obj
 .rodata.__bi_48
                0x10005070        0xc CMakeFiles/test_usb_minimal.dir/C_/msys64/home/Q/pico-sdk/src/rp2_common/pico_standard_binary_info/standard_binary_info.c.obj
 .rodata.__bi_42
                0x1000507c        0xc CMakeFiles/test_usb_minimal.dir/C_/msys64/home/Q/pico-sdk/src/rp2_common/pico_standard_binary_info/standard_binary_info.c.obj
 .rodata.__bi_34
                0x10005088        0xc CMakeFiles/test_usb_minimal.dir/C_/msys64/home/Q/pico-sdk/src/rp2_common/pico_standard_binary_info/standard_binary_info.c.obj
 .rodata.__bi_26
                0x10005094        0xc CMakeFiles/test_usb_minimal.dir/C_/msys64/home/Q/pico-sdk/src/rp2_common/pico_standard_binary_info/standard_binary_info.c.obj
 .rodata._ftoa.str1.1
                0x100050a0       0x12 CMakeFiles/test_usb_minimal.dir/C_/msys64/home/Q/pico-sdk/src/rp2_common/pico_printf/printf.c.obj
 .rodata.pow10.0
                0x100050a0       0x50 CMakeFiles/test_usb_minimal.dir/C_/msys64/home/Q/pico-sdk/src/rp2_common/pico_printf/printf.c.obj
 .rodata.crlf_str.0
                0x100050f0        0x2 CMakeFiles/test_usb_minimal.dir/C_/msys64/home/Q/pico-sdk/src/rp2_common/pico_stdio/stdio.c.obj
 *fill*         0x100050f2        0x2 
 .rodata._resetd_driver
                0x100050f4       0x20 CMakeFiles/test_usb_minimal.dir/C_/msys64/home/Q/pico-sdk/src/rp2_common/pico_stdio_usb/reset_interface.c.obj
 .rodata.desc_ms_os_20
                0x10005114       0xa6 CMakeFiles/test_usb_minimal.dir/C_/msys64/home/Q/pico-sdk/src/rp2_common/pico_stdio_usb/reset_interface.c.obj
 .rodata.desc_bos
                0x100051ba       0x21 CMakeFiles/test_usb_minimal.dir/C_/msys64/home/Q/pico-sdk/src/rp2_common/pico_stdio_usb/reset_interface.c.obj
                0x100051ba                desc_bos
 .rodata.str1.1
                0x100051db       0x13 CMakeFiles/test_usb_minimal.dir/C_/msys64/home/Q/pico-sdk/src/rp2_common/pico_stdio_usb/stdio_usb.c.obj
 .rodata.__bi_202.0
                0x100051db        0xc CMakeFiles/test_usb_minimal.dir/C_/msys64/home/Q/pico-sdk/src/rp2_common/pico_stdio_usb/stdio_usb.c.obj
 .rodata.str1.1
                0x100051e7       0x22 CMakeFiles/test_usb_minimal.dir/C_/msys64/home/Q/pico-sdk/src/rp2_common/pico_stdio_usb/stdio_usb_descriptors.c.obj
 *fill*         0x100051e7        0x1 
 .rodata.usbd_desc_str
                0x100051e8       0x18 CMakeFiles/test_usb_minimal.dir/C_/msys64/home/Q/pico-sdk/src/rp2_common/pico_stdio_usb/stdio_usb_descriptors.c.obj
 .rodata.usbd_desc_cfg
                0x10005200       0x54 CMakeFiles/test_usb_minimal.dir/C_/msys64/home/Q/pico-sdk/src/rp2_common/pico_stdio_usb/stdio_usb_descriptors.c.obj
 .rodata.usbd_desc_device
                0x10005254       0x12 CMakeFiles/test_usb_minimal.dir/C_/msys64/home/Q/pico-sdk/src/rp2_common/pico_stdio_usb/stdio_usb_descriptors.c.obj
 .rodata.str1.1
                0x10005266       0x14 CMakeFiles/test_usb_minimal.dir/C_/msys64/home/Q/pico-sdk/lib/tinyusb/src/portable/raspberrypi/rp2040/dcd_rp2040.c.obj
 .rodata.str1.1
                0x10005266       0x46 CMakeFiles/test_usb_minimal.dir/C_/msys64/home/Q/pico-sdk/lib/tinyusb/src/portable/raspberrypi/rp2040/rp2040_usb.c.obj
 *fill*         0x10005266        0x2 
 .rodata._usbd_driver
                0x10005268       0x40 CMakeFiles/test_usb_minimal.dir/C_/msys64/home/Q/pico-sdk/lib/tinyusb/src/device/usbd.c.obj
 *(.srodata*)
                0x100052a8                        . = ALIGN (0x4)
 *(SORT_BY_ALIGNMENT(SORT_BY_NAME(.flashdata*)))
                0x100052a8                        . = ALIGN (0x4)

.ARM.extab
 *(.ARM.extab* .gnu.linkonce.armextab.*)
                0x100052a8                        __exidx_start = .

.ARM.exidx      0x100052a8        0x8
 *(.ARM.exidx* .gnu.linkonce.armexidx.*)
 .ARM.exidx     0x100052a8        0x8 C:/msys64/mingw64/bin/../lib/gcc/arm-none-eabi/13.3.0/../../../../arm-none-eabi/lib/thumb/v8-m.main+fp/softfp\libg.a(libc_a-memcpy.o)
 .ARM.exidx.text.__udivmoddi4
                0x100052b0        0x0 C:/msys64/mingw64/bin/../lib/gcc/arm-none-eabi/13.3.0/thumb/v8-m.main+fp/softfp\libgcc.a(_udivmoddi4.o)
                                  0x8 (size before relaxing)
                0x100052b0                        __exidx_end = .
                0x100052b0                        . = ALIGN (0x4)
                0x100052b0                        __binary_info_start = .

.binary_info    0x100052b0       0x20
 *(.binary_info.keep.*)
 .binary_info.keep.__bi_ptr84
                0x100052b0        0x4 CMakeFiles/test_usb_minimal.dir/C_/msys64/home/Q/pico-sdk/src/rp2_common/pico_standard_binary_info/standard_binary_info.c.obj
 .binary_info.keep.__bi_ptr78
                0x100052b4        0x4 CMakeFiles/test_usb_minimal.dir/C_/msys64/home/Q/pico-sdk/src/rp2_common/pico_standard_binary_info/standard_binary_info.c.obj
 .binary_info.keep.__bi_ptr54
                0x100052b8        0x4 CMakeFiles/test_usb_minimal.dir/C_/msys64/home/Q/pico-sdk/src/rp2_common/pico_standard_binary_info/standard_binary_info.c.obj
 .binary_info.keep.__bi_ptr48
                0x100052bc        0x4 CMakeFiles/test_usb_minimal.dir/C_/msys64/home/Q/pico-sdk/src/rp2_common/pico_standard_binary_info/standard_binary_info.c.obj
 .binary_info.keep.__bi_ptr42
                0x100052c0        0x4 CMakeFiles/test_usb_minimal.dir/C_/msys64/home/Q/pico-sdk/src/rp2_common/pico_standard_binary_info/standard_binary_info.c.obj
 .binary_info.keep.__bi_ptr34
                0x100052c4        0x4 CMakeFiles/test_usb_minimal.dir/C_/msys64/home/Q/pico-sdk/src/rp2_common/pico_standard_binary_info/standard_binary_info.c.obj
 .binary_info.keep.__bi_ptr26
                0x100052c8        0x4 CMakeFiles/test_usb_minimal.dir/C_/msys64/home/Q/pico-sdk/src/rp2_common/pico_standard_binary_info/standard_binary_info.c.obj
 *(.binary_info.*)
 .binary_info.__bi_ptr202
                0x100052cc        0x4 CMakeFiles/test_usb_minimal.dir/C_/msys64/home/Q/pico-sdk/src/rp2_common/pico_stdio_usb/stdio_usb.c.obj
                0x100052d0                        __binary_info_end = .
                0x100052d0                        . = ALIGN (0x4)

.ram_vector_table
                0x20000000      0x110
 *(.ram_vector_table)
 .ram_vector_table
                0x20000000      0x110 CMakeFiles/test_usb_minimal.dir/C_/msys64/home/Q/pico-sdk/src/rp2_common/pico_runtime_init/runtime_init.c.obj
                0x20000000                ram_vector_table

.uninitialized_data
                0x20000110        0x0
                0x20000110                        . = ALIGN (0x4)
 *(.uninitialized_data*)

.data           0x20000110      0xbc8 load address 0x100052d0
                0x20000110                        __data_start__ = .
 *(vtable)
 *(.time_critical*)
 .time_critical.mutex_try_enter
                0x20000110       0x4c CMakeFiles/test_usb_minimal.dir/C_/msys64/home/Q/pico-sdk/src/common/pico_sync/mutex.c.obj
                0x20000110                mutex_try_enter
 .time_critical.mutex_enter_block_until
                0x2000015c       0x66 CMakeFiles/test_usb_minimal.dir/C_/msys64/home/Q/pico-sdk/src/common/pico_sync/mutex.c.obj
                0x2000015c                mutex_enter_block_until
 .time_critical.mutex_try_enter_block_until
                0x200001c2       0x34 CMakeFiles/test_usb_minimal.dir/C_/msys64/home/Q/pico-sdk/src/common/pico_sync/mutex.c.obj
                0x200001c2                mutex_try_enter_block_until
 .time_critical.mutex_enter_timeout_ms
                0x200001f6       0x34 CMakeFiles/test_usb_minimal.dir/C_/msys64/home/Q/pico-sdk/src/common/pico_sync/mutex.c.obj
                0x200001f6                mutex_enter_timeout_ms
 .time_critical.mutex_exit
                0x2000022a       0x34 CMakeFiles/test_usb_minimal.dir/C_/msys64/home/Q/pico-sdk/src/common/pico_sync/mutex.c.obj
                0x2000022a                mutex_exit
 *fill*         0x2000025e        0x2 
 .time_critical.reset_non_control_endpoints
                0x20000260       0x3c CMakeFiles/test_usb_minimal.dir/C_/msys64/home/Q/pico-sdk/lib/tinyusb/src/portable/raspberrypi/rp2040/dcd_rp2040.c.obj
 .time_critical.hw_handle_buff_status
                0x2000029c       0x94 CMakeFiles/test_usb_minimal.dir/C_/msys64/home/Q/pico-sdk/lib/tinyusb/src/portable/raspberrypi/rp2040/dcd_rp2040.c.obj
 .time_critical.dcd_rp2040_irq
                0x20000330      0x1c8 CMakeFiles/test_usb_minimal.dir/C_/msys64/home/Q/pico-sdk/lib/tinyusb/src/portable/raspberrypi/rp2040/dcd_rp2040.c.obj
 .time_critical.prepare_ep_buffer
                0x200004f8       0x62 CMakeFiles/test_usb_minimal.dir/C_/msys64/home/Q/pico-sdk/lib/tinyusb/src/portable/raspberrypi/rp2040/rp2040_usb.c.obj
 *fill*         0x2000055a        0x2 
 .time_critical.e15_is_bulkin_ep
                0x2000055c       0x24 CMakeFiles/test_usb_minimal.dir/C_/msys64/home/Q/pico-sdk/lib/tinyusb/src/portable/raspberrypi/rp2040/rp2040_usb.c.obj
 .time_critical.e15_is_critical_frame_period
                0x20000580       0x28 CMakeFiles/test_usb_minimal.dir/C_/msys64/home/Q/pico-sdk/lib/tinyusb/src/portable/raspberrypi/rp2040/rp2040_usb.c.obj
 .time_critical.sync_ep_buffer
                0x200005a8       0x4e CMakeFiles/test_usb_minimal.dir/C_/msys64/home/Q/pico-sdk/lib/tinyusb/src/portable/raspberrypi/rp2040/rp2040_usb.c.obj
 .time_critical._hw_endpoint_xfer_sync
                0x200005f6       0x2a CMakeFiles/test_usb_minimal.dir/C_/msys64/home/Q/pico-sdk/lib/tinyusb/src/portable/raspberrypi/rp2040/rp2040_usb.c.obj
 .time_critical.hw_endpoint_reset_transfer
                0x20000620        0xa CMakeFiles/test_usb_minimal.dir/C_/msys64/home/Q/pico-sdk/lib/tinyusb/src/portable/raspberrypi/rp2040/rp2040_usb.c.obj
                0x20000620                hw_endpoint_reset_transfer
 *fill*         0x2000062a        0x2 
 .time_critical._hw_endpoint_buffer_control_update32
                0x2000062c       0x44 CMakeFiles/test_usb_minimal.dir/C_/msys64/home/Q/pico-sdk/lib/tinyusb/src/portable/raspberrypi/rp2040/rp2040_usb.c.obj
                0x2000062c                _hw_endpoint_buffer_control_update32
 .time_critical.hw_endpoint_start_next_buffer
                0x20000670       0x68 CMakeFiles/test_usb_minimal.dir/C_/msys64/home/Q/pico-sdk/lib/tinyusb/src/portable/raspberrypi/rp2040/rp2040_usb.c.obj
                0x20000670                hw_endpoint_start_next_buffer
 .time_critical.hw_endpoint_xfer_continue
                0x200006d8       0x38 CMakeFiles/test_usb_minimal.dir/C_/msys64/home/Q/pico-sdk/lib/tinyusb/src/portable/raspberrypi/rp2040/rp2040_usb.c.obj
                0x200006d8                hw_endpoint_xfer_continue
 .time_critical.tinyusb
                0x20000710      0x21c CMakeFiles/test_usb_minimal.dir/C_/msys64/home/Q/pico-sdk/lib/tinyusb/src/device/usbd.c.obj
                0x20000710                dcd_event_handler
 *(.text*)
 .text          0x2000092c       0x30 C:/msys64/mingw64/bin/../lib/gcc/arm-none-eabi/13.3.0/thumb/v8-m.main+fp/softfp\libgcc.a(_aeabi_uldivmod.o)
                0x2000092c                __aeabi_uldivmod
 .text.__udivmoddi4
                0x2000095c      0x29c C:/msys64/mingw64/bin/../lib/gcc/arm-none-eabi/13.3.0/thumb/v8-m.main+fp/softfp\libgcc.a(_udivmoddi4.o)
                0x2000095c                __udivmoddi4
 .text          0x20000bf8        0x4 C:/msys64/mingw64/bin/../lib/gcc/arm-none-eabi/13.3.0/thumb/v8-m.main+fp/softfp\libgcc.a(_dvmd_tls.o)
                0x20000bf8                __aeabi_idiv0
                0x20000bf8                __aeabi_ldiv0
 *fill*         0x20000bfc        0x4 
 .text.__stub   0x20000c00       0x30 linker stubs
                0x20000c30                        . = ALIGN (0x4)
 *(.rodata*)
                0x20000c30                        . = ALIGN (0x4)
 *(.data*)
 .data.striped_spin_lock_num
                0x20000c30        0x1 CMakeFiles/test_usb_minimal.dir/C_/msys64/home/Q/pico-sdk/src/rp2_common/hardware_sync/sync.c.obj
 *fill*         0x20000c31        0x3 
 .data          0x20000c34       0x48 CMakeFiles/test_usb_minimal.dir/C_/msys64/home/Q/pico-sdk/src/rp2_common/hardware_irq/irq_handler_chain.S.obj
                0x20000c34                irq_handler_chain_slots
                0x20000c64                irq_handler_chain_first_slot
                0x20000c6e                irq_handler_chain_remove_tail
 .data.default_alarm_pool
                0x20000c7c       0x18 CMakeFiles/test_usb_minimal.dir/C_/msys64/home/Q/pico-sdk/src/common/pico_time/time.c.obj
 .data.stdio_usb
                0x20000c94       0x18 CMakeFiles/test_usb_minimal.dir/C_/msys64/home/Q/pico-sdk/src/rp2_common/pico_stdio_usb/stdio_usb.c.obj
                0x20000c94                stdio_usb
 .data._usbd_qdef
                0x20000cac       0x1c CMakeFiles/test_usb_minimal.dir/C_/msys64/home/Q/pico-sdk/lib/tinyusb/src/device/usbd.c.obj
                0x20000cac                _usbd_qdef
 .data._usbd_rhport
                0x20000cc8        0x1 CMakeFiles/test_usb_minimal.dir/C_/msys64/home/Q/pico-sdk/lib/tinyusb/src/device/usbd.c.obj
 *fill*         0x20000cc9        0x3 
 .data          0x20000ccc        0x4 C:/msys64/mingw64/bin/../lib/gcc/arm-none-eabi/13.3.0/../../../../arm-none-eabi/lib/thumb/v8-m.main+fp/softfp\libg.a(libc_a-__call_atexit.o)
                0x20000ccc                __atexit_recursive_mutex
 *(.sdata*)
                0x20000cd0                        . = ALIGN (0x4)
 *(.after_data.*)
                0x20000cd0                        . = ALIGN (0x4)
                0x20000cd0                        PROVIDE (__mutex_array_start = .)
 *(SORT_BY_NAME(.mutex_array.*))
 *(.mutex_array)
 .mutex_array   0x20000cd0        0x8 CMakeFiles/test_usb_minimal.dir/C_/msys64/home/Q/pico-sdk/src/rp2_common/pico_stdio/stdio.c.obj
                0x20000cd8                        PROVIDE (__mutex_array_end = .)
 *(.jcr)
                0x20000cd8                        . = ALIGN (0x4)

.igot.plt       0x20000cd8        0x0 load address 0x10005e98
 .igot.plt      0x20000cd8        0x0 C:/msys64/mingw64/bin/../lib/gcc/arm-none-eabi/13.3.0/thumb/v8-m.main+fp/softfp/crtbegin.o

.tdata          0x20000cd8        0x0 load address 0x10005e98
                0x20000cd8                        . = ALIGN (0x4)
 *(.tdata .tdata.* .gnu.linkonce.td.*)
                0x20000cd8                        __tdata_end = .
                0x20000cd8                        PROVIDE (__data_end__ = .)
                0x100052d0                        __etext = LOADADDR (.data)

.tbss           0x20000cd8        0x0 load address 0x10005e98
                0x20000cd8                        . = ALIGN (0x4)
                0x20000cd8                        __bss_start__ = .
                0x20000cd8                        __tls_base = .
 *(.tbss .tbss.* .gnu.linkonce.tb.*)
 *(.tcommon)
                0x20000cd8                        __tls_end = .

.bss            0x20000cd8      0xf54 load address 0x10005e98
                0x20000cd8                        . = ALIGN (0x4)
                0x20000cd8                        __tbss_end = .
 *(SORT_BY_ALIGNMENT(SORT_BY_NAME(.bss*)))
 .bss.default_alarm_pool_entries
                0x20000cd8      0x180 CMakeFiles/test_usb_minimal.dir/C_/msys64/home/Q/pico-sdk/src/common/pico_time/time.c.obj
 .bss.last_avail_time.1
                0x20000e58        0x8 CMakeFiles/test_usb_minimal.dir/C_/msys64/home/Q/pico-sdk/src/rp2_common/pico_stdio_usb/stdio_usb.c.obj
 .bss           0x20000e60       0x1d C:/msys64/mingw64/bin/../lib/gcc/arm-none-eabi/13.3.0/../../../../arm-none-eabi/lib/thumb/v8-m.main+fp/softfp\libg.a(libc_a-lock.o)
                0x20000e60                __lock___arc4random_mutex
                0x20000e64                __lock___dd_hash_mutex
                0x20000e68                __lock___tz_mutex
                0x20000e6c                __lock___env_recursive_mutex
                0x20000e70                __lock___malloc_recursive_mutex
                0x20000e74                __lock___at_quick_exit_mutex
                0x20000e78                __lock___atexit_recursive_mutex
                0x20000e7c                __lock___sfp_recursive_mutex
 *fill*         0x20000e7d        0x3 
 .bss           0x20000e80      0x190 C:/msys64/mingw64/bin/../lib/gcc/arm-none-eabi/13.3.0/../../../../arm-none-eabi/lib/thumb/v8-m.main+fp/softfp\libg.a(libc_a-__atexit.o)
                0x20000e80                __atexit0
 .bss           0x20001010        0x4 C:/msys64/mingw64/bin/../lib/gcc/arm-none-eabi/13.3.0/../../../../arm-none-eabi/lib/thumb/v8-m.main+fp/softfp\libg.a(libc_a-__call_atexit.o)
                0x20001010                __atexit
 .bss._app_driver
                0x20001014        0x4 CMakeFiles/test_usb_minimal.dir/C_/msys64/home/Q/pico-sdk/lib/tinyusb/src/device/usbd.c.obj
 .bss._cdcd_epbuf
                0x20001018       0x80 CMakeFiles/test_usb_minimal.dir/C_/msys64/home/Q/pico-sdk/lib/tinyusb/src/class/cdc/cdc_device.c.obj
 .bss._cdcd_itf
                0x20001098      0x248 CMakeFiles/test_usb_minimal.dir/C_/msys64/home/Q/pico-sdk/lib/tinyusb/src/class/cdc/cdc_device.c.obj
 .bss._ctrl_epbuf
                0x200012e0       0x40 CMakeFiles/test_usb_minimal.dir/C_/msys64/home/Q/pico-sdk/lib/tinyusb/src/device/usbd_control.c.obj
 .bss._ctrl_xfer
                0x20001320       0x14 CMakeFiles/test_usb_minimal.dir/C_/msys64/home/Q/pico-sdk/lib/tinyusb/src/device/usbd_control.c.obj
 .bss._ubsd_mutexdef
                0x20001334        0x8 CMakeFiles/test_usb_minimal.dir/C_/msys64/home/Q/pico-sdk/lib/tinyusb/src/device/usbd.c.obj
 .bss._usbd_mutex
                0x2000133c        0x4 CMakeFiles/test_usb_minimal.dir/C_/msys64/home/Q/pico-sdk/lib/tinyusb/src/device/usbd.c.obj
 .bss._usbd_q   0x20001340        0x4 CMakeFiles/test_usb_minimal.dir/C_/msys64/home/Q/pico-sdk/lib/tinyusb/src/device/usbd.c.obj
 .bss._vendord_epbuf
                0x20001344       0x80 CMakeFiles/test_usb_minimal.dir/C_/msys64/home/Q/pico-sdk/lib/tinyusb/src/class/vendor/vendor_device.c.obj
 .bss._vendord_itf
                0x200013c4      0x24c CMakeFiles/test_usb_minimal.dir/C_/msys64/home/Q/pico-sdk/lib/tinyusb/src/class/vendor/vendor_device.c.obj
 .bss.chars_available_callback
                0x20001610        0x4 CMakeFiles/test_usb_minimal.dir/C_/msys64/home/Q/pico-sdk/src/rp2_common/pico_stdio_usb/stdio_usb.c.obj
 .bss.chars_available_param
                0x20001614        0x4 CMakeFiles/test_usb_minimal.dir/C_/msys64/home/Q/pico-sdk/src/rp2_common/pico_stdio_usb/stdio_usb.c.obj
 .bss.claimed   0x20001618        0x4 CMakeFiles/test_usb_minimal.dir/C_/msys64/home/Q/pico-sdk/src/rp2_common/hardware_sync/sync.c.obj
 .bss.configured_freq
                0x2000161c       0x28 CMakeFiles/test_usb_minimal.dir/C_/msys64/home/Q/pico-sdk/src/rp2_common/hardware_clocks/clocks.c.obj
 .bss.drivers   0x20001644        0x4 CMakeFiles/test_usb_minimal.dir/C_/msys64/home/Q/pico-sdk/src/rp2_common/pico_stdio/stdio.c.obj
 .bss.e15_last_sof
                0x20001648        0x4 CMakeFiles/test_usb_minimal.dir/C_/msys64/home/Q/pico-sdk/lib/tinyusb/src/portable/raspberrypi/rp2040/rp2040_usb.c.obj
                0x20001648                e15_last_sof
 .bss.filter    0x2000164c        0x4 CMakeFiles/test_usb_minimal.dir/C_/msys64/home/Q/pico-sdk/src/rp2_common/pico_stdio/stdio.c.obj
 .bss.hw_endpoints
                0x20001650      0x400 CMakeFiles/test_usb_minimal.dir/C_/msys64/home/Q/pico-sdk/lib/tinyusb/src/portable/raspberrypi/rp2040/dcd_rp2040.c.obj
 .bss.lazy_vsnprintf
                0x20001a50        0x4 CMakeFiles/test_usb_minimal.dir/C_/msys64/home/Q/pico-sdk/src/rp2_common/pico_printf/printf.c.obj
 .bss.load_value
                0x20001a54        0x4 CMakeFiles/test_usb_minimal.dir/C_/msys64/home/Q/pico-sdk/src/rp2_common/hardware_watchdog/watchdog.c.obj
 .bss.next_buffer_ptr
                0x20001a58        0x4 CMakeFiles/test_usb_minimal.dir/C_/msys64/home/Q/pico-sdk/lib/tinyusb/src/portable/raspberrypi/rp2040/dcd_rp2040.c.obj
 .bss.object.0  0x20001a5c       0x18 C:/msys64/mingw64/bin/../lib/gcc/arm-none-eabi/13.3.0/thumb/v8-m.main+fp/softfp/crtbegin.o
 .bss.one_shot_timer_crit_sec
                0x20001a74        0x8 CMakeFiles/test_usb_minimal.dir/C_/msys64/home/Q/pico-sdk/src/rp2_common/pico_stdio_usb/stdio_usb.c.obj
 .bss.pools     0x20001a7c       0x20 CMakeFiles/test_usb_minimal.dir/C_/msys64/home/Q/pico-sdk/src/common/pico_time/time.c.obj
 .bss.sleep_notifier
                0x20001a9c        0x4 CMakeFiles/test_usb_minimal.dir/C_/msys64/home/Q/pico-sdk/src/common/pico_time/time.c.obj
 .bss.stdio_usb_mutex
                0x20001aa0        0x8 CMakeFiles/test_usb_minimal.dir/C_/msys64/home/Q/pico-sdk/src/rp2_common/pico_stdio_usb/stdio_usb.c.obj
 .bss.desc_str.0
                0x20001aa8       0x28 CMakeFiles/test_usb_minimal.dir/C_/msys64/home/Q/pico-sdk/src/rp2_common/pico_stdio_usb/stdio_usb_descriptors.c.obj
 .bss._app_driver_count
                0x20001ad0        0x1 CMakeFiles/test_usb_minimal.dir/C_/msys64/home/Q/pico-sdk/lib/tinyusb/src/device/usbd.c.obj
 .bss._cdcd_fifo_cfg
                0x20001ad1        0x1 CMakeFiles/test_usb_minimal.dir/C_/msys64/home/Q/pico-sdk/lib/tinyusb/src/class/cdc/cdc_device.c.obj
 .bss._sof_enable
                0x20001ad2        0x1 CMakeFiles/test_usb_minimal.dir/C_/msys64/home/Q/pico-sdk/lib/tinyusb/src/portable/raspberrypi/rp2040/dcd_rp2040.c.obj
 .bss._sw_spin_locks
                0x20001ad3       0x20 CMakeFiles/test_usb_minimal.dir/C_/msys64/home/Q/pico-sdk/src/rp2_common/hardware_sync_spin_lock/sync_spin_lock.c.obj
                0x20001ad3                _sw_spin_locks
 .bss._tusb_rhport_role
                0x20001af3        0x2 CMakeFiles/test_usb_minimal.dir/C_/msys64/home/Q/pico-sdk/lib/tinyusb/src/tusb.c.obj
                0x20001af3                _tusb_rhport_role
 .bss._usbd_dev
                0x20001af5       0x54 CMakeFiles/test_usb_minimal.dir/C_/msys64/home/Q/pico-sdk/lib/tinyusb/src/device/usbd.c.obj
 .bss._usbd_qdef_buf
                0x20001b49       0xc0 CMakeFiles/test_usb_minimal.dir/C_/msys64/home/Q/pico-sdk/lib/tinyusb/src/device/usbd.c.obj
                0x20001b49                _usbd_qdef_buf
 .bss._usbd_queued_setup
                0x20001c09        0x1 CMakeFiles/test_usb_minimal.dir/C_/msys64/home/Q/pico-sdk/lib/tinyusb/src/device/usbd.c.obj
 .bss.claimed   0x20001c0a        0x2 CMakeFiles/test_usb_minimal.dir/C_/msys64/home/Q/pico-sdk/src/rp2_common/hardware_timer/timer.c.obj
 .bss.irq_handler_chain_free_slot_head
                0x20001c0c        0x1 CMakeFiles/test_usb_minimal.dir/C_/msys64/home/Q/pico-sdk/src/rp2_common/hardware_irq/irq.c.obj
 .bss.itf_num   0x20001c0d        0x1 CMakeFiles/test_usb_minimal.dir/C_/msys64/home/Q/pico-sdk/src/rp2_common/pico_stdio_usb/reset_interface.c.obj
 .bss.low_priority_irq_num
                0x20001c0e        0x1 CMakeFiles/test_usb_minimal.dir/C_/msys64/home/Q/pico-sdk/src/rp2_common/pico_stdio_usb/stdio_usb.c.obj
 .bss.one_shot_timer_pending
                0x20001c0f        0x1 CMakeFiles/test_usb_minimal.dir/C_/msys64/home/Q/pico-sdk/src/rp2_common/pico_stdio_usb/stdio_usb.c.obj
 .bss.retrieved_id
                0x20001c10        0x8 CMakeFiles/test_usb_minimal.dir/C_/msys64/home/Q/pico-sdk/src/rp2_common/pico_unique_id/unique_id.c.obj
 .bss.usbd_serial_str
                0x20001c18       0x11 CMakeFiles/test_usb_minimal.dir/C_/msys64/home/Q/pico-sdk/src/rp2_common/pico_stdio_usb/stdio_usb_descriptors.c.obj
 .bss.user_irq_claimed
                0x20001c29        0x1 CMakeFiles/test_usb_minimal.dir/C_/msys64/home/Q/pico-sdk/src/rp2_common/hardware_irq/irq.c.obj
 *(COMMON)
                [!provide]                        PROVIDE (__global_pointer$ = (. + 0x800))
 *(.sbss*)
                0x20001c2c                        . = ALIGN (0x4)
 *fill*         0x20001c2a        0x2 
                0x20001c2c                        __bss_end__ = .

.heap           0x20001c2c      0x800 load address 0x10005e98
                0x20001c2c                        __end__ = .
                0x20001c2c                        end = __end__
 *(.heap*)
 .heap          0x20001c2c      0x800 CMakeFiles/test_usb_minimal.dir/C_/msys64/home/Q/pico-sdk/src/rp2_common/pico_crt0/crt0.S.obj
                0x20080000                        __HeapLimit = (ORIGIN (RAM) + LENGTH (RAM))

.scratch_x      0x20080000        0x0 load address 0x10005e98
                0x20080000                        __scratch_x_start__ = .
 *(.scratch_x.*)
                0x20080000                        . = ALIGN (0x4)
                0x20080000                        __scratch_x_end__ = .
                0x10005e98                        __scratch_x_source__ = LOADADDR (.scratch_x)

.scratch_y      0x20081000        0x0 load address 0x10005e98
                0x20081000                        __scratch_y_start__ = .
 *(.scratch_y.*)
                0x20081000                        . = ALIGN (0x4)
                0x20081000                        __scratch_y_end__ = .
                0x10005e98                        __scratch_y_source__ = LOADADDR (.scratch_y)

.stack1_dummy
 *(.stack1*)

.stack_dummy    0x20081000      0x800
 *(.stack*)
 .stack         0x20081000      0x800 CMakeFiles/test_usb_minimal.dir/C_/msys64/home/Q/pico-sdk/src/rp2_common/pico_crt0/crt0.S.obj

.flash_end      0x10005e98       0x14
 *(.embedded_end_block*)
 .embedded_end_block
                0x10005e98       0x14 CMakeFiles/test_usb_minimal.dir/C_/msys64/home/Q/pico-sdk/src/rp2_common/pico_crt0/crt0.S.obj
                0x10005eac                        PROVIDE (__flash_binary_end = .)
                0x20080000                        __StackLimit = (ORIGIN (RAM) + LENGTH (RAM))
                0x20081000                        __StackOneTop = (ORIGIN (SCRATCH_X) + LENGTH (SCRATCH_X))
                0x20082000                        __StackTop = (ORIGIN (SCRATCH_Y) + LENGTH (SCRATCH_Y))
                0x20081000                        __StackOneBottom = (__StackOneTop - SIZEOF (.stack1_dummy))
                0x20081800                        __StackBottom = (__StackTop - SIZEOF (.stack_dummy))
                0x20082000                        PROVIDE (__stack = __StackTop)
                [!provide]                        PROVIDE (__heap_start = __end__)
                [!provide]                        PROVIDE (__heap_end = __HeapLimit)
                [!provide]                        PROVIDE (__tls_align = MAX (ALIGNOF (.tdata), ALIGNOF (.tbss)))
                [!provide]                        PROVIDE (__tls_size_align = (((__tls_size + __tls_align) - 0x1) & ~ ((__tls_align - 0x1))))
                [!provide]                        PROVIDE (__arm32_tls_tcb_offset = MAX (0x8, __tls_align))
                [!provide]                        PROVIDE (_end = __end__)
                [!provide]                        PROVIDE (__llvm_libc_heap_limit = __HeapLimit)
                0x00000001                        ASSERT ((__StackLimit >= __HeapLimit), region RAM overflowed)
                0x00000001                        ASSERT (((__binary_info_header_end - __logical_binary_start) <= 0x400), Binary info must be in first 1024 bytes of the binary)
                0x00000001                        ASSERT (((__embedded_block_end - __logical_binary_start) <= 0x1000), Embedded block must be in first 4096 bytes of the binary)
LOAD CMakeFiles/test_usb_minimal.dir/test_usb_minimal.c.obj
LOAD CMakeFiles/test_usb_minimal.dir/C_/msys64/home/Q/pico-sdk/src/rp2_common/pico_stdlib/stdlib.c.obj
LOAD CMakeFiles/test_usb_minimal.dir/C_/msys64/home/Q/pico-sdk/src/rp2_common/hardware_gpio/gpio.c.obj
LOAD CMakeFiles/test_usb_minimal.dir/C_/msys64/home/Q/pico-sdk/src/rp2350/pico_platform/platform.c.obj