Archive member included to satisfy reference by file (symbol)

C:/msys64/mingw64/bin/../lib/gcc/arm-none-eabi/13.3.0/../../../../arm-none-eabi/lib/thumb/v8-m.main+fp/softfp\libm.a(libm_a-wf_sqrt.o)
                              CMakeFiles/thumby_color_test.dir/C_/msys64/home/Q/pico-sdk/src/rp2_common/pico_float/float_math.c.obj (sqrtf)
C:/msys64/mingw64/bin/../lib/gcc/arm-none-eabi/13.3.0/../../../../arm-none-eabi/lib/thumb/v8-m.main+fp/softfp\libm.a(libm_a-ef_sqrt.o)
                              C:/msys64/mingw64/bin/../lib/gcc/arm-none-eabi/13.3.0/../../../../arm-none-eabi/lib/thumb/v8-m.main+fp/softfp\libm.a(libm_a-wf_sqrt.o) (__ieee754_sqrtf)
C:/msys64/mingw64/bin/../lib/gcc/arm-none-eabi/13.3.0/thumb/v8-m.main+fp/softfp\libgcc.a(_arm_addsubdf3.o)
                              CMakeFiles/thumby_color_test.dir/C_/msys64/home/Q/pico-sdk/src/rp2_common/pico_float/float_math.c.obj (__aeabi_f2d)
C:/msys64/mingw64/bin/../lib/gcc/arm-none-eabi/13.3.0/thumb/v8-m.main+fp/softfp\libgcc.a(_aeabi_ldivmod.o)
                              CMakeFiles/thumby_color_test.dir/C_/msys64/home/Q/pico-sdk/src/common/pico_time/time.c.obj (__aeabi_ldivmod)
C:/msys64/mingw64/bin/../lib/gcc/arm-none-eabi/13.3.0/thumb/v8-m.main+fp/softfp\libgcc.a(_aeabi_uldivmod.o)
                              CMakeFiles/thumby_color_test.dir/C_/msys64/home/Q/pico-sdk/src/rp2_common/hardware_clocks/clocks.c.obj (__aeabi_uldivmod)
C:/msys64/mingw64/bin/../lib/gcc/arm-none-eabi/13.3.0/thumb/v8-m.main+fp/softfp\libgcc.a(_udivmoddi4.o)
                              C:/msys64/mingw64/bin/../lib/gcc/arm-none-eabi/13.3.0/thumb/v8-m.main+fp/softfp\libgcc.a(_aeabi_ldivmod.o) (__udivmoddi4)
C:/msys64/mingw64/bin/../lib/gcc/arm-none-eabi/13.3.0/thumb/v8-m.main+fp/softfp\libgcc.a(_dvmd_tls.o)
                              C:/msys64/mingw64/bin/../lib/gcc/arm-none-eabi/13.3.0/thumb/v8-m.main+fp/softfp\libgcc.a(_aeabi_ldivmod.o) (__aeabi_ldiv0)
C:/msys64/mingw64/bin/../lib/gcc/arm-none-eabi/13.3.0/../../../../arm-none-eabi/lib/thumb/v8-m.main+fp/softfp\libg.a(libc_a-atexit.o)
                              C:/msys64/mingw64/bin/../lib/gcc/arm-none-eabi/13.3.0/../../../../arm-none-eabi/lib/thumb/v8-m.main+fp/softfp/crt0.o (atexit)
C:/msys64/mingw64/bin/../lib/gcc/arm-none-eabi/13.3.0/../../../../arm-none-eabi/lib/thumb/v8-m.main+fp/softfp\libg.a(libc_a-calloc.o)
                              CMakeFiles/thumby_color_test.dir/C_/msys64/home/Q/pico-sdk/src/rp2_common/pico_malloc/malloc.c.obj (calloc)
C:/msys64/mingw64/bin/../lib/gcc/arm-none-eabi/13.3.0/../../../../arm-none-eabi/lib/thumb/v8-m.main+fp/softfp\libg.a(libc_a-callocr.o)
                              C:/msys64/mingw64/bin/../lib/gcc/arm-none-eabi/13.3.0/../../../../arm-none-eabi/lib/thumb/v8-m.main+fp/softfp\libg.a(libc_a-calloc.o) (_calloc_r)
C:/msys64/mingw64/bin/../lib/gcc/arm-none-eabi/13.3.0/../../../../arm-none-eabi/lib/thumb/v8-m.main+fp/softfp\libg.a(libc_a-malloc.o)
                              CMakeFiles/thumby_color_test.dir/C_/msys64/home/Q/pico-sdk/src/rp2_common/pico_malloc/malloc.c.obj (malloc)
C:/msys64/mingw64/bin/../lib/gcc/arm-none-eabi/13.3.0/../../../../arm-none-eabi/lib/thumb/v8-m.main+fp/softfp\libg.a(libc_a-mallocr.o)
                              C:/msys64/mingw64/bin/../lib/gcc/arm-none-eabi/13.3.0/../../../../arm-none-eabi/lib/thumb/v8-m.main+fp/softfp\libg.a(libc_a-callocr.o) (_malloc_r)
C:/msys64/mingw64/bin/../lib/gcc/arm-none-eabi/13.3.0/../../../../arm-none-eabi/lib/thumb/v8-m.main+fp/softfp\libg.a(libc_a-mlock.o)
                              C:/msys64/mingw64/bin/../lib/gcc/arm-none-eabi/13.3.0/../../../../arm-none-eabi/lib/thumb/v8-m.main+fp/softfp\libg.a(libc_a-mallocr.o) (__malloc_lock)
C:/msys64/mingw64/bin/../lib/gcc/arm-none-eabi/13.3.0/../../../../arm-none-eabi/lib/thumb/v8-m.main+fp/softfp\libg.a(libc_a-realloc.o)
                              CMakeFiles/thumby_color_test.dir/C_/msys64/home/Q/pico-sdk/src/rp2_common/pico_malloc/malloc.c.obj (realloc)
C:/msys64/mingw64/bin/../lib/gcc/arm-none-eabi/13.3.0/../../../../arm-none-eabi/lib/thumb/v8-m.main+fp/softfp\libg.a(libc_a-reallocr.o)
                              C:/msys64/mingw64/bin/../lib/gcc/arm-none-eabi/13.3.0/../../../../arm-none-eabi/lib/thumb/v8-m.main+fp/softfp\libg.a(libc_a-realloc.o) (_realloc_r)
C:/msys64/mingw64/bin/../lib/gcc/arm-none-eabi/13.3.0/../../../../arm-none-eabi/lib/thumb/v8-m.main+fp/softfp\libg.a(libc_a-memcmp.o)
                              CMakeFiles/thumby_color_test.dir/C_/msys64/home/Q/pico-sdk/src/rp2_common/pico_atomic/atomic.c.obj (memcmp)
C:/msys64/mingw64/bin/../lib/gcc/arm-none-eabi/13.3.0/../../../../arm-none-eabi/lib/thumb/v8-m.main+fp/softfp\libg.a(libc_a-memmove.o)
                              C:/msys64/mingw64/bin/../lib/gcc/arm-none-eabi/13.3.0/../../../../arm-none-eabi/lib/thumb/v8-m.main+fp/softfp\libg.a(libc_a-reallocr.o) (memmove)
[...]
Memory Configuration

Name             Origin             Length             Attributes
FLASH            0x10000000         0x01000000         xr
RAM              0x20000000         0x00080000         xrw
SCRATCH_X        0x20080000         0x00001000         xrw
SCRATCH_Y        0x20081000         0x00001000         xrw
*default*        0x00000000         0xffffffff

Linker script and memory map

LOAD C:/msys64/mingw64/bin/../lib/gcc/arm-none-eabi/13.3.0/thumb/v8-m.main+fp/softfp/crti.o
LOAD C:/msys64/mingw64/bin/../lib/gcc/arm-none-eabi/13.3.0/thumb/v8-m.main+fp/softfp/crtbegin.o
LOAD C:/msys64/mingw64/bin/../lib/gcc/arm-none-eabi/13.3.0/../../../../arm-none-eabi/lib/thumb/v8-m.main+fp/softfp/crt0.o

.flash_begin    0x10000000        0x0
                0x10000000                        __flash_binary_start = .

.text           0x10000000     0x2524
                0x10000000                        __logical_binary_start = .
 *(.vectors)
 .vectors       0x10000000      0x124 CMakeFiles/thumby_color_test.dir/C_/msys64/home/Q/pico-sdk/src/rp2_common/pico_crt0/crt0.S.obj
                0x10000000                __VECTOR_TABLE
                0x10000000                __vectors
                0x10000110                __default_isrs_start
                0x10000110                isr_invalid
                0x10000112                isr_nmi
                0x10000114                isr_hardfault
                0x10000116                isr_svcall
                0x10000118                isr_pendsv
                0x1000011a                isr_systick
                0x1000011c                isr_irq31
                0x1000011c                isr_irq5
                0x1000011c                isr_irq11
                0x1000011c                isr_irq32
                0x1000011c                isr_irq23
                0x1000011c                isr_irq48
                0x1000011c                isr_irq35
                0x1000011c                isr_irq18
                0x1000011c                isr_irq50
                0x1000011c                isr_irq27
                0x1000011c                isr_irq40
                0x1000011c                isr_irq28
                0x1000011c                isr_irq19
                0x1000011c                isr_irq36
                0x1000011c                isr_irq41
                0x1000011c                isr_irq0
                0x1000011c                isr_irq6
                0x1000011c                isr_irq45
                0x1000011c                isr_irq12
                0x1000011c                isr_irq37
                0x1000011c                isr_irq42
                0x1000011c                isr_irq22
                0x1000011c                isr_irq43
                0x1000011c                isr_irq17
                0x1000011c                isr_irq38
                0x1000011c                isr_irq14
                0x1000011c                isr_irq13
                0x1000011c                isr_irq2
                0x1000011c                isr_irq10
                0x1000011c                isr_irq8
                0x1000011c                isr_irq24
                0x1000011c                isr_irq46
                0x1000011c                isr_irq1
                0x1000011c                isr_irq47
                0x1000011c                isr_irq51
                0x1000011c                isr_irq7
                0x1000011c                isr_irq21
                0x1000011c                isr_irq39
                0x1000011c                isr_irq20
                0x1000011c                isr_irq15
                0x1000011c                isr_irq25
                0x1000011c                isr_irq34
                0x1000011c                isr_irq49
                0x1000011c                __unhandled_user_irq
                0x1000011c                isr_irq4
                0x1000011c                isr_irq16
                0x1000011c                isr_irq44
                0x1000011c                isr_irq29
                0x1000011c                isr_irq26
                0x1000011c                __default_isrs_end
                0x1000011c                isr_irq33
                0x1000011c                isr_irq3
                0x1000011c                isr_irq30
                0x1000011c                isr_irq9
                0x10000122                unhandled_user_irq_num_in_r0
 *(.binary_info_header)
 .binary_info_header
                0x10000124       0x14 CMakeFiles/thumby_color_test.dir/C_/msys64/home/Q/pico-sdk/src/rp2_common/pico_crt0/crt0.S.obj
                0x10000138                        __binary_info_header_end = .
 *(.embedded_block)
 .embedded_block
                0x10000138       0x14 CMakeFiles/thumby_color_test.dir/C_/msys64/home/Q/pico-sdk/src/rp2_common/pico_crt0/crt0.S.obj
                0x1000014c                        __embedded_block_end = .
 *(.reset)
 .reset         0x1000014c       0xa0 CMakeFiles/thumby_color_test.dir/C_/msys64/home/Q/pico-sdk/src/rp2_common/pico_crt0/crt0.S.obj
                0x1000014c                _entry_point
 *(.init)
 .init          0x100001ec        0x4 C:/msys64/mingw64/bin/../lib/gcc/arm-none-eabi/13.3.0/thumb/v8-m.main+fp/softfp/crti.o
                0x100001ec                _init
 *libgcc.a:cmse_nonsecure_call.o()
 *(EXCLUDE_FILE(*libm.a: *libc.a:*lib_a-mem*.o *libgcc.a:) .text*)
 .text.frame_dummy
                0x100001f0       0x1c C:/msys64/mingw64/bin/../lib/gcc/arm-none-eabi/13.3.0/thumb/v8-m.main+fp/softfp/crtbegin.o
 .text.write_cmd
                0x1000020c       0xa8 CMakeFiles/thumby_color_test.dir/main.c.obj
 .text.write_cmd.constprop.0
                0x100002b4       0xa0 CMakeFiles/thumby_color_test.dir/main.c.obj
 .text.startup.main
                0x10000354      0xc68 CMakeFiles/thumby_color_test.dir/main.c.obj
                0x10000354                main
 .text.gpio_set_function
                0x10000fbc       0x3c CMakeFiles/thumby_color_test.dir/C_/msys64/home/Q/pico-sdk/src/rp2_common/hardware_gpio/gpio.c.obj
                0x10000fbc                gpio_set_function
 .text.gpio_init
                0x10000ff8       0x48 CMakeFiles/thumby_color_test.dir/C_/msys64/home/Q/pico-sdk/src/rp2_common/hardware_gpio/gpio.c.obj
                0x10000ff8                gpio_init
 .text.panic    0x10001040       0x30 CMakeFiles/thumby_color_test.dir/C_/msys64/home/Q/pico-sdk/src/rp2_common/pico_platform_panic/panic.c.obj
                0x10001040                panic
 .text.hw_claim_or_assert
                0x10001070       0x58 CMakeFiles/thumby_color_test.dir/C_/msys64/home/Q/pico-sdk/src/common/hardware_claim/claim.c.obj
                0x10001070                hw_claim_or_assert
 .text.next_striped_spin_lock_num
                0x100010c8       0x18 CMakeFiles/thumby_color_test.dir/C_/msys64/home/Q/pico-sdk/src/rp2_common/hardware_sync/sync.c.obj
                0x100010c8                next_striped_spin_lock_num
 .text.spinlock_set_extexclall
                0x100010e0       0x10 CMakeFiles/thumby_color_test.dir/C_/msys64/home/Q/pico-sdk/src/rp2_common/hardware_sync_spin_lock/sync_spin_lock.c.obj
 .text.spin_locks_reset
                0x100010f0       0x18 CMakeFiles/thumby_color_test.dir/C_/msys64/home/Q/pico-sdk/src/rp2_common/hardware_sync_spin_lock/sync_spin_lock.c.obj
                0x100010f0                spin_locks_reset
 .text.runtime_init_per_core_irq_priorities
                0x10001108       0x40 CMakeFiles/thumby_color_test.dir/C_/msys64/home/Q/pico-sdk/src/rp2_common/hardware_irq/irq.c.obj
                0x10001108                runtime_init_per_core_irq_priorities
 .text.irq_set_enabled
                0x10001148       0x2c CMakeFiles/thumby_color_test.dir/C_/msys64/home/Q/pico-sdk/src/rp2_common/hardware_irq/irq.c.obj
                0x10001148                irq_set_enabled
 .text.irq_set_exclusive_handler
                0x10001174       0x60 CMakeFiles/thumby_color_test.dir/C_/msys64/home/Q/pico-sdk/src/rp2_common/hardware_irq/irq.c.obj
                0x10001174                irq_set_exclusive_handler
 .text.lock_init
                0x100011d4        0xc CMakeFiles/thumby_color_test.dir/C_/msys64/home/Q/pico-sdk/src/common/pico_sync/lock_core.c.obj
                0x100011d4                lock_init
 .text.runtime_init_mutex
                0x100011e0       0x4c CMakeFiles/thumby_color_test.dir/C_/msys64/home/Q/pico-sdk/src/common/pico_sync/mutex.c.obj
                0x100011e0                runtime_init_mutex
 .text.sleep_until_callback
                0x1000122c       0x3c CMakeFiles/thumby_color_test.dir/C_/msys64/home/Q/pico-sdk/src/common/pico_time/time.c.obj
 .text.alarm_pool_irq_handler
                0x10001268      0x2d0 CMakeFiles/thumby_color_test.dir/C_/msys64/home/Q/pico-sdk/src/common/pico_time/time.c.obj
 .text.runtime_init_default_alarm_pool
                0x10001538      0x100 CMakeFiles/thumby_color_test.dir/C_/msys64/home/Q/pico-sdk/src/common/pico_time/time.c.obj
                0x10001538                runtime_init_default_alarm_pool
 .text.alarm_pool_add_alarm_at_force_in_context
                0x10001638       0xc8 CMakeFiles/thumby_color_test.dir/C_/msys64/home/Q/pico-sdk/src/common/pico_time/time.c.obj
                0x10001638                alarm_pool_add_alarm_at_force_in_context
 .text.alarm_pool_cancel_alarm
                0x10001700       0x80 CMakeFiles/thumby_color_test.dir/C_/msys64/home/Q/pico-sdk/src/common/pico_time/time.c.obj
                0x10001700                alarm_pool_cancel_alarm
 .text.sleep_until
                0x10001780       0xbc CMakeFiles/thumby_color_test.dir/C_/msys64/home/Q/pico-sdk/src/common/pico_time/time.c.obj
                0x10001780                sleep_until
 .text.sleep_ms
                0x1000183c       0x2c CMakeFiles/thumby_color_test.dir/C_/msys64/home/Q/pico-sdk/src/common/pico_time/time.c.obj
                0x1000183c                sleep_ms
 .text.best_effort_wfe_or_timeout
                0x10001868      0x128 CMakeFiles/thumby_color_test.dir/C_/msys64/home/Q/pico-sdk/src/common/pico_time/time.c.obj
                0x10001868                best_effort_wfe_or_timeout
 .text.timer_hardware_alarm_claim
                0x10001990       0x24 CMakeFiles/thumby_color_test.dir/C_/msys64/home/Q/pico-sdk/src/rp2_common/hardware_timer/timer.c.obj
                0x10001990                timer_hardware_alarm_claim
 .text.timer_time_us_64
                0x100019b4       0x10 CMakeFiles/thumby_color_test.dir/C_/msys64/home/Q/pico-sdk/src/rp2_common/hardware_timer/timer.c.obj
                0x100019b4                timer_time_us_64
 .text.time_us_64
                0x100019c4       0x14 CMakeFiles/thumby_color_test.dir/C_/msys64/home/Q/pico-sdk/src/rp2_common/hardware_timer/timer.c.obj
                0x100019c4                time_us_64
 .text.busy_wait_until
                0x100019d8       0x24 CMakeFiles/thumby_color_test.dir/C_/msys64/home/Q/pico-sdk/src/rp2_common/hardware_timer/timer.c.obj
                0x100019d8                busy_wait_until
 .text.clock_configure_undivided
                0x100019fc       0xd0 CMakeFiles/thumby_color_test.dir/C_/msys64/home/Q/pico-sdk/src/rp2_common/hardware_clocks/clocks.c.obj
                0x100019fc                clock_configure_undivided
 .text.clock_get_hz
                0x10001acc        0xc CMakeFiles/thumby_color_test.dir/C_/msys64/home/Q/pico-sdk/src/rp2_common/hardware_clocks/clocks.c.obj
                0x10001acc                clock_get_hz
 .text.pll_init
                0x10001ad8       0x8c CMakeFiles/thumby_color_test.dir/C_/msys64/home/Q/pico-sdk/src/rp2_common/hardware_pll/pll.c.obj
                0x10001ad8                pll_init
 .text.tick_start
                0x10001b64       0x18 CMakeFiles/thumby_color_test.dir/C_/msys64/home/Q/pico-sdk/src/rp2_common/hardware_ticks/ticks.c.obj
                0x10001b64                tick_start
 .text.xosc_init
                0x10001b7c       0x2c CMakeFiles/thumby_color_test.dir/C_/msys64/home/Q/pico-sdk/src/rp2_common/hardware_xosc/xosc.c.obj
                0x10001b7c                xosc_init
 .text.first_per_core_initializer
                0x10001ba8        0x4 CMakeFiles/thumby_color_test.dir/C_/msys64/home/Q/pico-sdk/src/rp2_common/pico_runtime/runtime.c.obj
 .text.hard_assertion_failure
                0x10001bac        0xc CMakeFiles/thumby_color_test.dir/C_/msys64/home/Q/pico-sdk/src/rp2_common/pico_runtime/runtime.c.obj
                0x10001bac                hard_assertion_failure
 .text.runtime_run_initializers
                0x10001bb8       0x20 CMakeFiles/thumby_color_test.dir/C_/msys64/home/Q/pico-sdk/src/rp2_common/pico_runtime/runtime.c.obj
                0x10001bb8                runtime_run_initializers
 .text.runtime_init_early_resets
                0x10001bd8       0x34 CMakeFiles/thumby_color_test.dir/C_/msys64/home/Q/pico-sdk/src/rp2_common/pico_runtime_init/runtime_init.c.obj
                0x10001bd8                runtime_init_early_resets
 .text.runtime_init_usb_power_down
                0x10001c0c       0x1c CMakeFiles/thumby_color_test.dir/C_/msys64/home/Q/pico-sdk/src/rp2_common/pico_runtime_init/runtime_init.c.obj
                0x10001c0c                runtime_init_usb_power_down
 .text.runtime_init_per_core_enable_coprocessors
                0x10001c28       0x1c CMakeFiles/thumby_color_test.dir/C_/msys64/home/Q/pico-sdk/src/rp2_common/pico_runtime_init/runtime_init.c.obj
                0x10001c28                runtime_init_per_core_enable_coprocessors
 .text.runtime_init_post_clock_resets
                0x10001c44       0x20 CMakeFiles/thumby_color_test.dir/C_/msys64/home/Q/pico-sdk/src/rp2_common/pico_runtime_init/runtime_init.c.obj
                0x10001c44                runtime_init_post_clock_resets
 .text.runtime_init_bootrom_reset
                0x10001c64       0x14 CMakeFiles/thumby_color_test.dir/C_/msys64/home/Q/pico-sdk/src/rp2_common/pico_runtime_init/runtime_init.c.obj
                0x10001c64                runtime_init_bootrom_reset
 .text.runtime_init_per_core_bootrom_reset
                0x10001c78       0x14 CMakeFiles/thumby_color_test.dir/C_/msys64/home/Q/pico-sdk/src/rp2_common/pico_runtime_init/runtime_init.c.obj
                0x10001c78                runtime_init_per_core_bootrom_reset
 .text.runtime_init_spin_locks_reset
                0x10001c8c        0x4 CMakeFiles/thumby_color_test.dir/C_/msys64/home/Q/pico-sdk/src/rp2_common/pico_runtime_init/runtime_init.c.obj
                0x10001c8c                runtime_init_spin_locks_reset
 .text.runtime_init_install_ram_vector_table
                0x10001c90       0x20 CMakeFiles/thumby_color_test.dir/C_/msys64/home/Q/pico-sdk/src/rp2_common/pico_runtime_init/runtime_init.c.obj
                0x10001c90                runtime_init_install_ram_vector_table
 .text.runtime_init_clocks
                0x10001cb0       0xdc CMakeFiles/thumby_color_test.dir/C_/msys64/home/Q/pico-sdk/src/rp2_common/pico_runtime_init/runtime_init_clocks.c.obj
                0x10001cb0                runtime_init_clocks
 .text.rom_func_lookup
                0x10001d8c       0x20 CMakeFiles/thumby_color_test.dir/C_/msys64/home/Q/pico-sdk/src/rp2_common/pico_bootrom/bootrom.c.obj
                0x10001d8c                rom_func_lookup
 .text.runtime_init_bootrom_locking_enable
                0x10001dac       0x14 CMakeFiles/thumby_color_test.dir/C_/msys64/home/Q/pico-sdk/src/rp2_common/pico_bootrom/bootrom_lock.c.obj
                0x10001dac                runtime_init_bootrom_locking_enable
 .text.runtime_init_boot_locks_reset
                0x10001dc0       0x1c CMakeFiles/thumby_color_test.dir/C_/msys64/home/Q/pico-sdk/src/rp2_common/hardware_boot_lock/boot_lock.c.obj
                0x10001dc0                runtime_init_boot_locks_reset
 .text._out_char
                0x10001ddc        0x8 CMakeFiles/thumby_color_test.dir/C_/msys64/home/Q/pico-sdk/src/rp2_common/pico_printf/printf.c.obj
 .text.weak_raw_vprintf
                0x10001de4       0x30 CMakeFiles/thumby_color_test.dir/C_/msys64/home/Q/pico-sdk/src/rp2_common/pico_printf/printf.c.obj
                0x10001de4                weak_raw_vprintf
 .text._exit    0x10001e14        0x4 CMakeFiles/thumby_color_test.dir/C_/msys64/home/Q/pico-sdk/src/rp2_common/pico_clib_interface/newlib_interface.c.obj
                0x10001e14                _exit
 .text.exit     0x10001e18        0x8 CMakeFiles/thumby_color_test.dir/C_/msys64/home/Q/pico-sdk/src/rp2_common/pico_clib_interface/newlib_interface.c.obj
                0x10001e18                exit
 .text.runtime_init
                0x10001e20       0x24 CMakeFiles/thumby_color_test.dir/C_/msys64/home/Q/pico-sdk/src/rp2_common/pico_clib_interface/newlib_interface.c.obj
                0x10001e20                runtime_init
 .text.stdio_out_chars_no_crlf
                0x10001e44        0x8 CMakeFiles/thumby_color_test.dir/C_/msys64/home/Q/pico-sdk/src/rp2_common/pico_stdio/stdio.c.obj
 .text.stdio_out_chars_crlf
                0x10001e4c       0xac CMakeFiles/thumby_color_test.dir/C_/msys64/home/Q/pico-sdk/src/rp2_common/pico_stdio/stdio.c.obj
 .text.stdio_put_string
                0x10001ef8       0xf0 CMakeFiles/thumby_color_test.dir/C_/msys64/home/Q/pico-sdk/src/rp2_common/pico_stdio/stdio.c.obj
                0x10001ef8                stdio_put_string
 .text.__wrap_putchar
                0x10001fe8       0x84 CMakeFiles/thumby_color_test.dir/C_/msys64/home/Q/pico-sdk/src/rp2_common/pico_stdio/stdio.c.obj
                0x10001fe8                __wrap_putchar
                0x10001fe8                stdio_putchar
 .text.__wrap_puts
                0x1000206c       0x3c CMakeFiles/thumby_color_test.dir/C_/msys64/home/Q/pico-sdk/src/rp2_common/pico_stdio/stdio.c.obj
                0x1000206c                stdio_puts
                0x1000206c                __wrap_puts
 .text.startup._retrieve_unique_id_on_boot
                0x100020a8       0x30 CMakeFiles/thumby_color_test.dir/C_/msys64/home/Q/pico-sdk/src/rp2_common/pico_unique_id/unique_id.c.obj
 .text.spi_init
                0x100020d8       0xf4 CMakeFiles/thumby_color_test.dir/C_/msys64/home/Q/pico-sdk/src/rp2_common/hardware_spi/spi.c.obj
                0x100020d8                spi_init
 .text          0x100021cc        0xc C:/msys64/mingw64/bin/../lib/gcc/arm-none-eabi/13.3.0/../../../../arm-none-eabi/lib/thumb/v8-m.main+fp/softfp\libg.a(libc_a-atexit.o)
                0x100021cc                atexit
 .text          0x100021d8       0xa8 C:/msys64/mingw64/bin/../lib/gcc/arm-none-eabi/13.3.0/../../../../arm-none-eabi/lib/thumb/v8-m.main+fp/softfp\libg.a(libc_a-memset.o)
                0x100021d8                memset
 .text          0x10002280       0x28 C:/msys64/mingw64/bin/../lib/gcc/arm-none-eabi/13.3.0/../../../../arm-none-eabi/lib/thumb/v8-m.main+fp/softfp\libg.a(libc_a-fini.o)
                0x10002280                __libc_fini_array
 .text          0x100022a8       0x28 C:/msys64/mingw64/bin/../lib/gcc/arm-none-eabi/13.3.0/../../../../arm-none-eabi/lib/thumb/v8-m.main+fp/softfp\libg.a(libc_a-lock.o)
                0x100022a8                __retarget_lock_init
                0x100022ac                __retarget_lock_init_recursive
                0x100022b0                __retarget_lock_close
                0x100022b4                __retarget_lock_close_recursive
                0x100022b8                __retarget_lock_acquire
                0x100022bc                __retarget_lock_acquire_recursive
                0x100022c0                __retarget_lock_try_acquire
                0x100022c4                __retarget_lock_try_acquire_recursive
                0x100022c8                __retarget_lock_release
                0x100022cc                __retarget_lock_release_recursive
 .text          0x100022d0       0xec C:/msys64/mingw64/bin/../lib/gcc/arm-none-eabi/13.3.0/../../../../arm-none-eabi/lib/thumb/v8-m.main+fp/softfp\libg.a(libc_a-memcpy.o)
                0x100022d0                memcpy
 .text          0x100023bc       0x5c C:/msys64/mingw64/bin/../lib/gcc/arm-none-eabi/13.3.0/../../../../arm-none-eabi/lib/thumb/v8-m.main+fp/softfp\libg.a(libc_a-strlen-stub.o)
                0x100023bc                strlen
 .text          0x10002418       0x84 C:/msys64/mingw64/bin/../lib/gcc/arm-none-eabi/13.3.0/../../../../arm-none-eabi/lib/thumb/v8-m.main+fp/softfp\libg.a(libc_a-__atexit.o)
                0x10002418                __register_exitproc
 .text.startup  0x1000249c       0x14 C:/msys64/mingw64/bin/../lib/gcc/arm-none-eabi/13.3.0/../../../../arm-none-eabi/lib/thumb/v8-m.main+fp/softfp\libg.a(libc_a-__call_atexit.o)
 *(.fini)
 .fini          0x100024b0        0x4 C:/msys64/mingw64/bin/../lib/gcc/arm-none-eabi/13.3.0/thumb/v8-m.main+fp/softfp/crti.o
                0x100024b0                _fini
 *fill*         0x100024b4        0x4 
 .fini.__stub   0x100024b8       0x20 linker stubs
 *crtbegin.o(.ctors)
 *crtbegin?.o(.ctors)
 *(EXCLUDE_FILE(*crtend.o *crtend?.o) .ctors)
 *(SORT_BY_NAME(.ctors.*))
 *(.ctors)
 *crtbegin.o(.dtors)
 *crtbegin?.o(.dtors)
 *(EXCLUDE_FILE(*crtend.o *crtend?.o) .dtors)
 *(SORT_BY_NAME(.dtors.*))
 *(.dtors)
                0x100024d8                        . = ALIGN (0x4)
                0x100024d8                        PROVIDE (__preinit_array_start = .)
 *(SORT_BY_NAME(.preinit_array.*))
 .preinit_array.00050
                0x100024d8        0x4 CMakeFiles/thumby_color_test.dir/C_/msys64/home/Q/pico-sdk/src/rp2_common/pico_runtime_init/runtime_init.c.obj
                0x100024d8                __pre_init_runtime_init_bootrom_reset
 .preinit_array.00100
                0x100024dc        0x4 CMakeFiles/thumby_color_test.dir/C_/msys64/home/Q/pico-sdk/src/rp2_common/pico_runtime_init/runtime_init.c.obj
                0x100024dc                __pre_init_runtime_init_early_resets
 .preinit_array.00101
                0x100024e0        0x4 CMakeFiles/thumby_color_test.dir/C_/msys64/home/Q/pico-sdk/src/rp2_common/pico_runtime_init/runtime_init.c.obj
                0x100024e0                __pre_init_runtime_init_usb_power_down
 .preinit_array.00500
                0x100024e4        0x4 CMakeFiles/thumby_color_test.dir/C_/msys64/home/Q/pico-sdk/src/rp2_common/pico_runtime_init/runtime_init.c.obj
                0x100024e4                __pre_init_runtime_init_clocks
 .preinit_array.00600
                0x100024e8        0x4 CMakeFiles/thumby_color_test.dir/C_/msys64/home/Q/pico-sdk/src/rp2_common/pico_runtime_init/runtime_init.c.obj
                0x100024e8                __pre_init_runtime_init_post_clock_resets
 .preinit_array.01000
                0x100024ec        0x4 CMakeFiles/thumby_color_test.dir/C_/msys64/home/Q/pico-sdk/src/rp2_common/pico_runtime_init/runtime_init.c.obj
                0x100024ec                __pre_init_runtime_init_spin_locks_reset
 .preinit_array.01000
                0x100024f0        0x4 CMakeFiles/thumby_color_test.dir/C_/msys64/home/Q/pico-sdk/src/rp2_common/hardware_boot_lock/boot_lock.c.obj
                0x100024f0                __pre_init_runtime_init_boot_locks_reset
 .preinit_array.01010
                0x100024f4        0x4 CMakeFiles/thumby_color_test.dir/C_/msys64/home/Q/pico-sdk/src/rp2_common/pico_bootrom/bootrom_lock.c.obj
                0x100024f4                __pre_init_runtime_init_bootrom_locking_enable
 .preinit_array.01100
                0x100024f8        0x4 CMakeFiles/thumby_color_test.dir/C_/msys64/home/Q/pico-sdk/src/common/pico_sync/mutex.c.obj
                0x100024f8                __pre_init_runtime_init_mutex
 .preinit_array.10080
                0x100024fc        0x4 CMakeFiles/thumby_color_test.dir/C_/msys64/home/Q/pico-sdk/src/rp2_common/pico_runtime_init/runtime_init.c.obj
                0x100024fc                __pre_init_runtime_init_install_ram_vector_table
 .preinit_array.11000
                0x10002500        0x4 CMakeFiles/thumby_color_test.dir/C_/msys64/home/Q/pico-sdk/src/common/pico_time/time.c.obj
                0x10002500                __pre_init_runtime_init_default_alarm_pool
 .preinit_array.YYYYY
                0x10002504        0x4 CMakeFiles/thumby_color_test.dir/C_/msys64/home/Q/pico-sdk/src/rp2_common/pico_runtime/runtime.c.obj
                0x10002504                __pre_init_first_per_core_initializer
 .preinit_array.ZZZZZ.00051
                0x10002508        0x4 CMakeFiles/thumby_color_test.dir/C_/msys64/home/Q/pico-sdk/src/rp2_common/pico_runtime_init/runtime_init.c.obj
                0x10002508                __pre_init_runtime_init_per_core_bootrom_reset
 .preinit_array.ZZZZZ.00200
                0x1000250c        0x4 CMakeFiles/thumby_color_test.dir/C_/msys64/home/Q/pico-sdk/src/rp2_common/pico_runtime_init/runtime_init.c.obj
                0x1000250c                __pre_init_runtime_init_per_core_enable_coprocessors
 .preinit_array.ZZZZZ.01000
                0x10002510        0x4 CMakeFiles/thumby_color_test.dir/C_/msys64/home/Q/pico-sdk/src/rp2_common/hardware_sync_spin_lock/sync_spin_lock.c.obj
                0x10002510                __pre_init_spinlock_set_extexclall
 .preinit_array.ZZZZZ.01200
                0x10002514        0x4 CMakeFiles/thumby_color_test.dir/C_/msys64/home/Q/pico-sdk/src/rp2_common/hardware_irq/irq.c.obj
                0x10002514                __pre_init_runtime_init_per_core_irq_priorities
 *(.preinit_array)
                0x10002518                        PROVIDE (__preinit_array_end = .)
                0x10002518                        . = ALIGN (0x4)
                0x10002518                        PROVIDE (__init_array_start = .)
 *(SORT_BY_NAME(.init_array.*))
 .init_array.00000
                0x10002518        0x4 C:/msys64/mingw64/bin/../lib/gcc/arm-none-eabi/13.3.0/../../../../arm-none-eabi/lib/thumb/v8-m.main+fp/softfp\libg.a(libc_a-__call_atexit.o)
 *(.init_array)
 .init_array    0x1000251c        0x4 C:/msys64/mingw64/bin/../lib/gcc/arm-none-eabi/13.3.0/thumb/v8-m.main+fp/softfp/crtbegin.o
 .init_array    0x10002520        0x4 CMakeFiles/thumby_color_test.dir/C_/msys64/home/Q/pico-sdk/src/rp2_common/pico_unique_id/unique_id.c.obj
                0x10002524                        PROVIDE (__init_array_end = .)
                0x10002524                        . = ALIGN (0x4)
                0x10002524                        PROVIDE (__fini_array_start = .)
 *(SORT_BY_NAME(.fini_array.*))
 *(.fini_array)
                0x10002524                        PROVIDE (__fini_array_end = .)
 *(.eh_frame*)
 .eh_frame      0x10002524        0x0 C:/msys64/mingw64/bin/../lib/gcc/arm-none-eabi/13.3.0/thumb/v8-m.main+fp/softfp/crtbegin.o
                0x10002524                        . = ALIGN (0x4)

.glue_7         0x10002524        0x0
 .glue_7        0x10002524        0x0 linker stubs

.glue_7t        0x10002524        0x0
 .glue_7t       0x10002524        0x0 linker stubs

.vfp11_veneer   0x10002524        0x0
 .vfp11_veneer  0x10002524        0x0 linker stubs

.v4_bx          0x10002524        0x0
 .v4_bx         0x10002524        0x0 linker stubs

.iplt           0x10002524        0x0
 .iplt          0x10002524        0x0 C:/msys64/mingw64/bin/../lib/gcc/arm-none-eabi/13.3.0/thumb/v8-m.main+fp/softfp/crtbegin.o

.boot2          0x10002524        0x0
                0x10002524                        __boot2_start__ = .
 *(.boot2)
                0x10002524                        __boot2_end__ = .
                0x00000001                        ASSERT (((__boot2_end__ - __boot2_start__) <= 0x100), ERROR: Pico second stage bootloader must be no more than 256 bytes in size)

.rodata         0x10002524      0x104
 *(EXCLUDE_FILE(*libm.a: *libc.a:*lib_a-mem*.o *libgcc.a:) .rodata*)
 .rodata        0x10002524       0x1e CMakeFiles/thumby_color_test.dir/main.c.obj
 *fill*         0x10002542        0x2 
 .rodata.panic.str1.4
                0x10002544       0x98 CMakeFiles/thumby_color_test.dir/C_/msys64/home/Q/pico-sdk/src/rp2_common/pico_platform_panic/panic.c.obj
                                 0x12 (size before relaxing)
 .rodata.timer_hardware_alarm_claim.str1.4
                0x100025dc       0x22 CMakeFiles/thumby_color_test.dir/C_/msys64/home/Q/pico-sdk/src/rp2_common/hardware_timer/timer.c.obj
 .rodata.hard_assertion_failure.str1.4
                0x100025dc        0xc CMakeFiles/thumby_color_test.dir/C_/msys64/home/Q/pico-sdk/src/rp2_common/pico_runtime/runtime.c.obj
 .rodata.str1.4
                0x100025dc       0x54 CMakeFiles/thumby_color_test.dir/C_/msys64/home/Q/pico-sdk/src/rp2_common/pico_standard_binary_info/standard_binary_info.c.obj
 .rodata.__bi_84
                0x100025dc        0xc CMakeFiles/thumby_color_test.dir/C_/msys64/home/Q/pico-sdk/src/rp2_common/pico_standard_binary_info/standard_binary_info.c.obj
 .rodata.__bi_54
                0x100025e8        0xc CMakeFiles/thumby_color_test.dir/C_/msys64/home/Q/pico-sdk/src/rp2_common/pico_standard_binary_info/standard_binary_info.c.obj
 .rodata.__bi_48
                0x100025f4        0xc CMakeFiles/thumby_color_test.dir/C_/msys64/home/Q/pico-sdk/src/rp2_common/pico_standard_binary_info/standard_binary_info.c.obj
 .rodata.__bi_42
                0x10002600        0xc CMakeFiles/thumby_color_test.dir/C_/msys64/home/Q/pico-sdk/src/rp2_common/pico_standard_binary_info/standard_binary_info.c.obj
 .rodata.__bi_34
                0x1000260c        0xc CMakeFiles/thumby_color_test.dir/C_/msys64/home/Q/pico-sdk/src/rp2_common/pico_standard_binary_info/standard_binary_info.c.obj
 .rodata.__bi_26
                0x10002618        0xc CMakeFiles/thumby_color_test.dir/C_/msys64/home/Q/pico-sdk/src/rp2_common/pico_standard_binary_info/standard_binary_info.c.obj
 .rodata.crlf_str.0
                0x10002624        0x2 CMakeFiles/thumby_color_test.dir/C_/msys64/home/Q/pico-sdk/src/rp2_common/pico_stdio/stdio.c.obj
 *(.srodata*)
                0x10002630                        . = ALIGN (0x4)
 *fill*         0x10002626        0x2 
 *(SORT_BY_ALIGNMENT(SORT_BY_NAME(.flashdata*)))
                0x10002628                        . = ALIGN (0x4)

.ARM.extab
 *(.ARM.extab* .gnu.linkonce.armextab.*)
                0x10002628                        __exidx_start = .

.ARM.exidx      0x10002628        0x8
 *(.ARM.exidx* .gnu.linkonce.armexidx.*)
 .ARM.exidx     0x10002628        0x8 C:/msys64/mingw64/bin/../lib/gcc/arm-none-eabi/13.3.0/../../../../arm-none-eabi/lib/thumb/v8-m.main+fp/softfp\libg.a(libc_a-memcpy.o)
                0x10002630                        __exidx_end = .
                0x10002630                        . = ALIGN (0x4)
                0x10002630                        __binary_info_start = .

.binary_info    0x10002630       0x18
 *(.binary_info.keep.*)
 .binary_info.keep.__bi_ptr84
                0x10002630        0x4 CMakeFiles/thumby_color_test.dir/C_/msys64/home/Q/pico-sdk/src/rp2_common/pico_standard_binary_info/standard_binary_info.c.obj
 .binary_info.keep.__bi_ptr54
                0x10002634        0x4 CMakeFiles/thumby_color_test.dir/C_/msys64/home/Q/pico-sdk/src/rp2_common/pico_standard_binary_info/standard_binary_info.c.obj
 .binary_info.keep.__bi_ptr48
                0x10002638        0x4 CMakeFiles/thumby_color_test.dir/C_/msys64/home/Q/pico-sdk/src/rp2_common/pico_standard_binary_info/standard_binary_info.c.obj
 .binary_info.keep.__bi_ptr42
                0x1000263c        0x4 CMakeFiles/thumby_color_test.dir/C_/msys64/home/Q/pico-sdk/src/rp2_common/pico_standard_binary_info/standard_binary_info.c.obj
 .binary_info.keep.__bi_ptr34
                0x10002640        0x4 CMakeFiles/thumby_color_test.dir/C_/msys64/home/Q/pico-sdk/src/rp2_common/pico_standard_binary_info/standard_binary_info.c.obj
 .binary_info.keep.__bi_ptr26
                0x10002644        0x4 CMakeFiles/thumby_color_test.dir/C_/msys64/home/Q/pico-sdk/src/rp2_common/pico_standard_binary_info/standard_binary_info.c.obj
 *(.binary_info.*)
                0x10002648                        __binary_info_end = .
                0x10002648                        . = ALIGN (0x4)

.ram_vector_table
                0x20000000      0x110
 *(.ram_vector_table)
 .ram_vector_table
                0x20000000      0x110 CMakeFiles/thumby_color_test.dir/C_/msys64/home/Q/pico-sdk/src/rp2_common/pico_runtime_init/runtime_init.c.obj
                0x20000000                ram_vector_table

.uninitialized_data
                0x20000110        0x0
                0x20000110                        . = ALIGN (0x4)
 *(.uninitialized_data*)

.data           0x20000110      0x268 load address 0x10002648
                0x20000110                        __data_start__ = .
 *(vtable)
 *(.time_critical*)
 .time_critical.mutex_enter_block_until
                0x20000110       0x70 CMakeFiles/thumby_color_test.dir/C_/msys64/home/Q/pico-sdk/src/common/pico_sync/mutex.c.obj
                0x20000110                mutex_enter_block_until
 .time_critical.mutex_try_enter_block_until
                0x20000180       0x6c CMakeFiles/thumby_color_test.dir/C_/msys64/home/Q/pico-sdk/src/common/pico_sync/mutex.c.obj
                0x20000180                mutex_try_enter_block_until
 .time_critical.mutex_exit
                0x200001ec       0x3c CMakeFiles/thumby_color_test.dir/C_/msys64/home/Q/pico-sdk/src/common/pico_sync/mutex.c.obj
                0x200001ec                mutex_exit
 .time_critical.spi_write_blocking
                0x20000228       0x90 CMakeFiles/thumby_color_test.dir/C_/msys64/home/Q/pico-sdk/src/rp2_common/hardware_spi/spi.c.obj
                0x20000228                spi_write_blocking
 .time_critical.spi_write16_blocking
                0x200002b8       0x90 CMakeFiles/thumby_color_test.dir/C_/msys64/home/Q/pico-sdk/src/rp2_common/hardware_spi/spi.c.obj
                0x200002b8                spi_write16_blocking
 .time_critical.spi_write16_blocking.__stub
                0x20000348        0x8 linker stubs
 *(.text*)
                0x20000350                        . = ALIGN (0x4)
 *(.rodata*)
                0x20000350                        . = ALIGN (0x4)
 *(.data*)
 .data.striped_spin_lock_num
                0x20000350        0x1 CMakeFiles/thumby_color_test.dir/C_/msys64/home/Q/pico-sdk/src/rp2_common/hardware_sync/sync.c.obj
 *fill*         0x20000351        0x3 
 .data.default_alarm_pool
                0x20000354       0x18 CMakeFiles/thumby_color_test.dir/C_/msys64/home/Q/pico-sdk/src/common/pico_time/time.c.obj
 .data          0x2000036c        0x4 C:/msys64/mingw64/bin/../lib/gcc/arm-none-eabi/13.3.0/../../../../arm-none-eabi/lib/thumb/v8-m.main+fp/softfp\libg.a(libc_a-__call_atexit.o)
                0x2000036c                __atexit_recursive_mutex
 *(.sdata*)
                0x20000370                        . = ALIGN (0x4)
 *(.after_data.*)
                0x20000370                        . = ALIGN (0x4)
                0x20000370                        PROVIDE (__mutex_array_start = .)
 *(SORT_BY_NAME(.mutex_array.*))
 *(.mutex_array)
 .mutex_array   0x20000370        0x8 CMakeFiles/thumby_color_test.dir/C_/msys64/home/Q/pico-sdk/src/rp2_common/pico_stdio/stdio.c.obj
                0x20000378                        PROVIDE (__mutex_array_end = .)
 *(.jcr)
                0x20000378                        . = ALIGN (0x4)

.igot.plt       0x20000378        0x0 load address 0x100028b0
 .igot.plt      0x20000378        0x0 C:/msys64/mingw64/bin/../lib/gcc/arm-none-eabi/13.3.0/thumb/v8-m.main+fp/softfp/crtbegin.o

.tdata          0x20000378        0x0 load address 0x100028b0
                0x20000378                        . = ALIGN (0x4)
 *(.tdata .tdata.* .gnu.linkonce.td.*)
                0x20000378                        __tdata_end = .
                0x20000378                        PROVIDE (__data_end__ = .)
                0x10002648                        __etext = LOADADDR (.data)

.tbss           0x20000378        0x0 load address 0x100028b0
                0x20000378                        . = ALIGN (0x4)
                0x20000378                        __bss_start__ = .
                0x20000378                        __tls_base = .
 *(.tbss .tbss.* .gnu.linkonce.tb.*)
 *(.tcommon)
                0x20000378                        __tls_end = .

.bss            0x20000378      0x4d0 load address 0x100028b0
                0x20000378                        . = ALIGN (0x4)
                0x20000378                        __tbss_end = .
 *(SORT_BY_ALIGNMENT(SORT_BY_NAME(.bss*)))
 .bss.default_alarm_pool_entries
                0x20000378      0x180 CMakeFiles/thumby_color_test.dir/C_/msys64/home/Q/pico-sdk/src/common/pico_time/time.c.obj
 .bss           0x200004f8       0x1d C:/msys64/mingw64/bin/../lib/gcc/arm-none-eabi/13.3.0/../../../../arm-none-eabi/lib/thumb/v8-m.main+fp/softfp\libg.a(libc_a-lock.o)
                0x200004f8                __lock___arc4random_mutex
                0x200004fc                __lock___dd_hash_mutex
                0x20000500                __lock___tz_mutex
                0x20000504                __lock___env_recursive_mutex
                0x20000508                __lock___malloc_recursive_mutex
                0x2000050c                __lock___at_quick_exit_mutex
                0x20000510                __lock___atexit_recursive_mutex
                0x20000514                __lock___sfp_recursive_mutex
 *fill*         0x20000515        0x3 
 .bss           0x20000518      0x190 C:/msys64/mingw64/bin/../lib/gcc/arm-none-eabi/13.3.0/../../../../arm-none-eabi/lib/thumb/v8-m.main+fp/softfp\libg.a(libc_a-__atexit.o)
                0x20000518                __atexit0
 .bss           0x200006a8        0x4 C:/msys64/mingw64/bin/../lib/gcc/arm-none-eabi/13.3.0/../../../../arm-none-eabi/lib/thumb/v8-m.main+fp/softfp\libg.a(libc_a-__call_atexit.o)
                0x200006a8                __atexit
 .bss._sw_spin_locks
                0x200006ac       0x20 CMakeFiles/thumby_color_test.dir/C_/msys64/home/Q/pico-sdk/src/rp2_common/hardware_sync_spin_lock/sync_spin_lock.c.obj
                0x200006ac                _sw_spin_locks
 .bss.claimed   0x200006cc        0x2 CMakeFiles/thumby_color_test.dir/C_/msys64/home/Q/pico-sdk/src/rp2_common/hardware_timer/timer.c.obj
 *fill*         0x200006ce        0x2 
 .bss.configured_freq
                0x200006d0       0x28 CMakeFiles/thumby_color_test.dir/C_/msys64/home/Q/pico-sdk/src/rp2_common/hardware_clocks/clocks.c.obj
 .bss.drivers   0x200006f8        0x4 CMakeFiles/thumby_color_test.dir/C_/msys64/home/Q/pico-sdk/src/rp2_common/pico_stdio/stdio.c.obj
 .bss.filter    0x200006fc        0x4 CMakeFiles/thumby_color_test.dir/C_/msys64/home/Q/pico-sdk/src/rp2_common/pico_stdio/stdio.c.obj
 .bss.lazy_vsnprintf
                0x20000700        0x4 CMakeFiles/thumby_color_test.dir/C_/msys64/home/Q/pico-sdk/src/rp2_common/pico_printf/printf.c.obj
 .bss.line.0    0x20000704      0x100 CMakeFiles/thumby_color_test.dir/main.c.obj
 .bss.object.0  0x20000804       0x18 C:/msys64/mingw64/bin/../lib/gcc/arm-none-eabi/13.3.0/thumb/v8-m.main+fp/softfp/crtbegin.o
 .bss.pools     0x2000081c       0x20 CMakeFiles/thumby_color_test.dir/C_/msys64/home/Q/pico-sdk/src/common/pico_time/time.c.obj
 .bss.retrieved_id
                0x2000083c        0x8 CMakeFiles/thumby_color_test.dir/C_/msys64/home/Q/pico-sdk/src/rp2_common/pico_unique_id/unique_id.c.obj
 .bss.sleep_notifier
                0x20000844        0x4 CMakeFiles/thumby_color_test.dir/C_/msys64/home/Q/pico-sdk/src/common/pico_time/time.c.obj
 *(COMMON)
                [!provide]                        PROVIDE (__global_pointer$ = (. + 0x800))
 *(.sbss*)
                0x20000848                        . = ALIGN (0x4)
                0x20000848                        __bss_end__ = .

.heap           0x20000848    0x7f7b8 load address 0x100028b0
                0x20000848                        __end__ = .
                0x20000848                        end = __end__
 *(.heap*)
 .heap          0x20000848      0x800 CMakeFiles/thumby_color_test.dir/C_/msys64/home/Q/pico-sdk/src/rp2_common/pico_crt0/crt0.S.obj
                0x20080000                        . = (ORIGIN (RAM) + LENGTH (RAM))
 *fill*         0x20001048    0x7efb8 
                0x20080000                        __HeapLimit = .

.scratch_x      0x20080000        0x0 load address 0x100028b0
                0x20080000                        __scratch_x_start__ = .
 *(.scratch_x.*)
                0x20080000                        . = ALIGN (0x4)
                0x20080000                        __scratch_x_end__ = .
                0x100028b0                        __scratch_x_source__ = LOADADDR (.scratch_x)

.scratch_y      0x20081000        0x0 load address 0x100028b0
                0x20081000                        __scratch_y_start__ = .
 *(.scratch_y.*)
                0x20081000                        . = ALIGN (0x4)
                0x20081000                        __scratch_y_end__ = .
                0x100028b0                        __scratch_y_source__ = LOADADDR (.scratch_y)

.stack1_dummy
 *(.stack1*)

.stack_dummy    0x20081000      0x800
 *(.stack*)
 .stack         0x20081000      0x800 CMakeFiles/thumby_color_test.dir/C_/msys64/home/Q/pico-sdk/src/rp2_common/pico_crt0/crt0.S.obj

.flash_end      0x100028b0       0x14
 *(.embedded_end_block*)
 .embedded_end_block
                0x100028b0       0x14 CMakeFiles/thumby_color_test.dir/C_/msys64/home/Q/pico-sdk/src/rp2_common/pico_crt0/crt0.S.obj
                0x100028c4                        PROVIDE (__flash_binary_end = .)
                0x20080000                        __StackLimit = (ORIGIN (RAM) + LENGTH (RAM))
                0x20081000                        __StackOneTop = (ORIGIN (SCRATCH_X) + LENGTH (SCRATCH_X))
                0x20082000                        __StackTop = (ORIGIN (SCRATCH_Y) + LENGTH (SCRATCH_Y))
                0x20081000                        __StackOneBottom = (__StackOneTop - SIZEOF (.stack1_dummy))
                0x20081800                        __StackBottom = (__StackTop - SIZEOF (.stack_dummy))
                0x20082000                        PROVIDE (__stack = __StackTop)
                [!provide]                        PROVIDE (__heap_start = __end__)
                [!provide]                        PROVIDE (__heap_end = __HeapLimit)
                [!provide]                        PROVIDE (__tls_align = MAX (ALIGNOF (.tdata), ALIGNOF (.tbss)))
                [!provide]                        PROVIDE (__tls_size_align = (((__tls_size + __tls_align) - 0x1) & ~ ((__tls_align - 0x1))))
                [!provide]                        PROVIDE (__arm32_tls_tcb_offset = MAX (0x8, __tls_align))
                [!provide]                        PROVIDE (_end = __end__)
                [!provide]                        PROVIDE (__llvm_libc_heap_limit = __HeapLimit)
                0x00000001                        ASSERT ((__StackLimit >= __HeapLimit), region RAM overflowed)
                0x00000001                        ASSERT (((__binary_info_header_end - __logical_binary_start) <= 0x400), Binary info must be in first 1024 bytes of the binary)
                0x00000001                        ASSERT (((__embedded_block_end - __logical_binary_start) <= 0x1000), Embedded block must be in first 4096 bytes of the binary)
LOAD CMakeFiles/thumby_color_test.dir/main.c.obj
LOAD CMakeFiles/thumby_color_test.dir/C_/msys64/home/Q/pico-sdk/src/rp2_common/pico_stdlib/stdlib.c.obj
LOAD CMakeFiles/thumby_color_test.dir/C_/msys64/home/Q/pico-sdk/src/rp2_common/hardware_gpio/gpio.c.obj
LOAD CMakeFiles/thumby_color_test.dir/C_/msys64/home/Q/pico-sdk/src/rp2350/pico_platform/platform.c.obj
LOAD CMakeFiles/thumby_color_test.dir/C_/msys64/home/Q/pico-sdk/src/rp2_common/pico_platform_panic/panic.c.obj
LOAD CMakeFiles/thumby_color_test.dir/C_/msys64/home/Q/pico-sdk/src/common/hardware_claim/claim.c.obj
LOAD CMakeFiles/thumby_color_test.dir/C_/msys64/home/Q/pico-sdk/src/rp2_common/hardware_sync/sync.c.obj
LOAD CMakeFiles/thumby_color_test.dir/C_/msys64/home/Q/pico-sdk/src/rp2_common/hardware_sync_spin_lock/sync_spin_lock.c.obj
LOAD CMakeFiles/thumby_color_test.dir/C_/msys64/home/Q/pico-sdk/src/rp2_common/hardware_irq/irq.c.obj
LOAD CMakeFiles/thumby_color_test.dir/C_/msys64/home/Q/pico-sdk/src/rp2_common/hardware_irq/irq_handler_chain.S.obj
LOAD CMakeFiles/thumby_color_test.dir/C_/msys64/home/Q/pico-sdk/src/common/pico_sync/sem.c.obj
LOAD CMakeFiles/thumby_color_test.dir/C_/msys64/home/Q/pico-sdk/src/common/pico_sync/lock_core.c.obj
LOAD CMakeFiles/thumby_color_test.dir/C_/msys64/home/Q/pico-sdk/src/common/pico_sync/mutex.c.obj
LOAD CMakeFiles/thumby_color_test.dir/C_/msys64/home/Q/pico-sdk/src/common/pico_sync/critical_section.c.obj
LOAD CMakeFiles/thumby_color_test.dir/C_/msys64/home/Q/pico-sdk/src/common/pico_time/time.c.obj
LOAD CMakeFiles/thumby_color_test.dir/C_/msys64/home/Q/pico-sdk/src/common/pico_time/timeout_helper.c.obj
LOAD CMakeFiles/thumby_color_test.dir/C_/msys64/home/Q/pico-sdk/src/rp2_common/hardware_timer/timer.c.obj
LOAD CMakeFiles/thumby_color_test.dir/C_/msys64/home/Q/pico-sdk/src/common/pico_util/datetime.c.obj
LOAD CMakeFiles/thumby_color_test.dir/C_/msys64/home/Q/pico-sdk/src/common/pico_util/pheap.c.obj
LOAD CMakeFiles/thumby_color_test.dir/C_/msys64/home/Q/pico-sdk/src/common/pico_util/queue.c.obj
LOAD CMakeFiles/thumby_color_test.dir/C_/msys64/home/Q/pico-sdk/src/rp2_common/hardware_uart/uart.c.obj
LOAD CMakeFiles/thumby_color_test.dir/C_/msys64/home/Q/pico-sdk/src/rp2_common/hardware_clocks/clocks.c.obj
LOAD CMakeFiles/thumby_color_test.dir/C_/msys64/home/Q/pico-sdk/src/rp2_common/hardware_pll/pll.c.obj
LOAD CMakeFiles/thumby_color_test.dir/C_/msys64/home/Q/pico-sdk/src/rp2_common/hardware_vreg/vreg.c.obj
LOAD CMakeFiles/thumby_color_test.dir/C_/msys64/home/Q/pico-sdk/src/rp2_common/hardware_watchdog/watchdog.c.obj
LOAD CMakeFiles/thumby_color_test.dir/C_/msys64/home/Q/pico-sdk/src/rp2_common/hardware_ticks/ticks.c.obj
LOAD CMakeFiles/thumby_color_test.dir/C_/msys64/home/Q/pico-sdk/src/rp2_common/hardware_xosc/xosc.c.obj
LOAD CMakeFiles/thumby_color_test.dir/C_/msys64/home/Q/pico-sdk/src/rp2_common/hardware_divider/divider.c.obj
LOAD CMakeFiles/thumby_color_test.dir/C_/msys64/home/Q/pico-sdk/src/rp2_common/pico_runtime/runtime.c.obj
LOAD CMakeFiles/thumby_color_test.dir/C_/msys64/home/Q/pico-sdk/src/rp2_common/pico_runtime_init/runtime_init.c.obj
LOAD CMakeFiles/thumby_color_test.dir/C_/msys64/home/Q/pico-sdk/src/rp2_common/pico_runtime_init/runtime_init_clocks.c.obj
LOAD CMakeFiles/thumby_color_test.dir/C_/msys64/home/Q/pico-sdk/src/rp2_common/pico_runtime_init/runtime_init_stack_guard.c.obj
LOAD CMakeFiles/thumby_color_test.dir/C_/msys64/home/Q/pico-sdk/src/rp2_common/pico_bit_ops/bit_ops_aeabi.S.obj
LOAD CMakeFiles/thumby_color_test.dir/C_/msys64/home/Q/pico-sdk/src/rp2_common/pico_bootrom/bootrom.c.obj
LOAD CMakeFiles/thumby_color_test.dir/C_/msys64/home/Q/pico-sdk/src/rp2_common/pico_bootrom/bootrom_lock.c.obj
LOAD CMakeFiles/thumby_color_test.dir/C_/msys64/home/Q/pico-sdk/src/rp2_common/hardware_boot_lock/boot_lock.c.obj
LOAD CMakeFiles/thumby_color_test.dir/C_/msys64/home/Q/pico-sdk/src/rp2_common/pico_divider/divider_compiler.c.obj
LOAD CMakeFiles/thumby_color_test.dir/C_/msys64/home/Q/pico-sdk/src/rp2_common/pico_double/double_math.c.obj
LOAD CMakeFiles/thumby_color_test.dir/C_/msys64/home/Q/pico-sdk/src/rp2_common/pico_double/double_aeabi_dcp.S.obj
LOAD CMakeFiles/thumby_color_test.dir/C_/msys64/home/Q/pico-sdk/src/rp2_common/pico_double/double_fma_dcp.S.obj
LOAD CMakeFiles/thumby_color_test.dir/C_/msys64/home/Q/pico-sdk/src/rp2_common/pico_double/double_sci_m33.S.obj
LOAD CMakeFiles/thumby_color_test.dir/C_/msys64/home/Q/pico-sdk/src/rp2_common/pico_double/double_conv_m33.S.obj
LOAD CMakeFiles/thumby_color_test.dir/C_/msys64/home/Q/pico-sdk/src/rp2_common/pico_float/float_math.c.obj
LOAD CMakeFiles/thumby_color_test.dir/C_/msys64/home/Q/pico-sdk/src/rp2_common/pico_float/float_sci_m33_vfp.S.obj
LOAD CMakeFiles/thumby_color_test.dir/C_/msys64/home/Q/pico-sdk/src/rp2_common/pico_float/float_conv_m33.S.obj
LOAD CMakeFiles/thumby_color_test.dir/C_/msys64/home/Q/pico-sdk/src/rp2_common/pico_malloc/malloc.c.obj
LOAD CMakeFiles/thumby_color_test.dir/C_/msys64/home/Q/pico-sdk/src/rp2_common/pico_atomic/atomic.c.obj
LOAD CMakeFiles/thumby_color_test.dir/C_/msys64/home/Q/pico-sdk/src/rp2_common/pico_cxx_options/new_delete.cpp.obj
LOAD CMakeFiles/thumby_color_test.dir/C_/msys64/home/Q/pico-sdk/src/rp2_common/pico_standard_binary_info/standard_binary_info.c.obj
LOAD CMakeFiles/thumby_color_test.dir/C_/msys64/home/Q/pico-sdk/src/rp2_common/pico_printf/printf.c.obj
LOAD CMakeFiles/thumby_color_test.dir/C_/msys64/home/Q/pico-sdk/src/rp2_common/pico_crt0/crt0.S.obj
LOAD CMakeFiles/thumby_color_test.dir/C_/msys64/home/Q/pico-sdk/src/rp2_common/pico_clib_interface/newlib_interface.c.obj
LOAD CMakeFiles/thumby_color_test.dir/C_/msys64/home/Q/pico-sdk/src/rp2_common/pico_stdio/stdio.c.obj
LOAD CMakeFiles/thumby_color_test.dir/C_/msys64/home/Q/pico-sdk/src/rp2_common/pico_stdio_usb/reset_interface.c.obj
LOAD CMakeFiles/thumby_color_test.dir/C_/msys64/home/Q/pico-sdk/src/rp2_common/pico_stdio_usb/stdio_usb.c.obj
LOAD CMakeFiles/thumby_color_test.dir/C_/msys64/home/Q/pico-sdk/src/rp2_common/pico_stdio_usb/stdio_usb_descriptors.c.obj
LOAD CMakeFiles/thumby_color_test.dir/C_/msys64/home/Q/pico-sdk/src/rp2_common/pico_unique_id/unique_id.c.obj
LOAD CMakeFiles/thumby_color_test.dir/C_/msys64/home/Q/pico-sdk/src/rp2_common/hardware_flash/flash.c.obj
LOAD CMakeFiles/thumby_color_test.dir/C_/msys64/home/Q/pico-sdk/lib/tinyusb/src/portable/raspberrypi/rp2040/dcd_rp2040.c.obj
LOAD CMakeFiles/thumby_color_test.dir/C_/msys64/home/Q/pico-sdk/lib/tinyusb/src/portable/raspberrypi/rp2040/rp2040_usb.c.obj
LOAD CMakeFiles/thumby_color_test.dir/C_/msys64/home/Q/pico-sdk/lib/tinyusb/src/device/usbd.c.obj
LOAD CMakeFiles/thumby_color_test.dir/C_/msys64/home/Q/pico-sdk/lib/tinyusb/src/device/usbd_control.c.obj
LOAD CMakeFiles/thumby_color_test.dir/C_/msys64/home/Q/pico-sdk/lib/tinyusb/src/class/audio/audio_device.c.obj
LOAD CMakeFiles/thumby_color_test.dir/C_/msys64/home/Q/pico-sdk/lib/tinyusb/src/class/cdc/cdc_device.c.obj
LOAD CMakeFiles/thumby_color_test.dir/C_/msys64/home/Q/pico-sdk/lib/tinyusb/src/class/dfu/dfu_device.c.obj
LOAD CMakeFiles/thumby_color_test.dir/C_/msys64/home/Q/pico-sdk/lib/tinyusb/src/class/dfu/dfu_rt_device.c.obj
LOAD CMakeFiles/thumby_color_test.dir/C_/msys64/home/Q/pico-sdk/lib/tinyusb/src/class/hid/hid_device.c.obj
LOAD CMakeFiles/thumby_color_test.dir/C_/msys64/home/Q/pico-sdk/lib/tinyusb/src/class/midi/midi_device.c.obj
LOAD CMakeFiles/thumby_color_test.dir/C_/msys64/home/Q/pico-sdk/lib/tinyusb/src/class/msc/msc_device.c.obj
LOAD CMakeFiles/thumby_color_test.dir/C_/msys64/home/Q/pico-sdk/lib/tinyusb/src/class/net/ecm_rndis_device.c.obj
LOAD CMakeFiles/thumby_color_test.dir/C_/msys64/home/Q/pico-sdk/lib/tinyusb/src/class/net/ncm_device.c.obj
LOAD CMakeFiles/thumby_color_test.dir/C_/msys64/home/Q/pico-sdk/lib/tinyusb/src/class/usbtmc/usbtmc_device.c.obj
LOAD CMakeFiles/thumby_color_test.dir/C_/msys64/home/Q/pico-sdk/lib/tinyusb/src/class/vendor/vendor_device.c.obj
LOAD CMakeFiles/thumby_color_test.dir/C_/msys64/home/Q/pico-sdk/lib/tinyusb/src/class/video/video_device.c.obj
LOAD CMakeFiles/thumby_color_test.dir/C_/msys64/home/Q/pico-sdk/lib/tinyusb/src/tusb.c.obj
LOAD CMakeFiles/thumby_color_test.dir/C_/msys64/home/Q/pico-sdk/lib/tinyusb/src/common/tusb_fifo.c.obj
LOAD CMakeFiles/thumby_color_test.dir/C_/msys64/home/Q/pico-sdk/src/rp2_common/pico_fix/rp2040_usb_device_enumeration/rp2040_usb_device_enumeration.c.obj
LOAD CMakeFiles/thumby_color_test.dir/C_/msys64/home/Q/pico-sdk/src/rp2_common/hardware_spi/spi.c.obj
LOAD C:\msys64\tmp\ccGcOdpt.o
LOAD C:/msys64/mingw64/bin/../lib/gcc/arm-none-eabi/13.3.0/../../../../arm-none-eabi/lib/thumb/v8-m.main+fp/softfp\libstdc++.a
LOAD C:/msys64/mingw64/bin/../lib/gcc/arm-none-eabi/13.3.0/../../../../arm-none-eabi/lib/thumb/v8-m.main+fp/softfp\libm.a
START GROUP
LOAD C:/msys64/mingw64/bin/../lib/gcc/arm-none-eabi/13.3.0/thumb/v8-m.main+fp/softfp\libgcc.a
LOAD C:/msys64/mingw64/bin/../lib/gcc/arm-none-eabi/13.3.0/../../../../arm-none-eabi/lib/thumb/v8-m.main+fp/softfp\libg.a
LOAD C:/msys64/mingw64/bin/../lib/gcc/arm-none-eabi/13.3.0/../../../../arm-none-eabi/lib/thumb/v8-m.main+fp/softfp\libc.a
END GROUP
START GROUP
LOAD C:/msys64/mingw64/bin/../lib/gcc/arm-none-eabi/13.3.0/thumb/v8-m.main+fp/softfp\libgcc.a
LOAD C:/msys64/mingw64/bin/../lib/gcc/arm-none-eabi/13.3.0/../../../../arm-none-eabi/lib/thumb/v8-m.main+fp/softfp\libc.a
LOAD C:/msys64/mingw64/bin/../lib/gcc/arm-none-eabi/13.3.0/../../../../arm-none-eabi/lib/thumb/v8-m.main+fp/softfp\libnosys.a
END GROUP
LOAD C:/msys64/mingw64/bin/../lib/gcc/arm-none-eabi/13.3.0/thumb/v8-m.main+fp/softfp/crtend.o
LOAD C:/msys64/mingw64/bin/../lib/gcc/arm-none-eabi/13.3.0/thumb/v8-m.main+fp/softfp/crtn.o
OUTPUT(thumby_color_test.elf elf32-littlearm)
LOAD linker stubs

.rel.dyn        0x100028c4        0x0
 .rel.iplt      0x100028c4        0x0 C:/msys64/mingw64/bin/../lib/gcc/arm-none-eabi/13.3.0/thumb/v8-m.main+fp/softfp/crtbegin.o

.ARM.attributes
                0x00000000       0x34
 .ARM.attributes
                0x00000000       0x26 C:/msys64/mingw64/bin/../lib/gcc/arm-none-eabi/13.3.0/thumb/v8-m.main+fp/softfp/crti.o
 .ARM.attributes
                0x00000026       0x36 C:/msys64/mingw64/bin/../lib/gcc/arm-none-eabi/13.3.0/thumb/v8-m.main+fp/softfp/crtbegin.o
 .ARM.attributes
                0x0000005c       0x38 CMakeFiles/thumby_color_test.dir/main.c.obj
 .ARM.attributes
                0x00000094       0x38 CMakeFiles/thumby_color_test.dir/C_/msys64/home/Q/pico-sdk/src/rp2_common/hardware_gpio/gpio.c.obj
 .ARM.attributes
                0x000000cc       0x38 CMakeFiles/thumby_color_test.dir/C_/msys64/home/Q/pico-sdk/src/rp2_common/pico_platform_panic/panic.c.obj
 .ARM.attributes
                0x00000104       0x38 CMakeFiles/thumby_color_test.dir/C_/msys64/home/Q/pico-sdk/src/common/hardware_claim/claim.c.obj
 .ARM.attributes
                0x0000013c       0x38 CMakeFiles/thumby_color_test.dir/C_/msys64/home/Q/pico-sdk/src/rp2_common/hardware_sync/sync.c.obj
 .ARM.attributes
                0x00000174       0x38 CMakeFiles/thumby_color_test.dir/C_/msys64/home/Q/pico-sdk/src/rp2_common/hardware_sync_spin_lock/sync_spin_lock.c.obj
 .ARM.attributes
                0x000001ac       0x38 CMakeFiles/thumby_color_test.dir/C_/msys64/home/Q/pico-sdk/src/rp2_common/hardware_irq/irq.c.obj
 .ARM.attributes
                0x000001e4       0x38 CMakeFiles/thumby_color_test.dir/C_/msys64/home/Q/pico-sdk/src/common/pico_sync/lock_core.c.obj
 .ARM.attributes
                0x0000021c       0x38 CMakeFiles/thumby_color_test.dir/C_/msys64/home/Q/pico-sdk/src/common/pico_sync/mutex.c.obj
 .ARM.attributes
                0x00000254       0x38 CMakeFiles/thumby_color_test.dir/C_/msys64/home/Q/pico-sdk/src/common/pico_time/time.c.obj
 .ARM.attributes
                0x0000028c       0x38 CMakeFiles/thumby_color_test.dir/C_/msys64/home/Q/pico-sdk/src/rp2_common/hardware_timer/timer.c.obj
 .ARM.attributes
                0x000002c4       0x38 CMakeFiles/thumby_color_test.dir/C_/msys64/home/Q/pico-sdk/src/rp2_common/hardware_clocks/clocks.c.obj
 .ARM.attributes
                0x000002fc       0x38 CMakeFiles/thumby_color_test.dir/C_/msys64/home/Q/pico-sdk/src/rp2_common/hardware_pll/pll.c.obj
 .ARM.attributes
                0x00000334       0x38 CMakeFiles/thumby_color_test.dir/C_/msys64/home/Q/pico-sdk/src/rp2_common/hardware_ticks/ticks.c.obj
 .ARM.attributes
                0x0000036c       0x38 CMakeFiles/thumby_color_test.dir/C_/msys64/home/Q/pico-sdk/src/rp2_common/hardware_xosc/xosc.c.obj
 .ARM.attributes
                0x000003a4       0x38 CMakeFiles/thumby_color_test.dir/C_/msys64/home/Q/pico-sdk/src/rp2_common/pico_runtime/runtime.c.obj
 .ARM.attributes
                0x000003dc       0x38 CMakeFiles/thumby_color_test.dir/C_/msys64/home/Q/pico-sdk/src/rp2_common/pico_runtime_init/runtime_init.c.obj
 .ARM.attributes
                0x00000414       0x38 CMakeFiles/thumby_color_test.dir/C_/msys64/home/Q/pico-sdk/src/rp2_common/pico_runtime_init/runtime_init_clocks.c.obj
 .ARM.attributes
                0x0000044c       0x38 CMakeFiles/thumby_color_test.dir/C_/msys64/home/Q/pico-sdk/src/rp2_common/pico_bootrom/bootrom.c.obj
 .ARM.attributes
                0x00000484       0x38 CMakeFiles/thumby_color_test.dir/C_/msys64/home/Q/pico-sdk/src/rp2_common/pico_bootrom/bootrom_lock.c.obj
 .ARM.attributes
                0x000004bc       0x38 CMakeFiles/thumby_color_test.dir/C_/msys64/home/Q/pico-sdk/src/rp2_common/hardware_boot_lock/boot_lock.c.obj
 .ARM.attributes
                0x000004f4       0x38 CMakeFiles/thumby_color_test.dir/C_/msys64/home/Q/pico-sdk/src/rp2_common/pico_standard_binary_info/standard_binary_info.c.obj
 .ARM.attributes
                0x0000052c       0x38 CMakeFiles/thumby_color_test.dir/C_/msys64/home/Q/pico-sdk/src/rp2_common/pico_printf/printf.c.obj
 .ARM.attributes
                0x00000564       0x28 CMakeFiles/thumby_color_test.dir/C_/msys64/home/Q/pico-sdk/src/rp2_common/pico_crt0/crt0.S.obj
 .ARM.attributes
                0x0000058c       0x38 CMakeFiles/thumby_color_test.dir/C_/msys64/home/Q/pico-sdk/src/rp2_common/pico_clib_interface/newlib_interface.c.obj
 .ARM.attributes
                0x000005c4       0x38 CMakeFiles/thumby_color_test.dir/C_/msys64/home/Q/pico-sdk/src/rp2_common/pico_stdio/stdio.c.obj
 .ARM.attributes
                0x000005fc       0x38 CMakeFiles/thumby_color_test.dir/C_/msys64/home/Q/pico-sdk/src/rp2_common/pico_unique_id/unique_id.c.obj
 .ARM.attributes
                0x00000634       0x38 CMakeFiles/thumby_color_test.dir/C_/msys64/home/Q/pico-sdk/src/rp2_common/hardware_spi/spi.c.obj
 .ARM.attributes
                0x0000066c       0x36 C:/msys64/mingw64/bin/../lib/gcc/arm-none-eabi/13.3.0/../../../../arm-none-eabi/lib/thumb/v8-m.main+fp/softfp\libg.a(libc_a-atexit.o)
 .ARM.attributes
                0x000006a2       0x36 C:/msys64/mingw64/bin/../lib/gcc/arm-none-eabi/13.3.0/../../../../arm-none-eabi/lib/thumb/v8-m.main+fp/softfp\libg.a(libc_a-memset.o)
 .ARM.attributes
                0x000006d8       0x36 C:/msys64/mingw64/bin/../lib/gcc/arm-none-eabi/13.3.0/../../../../arm-none-eabi/lib/thumb/v8-m.main+fp/softfp\libg.a(libc_a-fini.o)
 .ARM.attributes
                0x0000070e       0x36 C:/msys64/mingw64/bin/../lib/gcc/arm-none-eabi/13.3.0/../../../../arm-none-eabi/lib/thumb/v8-m.main+fp/softfp\libg.a(libc_a-lock.o)
 .ARM.attributes
                0x00000744       0x24 C:/msys64/mingw64/bin/../lib/gcc/arm-none-eabi/13.3.0/../../../../arm-none-eabi/lib/thumb/v8-m.main+fp/softfp\libg.a(libc_a-memcpy.o)
 .ARM.attributes
                0x00000768       0x36 C:/msys64/mingw64/bin/../lib/gcc/arm-none-eabi/13.3.0/../../../../arm-none-eabi/lib/thumb/v8-m.main+fp/softfp\libg.a(libc_a-strlen-stub.o)
 .ARM.attributes
                0x0000079e       0x36 C:/msys64/mingw64/bin/../lib/gcc/arm-none-eabi/13.3.0/../../../../arm-none-eabi/lib/thumb/v8-m.main+fp/softfp\libg.a(libc_a-__atexit.o)
 .ARM.attributes
                0x000007d4       0x36 C:/msys64/mingw64/bin/../lib/gcc/arm-none-eabi/13.3.0/../../../../arm-none-eabi/lib/thumb/v8-m.main+fp/softfp\libg.a(libc_a-__call_atexit.o)

.comment        0x00000000       0x24
 .comment       0x00000000       0x24 CMakeFiles/thumby_color_test.dir/main.c.obj
                                 0x13 (size before relaxing)
 .comment       0x00000024       0x13 CMakeFiles/thumby_color_test.dir/C_/msys64/home/Q/pico-sdk/src/rp2_common/hardware_gpio/gpio.c.obj
 .comment       0x00000024       0x13 CMakeFiles/thumby_color_test.dir/C_/msys64/home/Q/pico-sdk/src/rp2_common/pico_platform_panic/panic.c.obj
 .comment       0x00000024       0x13 CMakeFiles/thumby_color_test.dir/C_/msys64/home/Q/pico-sdk/src/common/hardware_claim/claim.c.obj
 .comment       0x00000024       0x13 CMakeFiles/thumby_color_test.dir/C_/msys64/home/Q/pico-sdk/src/rp2_common/hardware_sync/sync.c.obj
 .comment       0x00000024       0x13 CMakeFiles/thumby_color_test.dir/C_/msys64/home/Q/pico-sdk/src/rp2_common/hardware_sync_spin_lock/sync_spin_lock.c.obj
 .comment       0x00000024       0x13 CMakeFiles/thumby_color_test.dir/C_/msys64/home/Q/pico-sdk/src/rp2_common/hardware_irq/irq.c.obj
 .comment       0x00000024       0x13 CMakeFiles/thumby_color_test.dir/C_/msys64/home/Q/pico-sdk/src/common/pico_sync/lock_core.c.obj
 .comment       0x00000024       0x13 CMakeFiles/thumby_color_test.dir/C_/msys64/home/Q/pico-sdk/src/common/pico_sync/mutex.c.obj
 .comment       0x00000024       0x13 CMakeFiles/thumby_color_test.dir/C_/msys64/home/Q/pico-sdk/src/common/pico_time/time.c.obj
 .comment       0x00000024       0x13 CMakeFiles/thumby_color_test.dir/C_/msys64/home/Q/pico-sdk/src/rp2_common/hardware_timer/timer.c.obj
 .comment       0x00000024       0x13 CMakeFiles/thumby_color_test.dir/C_/msys64/home/Q/pico-sdk/src/rp2_common/hardware_clocks/clocks.c.obj
 .comment       0x00000024       0x13 CMakeFiles/thumby_color_test.dir/C_/msys64/home/Q/pico-sdk/src/rp2_common/hardware_pll/pll.c.obj
 .comment       0x00000024       0x13 CMakeFiles/thumby_color_test.dir/C_/msys64/home/Q/pico-sdk/src/rp2_common/hardware_ticks/ticks.c.obj
 .comment       0x00000024       0x13 CMakeFiles/thumby_color_test.dir/C_/msys64/home/Q/pico-sdk/src/rp2_common/hardware_xosc/xosc.c.obj
 .comment       0x00000024       0x13 CMakeFiles/thumby_color_test.dir/C_/msys64/home/Q/pico-sdk/src/rp2_common/pico_runtime/runtime.c.obj
 .comment       0x00000024       0x13 CMakeFiles/thumby_color_test.dir/C_/msys64/home/Q/pico-sdk/src/rp2_common/pico_runtime_init/runtime_init.c.obj
 .comment       0x00000024       0x13 CMakeFiles/thumby_color_test.dir/C_/msys64/home/Q/pico-sdk/src/rp2_common/pico_runtime_init/runtime_init_clocks.c.obj
 .comment       0x00000024       0x13 CMakeFiles/thumby_color_test.dir/C_/msys64/home/Q/pico-sdk/src/rp2_common/pico_bootrom/bootrom.c.obj
 .comment       0x00000024       0x13 CMakeFiles/thumby_color_test.dir/C_/msys64/home/Q/pico-sdk/src/rp2_common/pico_bootrom/bootrom_lock.c.obj
 .comment       0x00000024       0x13 CMakeFiles/thumby_color_test.dir/C_/msys64/home/Q/pico-sdk/src/rp2_common/hardware_boot_lock/boot_lock.c.obj
 .comment       0x00000024       0x13 CMakeFiles/thumby_color_test.dir/C_/msys64/home/Q/pico-sdk/src/rp2_common/pico_standard_binary_info/standard_binary_info.c.obj
 .comment       0x00000024       0x13 CMakeFiles/thumby_color_test.dir/C_/msys64/home/Q/pico-sdk/src/rp2_common/pico_printf/printf.c.obj
 .comment       0x00000024       0x13 CMakeFiles/thumby_color_test.dir/C_/msys64/home/Q/pico-sdk/src/rp2_common/pico_clib_interface/newlib_interface.c.obj
 .comment       0x00000024       0x13 CMakeFiles/thumby_color_test.dir/C_/msys64/home/Q/pico-sdk/src/rp2_common/pico_stdio/stdio.c.obj
 .comment       0x00000024       0x13 CMakeFiles/thumby_color_test.dir/C_/msys64/home/Q/pico-sdk/src/rp2_common/pico_unique_id/unique_id.c.obj
 .comment       0x00000024       0x13 CMakeFiles/thumby_color_test.dir/C_/msys64/home/Q/pico-sdk/src/rp2_common/hardware_spi/spi.c.obj
 .comment       0x00000024       0x13 C:/msys64/mingw64/bin/../lib/gcc/arm-none-eabi/13.3.0/../../../../arm-none-eabi/lib/thumb/v8-m.main+fp/softfp\libg.a(libc_a-atexit.o)
 .comment       0x00000024       0x13 C:/msys64/mingw64/bin/../lib/gcc/arm-none-eabi/13.3.0/../../../../arm-none-eabi/lib/thumb/v8-m.main+fp/softfp\libg.a(libc_a-memset.o)
 .comment       0x00000024       0x13 C:/msys64/mingw64/bin/../lib/gcc/arm-none-eabi/13.3.0/../../../../arm-none-eabi/lib/thumb/v8-m.main+fp/softfp\libg.a(libc_a-fini.o)
 .comment       0x00000024       0x13 C:/msys64/mingw64/bin/../lib/gcc/arm-none-eabi/13.3.0/../../../../arm-none-eabi/lib/thumb/v8-m.main+fp/softfp\libg.a(libc_a-lock.o)
 .comment       0x00000024       0x13 C:/msys64/mingw64/bin/../lib/gcc/arm-none-eabi/13.3.0/../../../../arm-none-eabi/lib/thumb/v8-m.main+fp/softfp\libg.a(libc_a-strlen-stub.o)
 .comment       0x00000024       0x13 C:/msys64/mingw64/bin/../lib/gcc/arm-none-eabi/13.3.0/../../../../arm-none-eabi/lib/thumb/v8-m.main+fp/softfp\libg.a(libc_a-__atexit.o)
 .comment       0x00000024       0x13 C:/msys64/mingw64/bin/../lib/gcc/arm-none-eabi/13.3.0/../../../../arm-none-eabi/lib/thumb/v8-m.main+fp/softfp\libg.a(libc_a-__call_atexit.o)

.debug_info     0x00000000    0x267c1
 .debug_info    0x00000000     0x89e0 CMakeFiles/thumby_color_test.dir/main.c.obj
 .debug_info    0x000089e0     0x2416 CMakeFiles/thumby_color_test.dir/C_/msys64/home/Q/pico-sdk/src/rp2_common/hardware_gpio/gpio.c.obj
 .debug_info    0x0000adf6      0x1be CMakeFiles/thumby_color_test.dir/C_/msys64/home/Q/pico-sdk/src/rp2_common/pico_platform_panic/panic.c.obj
 .debug_info    0x0000afb4      0xb74 CMakeFiles/thumby_color_test.dir/C_/msys64/home/Q/pico-sdk/src/common/hardware_claim/claim.c.obj
 .debug_info    0x0000bb28      0x465 CMakeFiles/thumby_color_test.dir/C_/msys64/home/Q/pico-sdk/src/rp2_common/hardware_sync/sync.c.obj
 .debug_info    0x0000bf8d     0x145e CMakeFiles/thumby_color_test.dir/C_/msys64/home/Q/pico-sdk/src/rp2_common/hardware_sync_spin_lock/sync_spin_lock.c.obj
 .debug_info    0x0000d3eb     0x25a7 CMakeFiles/thumby_color_test.dir/C_/msys64/home/Q/pico-sdk/src/rp2_common/hardware_irq/irq.c.obj
 .debug_info    0x0000f992      0x187 CMakeFiles/thumby_color_test.dir/C_/msys64/home/Q/pico-sdk/src/common/pico_sync/lock_core.c.obj
 .debug_info    0x0000fb19     0x1e65 CMakeFiles/thumby_color_test.dir/C_/msys64/home/Q/pico-sdk/src/common/pico_sync/mutex.c.obj
 .debug_info    0x0001197e     0x4e31 CMakeFiles/thumby_color_test.dir/C_/msys64/home/Q/pico-sdk/src/common/pico_time/time.c.obj
 .debug_info    0x000167af     0x307e CMakeFiles/thumby_color_test.dir/C_/msys64/home/Q/pico-sdk/src/rp2_common/hardware_timer/timer.c.obj
 .debug_info    0x0001982d     0x2852 CMakeFiles/thumby_color_test.dir/C_/msys64/home/Q/pico-sdk/src/rp2_common/hardware_clocks/clocks.c.obj
 .debug_info    0x0001c07f      0x507 CMakeFiles/thumby_color_test.dir/C_/msys64/home/Q/pico-sdk/src/rp2_common/hardware_pll/pll.c.obj
 .debug_info    0x0001c586      0x26c CMakeFiles/thumby_color_test.dir/C_/msys64/home/Q/pico-sdk/src/rp2_common/hardware_ticks/ticks.c.obj
 .debug_info    0x0001c7f2      0x1b1 CMakeFiles/thumby_color_test.dir/C_/msys64/home/Q/pico-sdk/src/rp2_common/hardware_xosc/xosc.c.obj
 .debug_info    0x0001c9a3      0x21a CMakeFiles/thumby_color_test.dir/C_/msys64/home/Q/pico-sdk/src/rp2_common/pico_runtime/runtime.c.obj
 .debug_info    0x0001cbbd     0x1bcd CMakeFiles/thumby_color_test.dir/C_/msys64/home/Q/pico-sdk/src/rp2_common/pico_runtime_init/runtime_init.c.obj
 .debug_info    0x0001e78a      0x7c8 CMakeFiles/thumby_color_test.dir/C_/msys64/home/Q/pico-sdk/src/rp2_common/pico_runtime_init/runtime_init_clocks.c.obj
 .debug_info    0x0001ef52      0x809 CMakeFiles/thumby_color_test.dir/C_/msys64/home/Q/pico-sdk/src/rp2_common/pico_bootrom/bootrom.c.obj
 .debug_info    0x0001f75b      0x1c4 CMakeFiles/thumby_color_test.dir/C_/msys64/home/Q/pico-sdk/src/rp2_common/pico_bootrom/bootrom_lock.c.obj
 .debug_info    0x0001f91f      0x316 CMakeFiles/thumby_color_test.dir/C_/msys64/home/Q/pico-sdk/src/rp2_common/hardware_boot_lock/boot_lock.c.obj
 .debug_info    0x0001fc35      0x28e CMakeFiles/thumby_color_test.dir/C_/msys64/home/Q/pico-sdk/src/rp2_common/pico_standard_binary_info/standard_binary_info.c.obj
 .debug_info    0x0001fec3     0x208d CMakeFiles/thumby_color_test.dir/C_/msys64/home/Q/pico-sdk/src/rp2_common/pico_printf/printf.c.obj
 .debug_info    0x00021f50       0x23 CMakeFiles/thumby_color_test.dir/C_/msys64/home/Q/pico-sdk/src/rp2_common/pico_crt0/crt0.S.obj
 .debug_info    0x00021f73      0xbdf CMakeFiles/thumby_color_test.dir/C_/msys64/home/Q/pico-sdk/src/rp2_common/pico_clib_interface/newlib_interface.c.obj
 .debug_info    0x00022b52     0x1c09 CMakeFiles/thumby_color_test.dir/C_/msys64/home/Q/pico-sdk/src/rp2_common/pico_stdio/stdio.c.obj
 .debug_info    0x0002475b      0x2b7 CMakeFiles/thumby_color_test.dir/C_/msys64/home/Q/pico-sdk/src/rp2_common/pico_unique_id/unique_id.c.obj
 .debug_info    0x00024a12     0x1235 CMakeFiles/thumby_color_test.dir/C_/msys64/home/Q/pico-sdk/src/rp2_common/hardware_spi/spi.c.obj
 .debug_info    0x00025c47      0x118 C:/msys64/mingw64/bin/../lib/gcc/arm-none-eabi/13.3.0/../../../../arm-none-eabi/lib/thumb/v8-m.main+fp/softfp\libg.a(libc_a-atexit.o)
 .debug_info    0x00025d5f      0x135 C:/msys64/mingw64/bin/../lib/gcc/arm-none-eabi/13.3.0/../../../../arm-none-eabi/lib/thumb/v8-m.main+fp/softfp\libg.a(libc_a-memset.o)
 .debug_info    0x00025e94       0xf7 C:/msys64/mingw64/bin/../lib/gcc/arm-none-eabi/13.3.0/../../../../arm-none-eabi/lib/thumb/v8-m.main+fp/softfp\libg.a(libc_a-fini.o)
 .debug_info    0x00025f8b      0x20a C:/msys64/mingw64/bin/../lib/gcc/arm-none-eabi/13.3.0/../../../../arm-none-eabi/lib/thumb/v8-m.main+fp/softfp\libg.a(libc_a-lock.o)
 .debug_info    0x00026195       0x33 C:/msys64/mingw64/bin/../lib/gcc/arm-none-eabi/13.3.0/../../../../arm-none-eabi/lib/thumb/v8-m.main+fp/softfp\libg.a(libc_a-memcpy.o)
 .debug_info    0x000261c8       0xbd C:/msys64/mingw64/bin/../lib/gcc/arm-none-eabi/13.3.0/../../../../arm-none-eabi/lib/thumb/v8-m.main+fp/softfp\libg.a(libc_a-strlen-stub.o)
 .debug_info    0x00026285      0x25f C:/msys64/mingw64/bin/../lib/gcc/arm-none-eabi/13.3.0/../../../../arm-none-eabi/lib/thumb/v8-m.main+fp/softfp\libg.a(libc_a-__atexit.o)
 .debug_info    0x000264e4      0x2dd C:/msys64/mingw64/bin/../lib/gcc/arm-none-eabi/13.3.0/../../../../arm-none-eabi/lib/thumb/v8-m.main+fp/softfp\libg.a(libc_a-__call_atexit.o)

.debug_abbrev   0x00000000     0x5b0d
 .debug_abbrev  0x00000000      0x335 CMakeFiles/thumby_color_test.dir/main.c.obj
 .debug_abbrev  0x00000335      0x54a CMakeFiles/thumby_color_test.dir/C_/msys64/home/Q/pico-sdk/src/rp2_common/hardware_gpio/gpio.c.obj
 .debug_abbrev  0x0000087f      0x12b CMakeFiles/thumby_color_test.dir/C_/msys64/home/Q/pico-sdk/src/rp2_common/pico_platform_panic/panic.c.obj
 .debug_abbrev  0x000009aa      0x371 CMakeFiles/thumby_color_test.dir/C_/msys64/home/Q/pico-sdk/src/common/hardware_claim/claim.c.obj
 .debug_abbrev  0x00000d1b      0x22d CMakeFiles/thumby_color_test.dir/C_/msys64/home/Q/pico-sdk/src/rp2_common/hardware_sync/sync.c.obj
 .debug_abbrev  0x00000f48      0x26e CMakeFiles/thumby_color_test.dir/C_/msys64/home/Q/pico-sdk/src/rp2_common/hardware_sync_spin_lock/sync_spin_lock.c.obj
 .debug_abbrev  0x000011b6      0x630 CMakeFiles/thumby_color_test.dir/C_/msys64/home/Q/pico-sdk/src/rp2_common/hardware_irq/irq.c.obj
 .debug_abbrev  0x000017e6      0x11e CMakeFiles/thumby_color_test.dir/C_/msys64/home/Q/pico-sdk/src/common/pico_sync/lock_core.c.obj
 .debug_abbrev  0x00001904      0x49e CMakeFiles/thumby_color_test.dir/C_/msys64/home/Q/pico-sdk/src/common/pico_sync/mutex.c.obj
 .debug_abbrev  0x00001da2      0x65c CMakeFiles/thumby_color_test.dir/C_/msys64/home/Q/pico-sdk/src/common/pico_time/time.c.obj
 .debug_abbrev  0x000023fe      0x51b CMakeFiles/thumby_color_test.dir/C_/msys64/home/Q/pico-sdk/src/rp2_common/hardware_timer/timer.c.obj
 .debug_abbrev  0x00002919      0x4d5 CMakeFiles/thumby_color_test.dir/C_/msys64/home/Q/pico-sdk/src/rp2_common/hardware_clocks/clocks.c.obj
 .debug_abbrev  0x00002dee      0x1a8 CMakeFiles/thumby_color_test.dir/C_/msys64/home/Q/pico-sdk/src/rp2_common/hardware_pll/pll.c.obj
 .debug_abbrev  0x00002f96      0x146 CMakeFiles/thumby_color_test.dir/C_/msys64/home/Q/pico-sdk/src/rp2_common/hardware_ticks/ticks.c.obj
 .debug_abbrev  0x000030dc      0x109 CMakeFiles/thumby_color_test.dir/C_/msys64/home/Q/pico-sdk/src/rp2_common/hardware_xosc/xosc.c.obj
 .debug_abbrev  0x000031e5      0x182 CMakeFiles/thumby_color_test.dir/C_/msys64/home/Q/pico-sdk/src/rp2_common/pico_runtime/runtime.c.obj
 .debug_abbrev  0x00003367      0x2dd CMakeFiles/thumby_color_test.dir/C_/msys64/home/Q/pico-sdk/src/rp2_common/pico_runtime_init/runtime_init.c.obj
 .debug_abbrev  0x00003644      0x29d CMakeFiles/thumby_color_test.dir/C_/msys64/home/Q/pico-sdk/src/rp2_common/pico_runtime_init/runtime_init_clocks.c.obj
 .debug_abbrev  0x000038e1      0x362 CMakeFiles/thumby_color_test.dir/C_/msys64/home/Q/pico-sdk/src/rp2_common/pico_bootrom/bootrom.c.obj
 .debug_abbrev  0x00003c43       0xfb CMakeFiles/thumby_color_test.dir/C_/msys64/home/Q/pico-sdk/src/rp2_common/pico_bootrom/bootrom_lock.c.obj
 .debug_abbrev  0x00003d3e      0x1de CMakeFiles/thumby_color_test.dir/C_/msys64/home/Q/pico-sdk/src/rp2_common/hardware_boot_lock/boot_lock.c.obj
 .debug_abbrev  0x00003f1c       0xb8 CMakeFiles/thumby_color_test.dir/C_/msys64/home/Q/pico-sdk/src/rp2_common/pico_standard_binary_info/standard_binary_info.c.obj
 .debug_abbrev  0x00003fd4      0x540 CMakeFiles/thumby_color_test.dir/C_/msys64/home/Q/pico-sdk/src/rp2_common/pico_printf/printf.c.obj
 .debug_abbrev  0x00004514       0x12 CMakeFiles/thumby_color_test.dir/C_/msys64/home/Q/pico-sdk/src/rp2_common/pico_crt0/crt0.S.obj
 .debug_abbrev  0x00004526      0x375 CMakeFiles/thumby_color_test.dir/C_/msys64/home/Q/pico-sdk/src/rp2_common/pico_clib_interface/newlib_interface.c.obj
 .debug_abbrev  0x0000489b      0x60a CMakeFiles/thumby_color_test.dir/C_/msys64/home/Q/pico-sdk/src/rp2_common/pico_stdio/stdio.c.obj
 .debug_abbrev  0x00004ea5      0x1b2 CMakeFiles/thumby_color_test.dir/C_/msys64/home/Q/pico-sdk/src/rp2_common/pico_unique_id/unique_id.c.obj
 .debug_abbrev  0x00005057      0x328 CMakeFiles/thumby_color_test.dir/C_/msys64/home/Q/pico-sdk/src/rp2_common/hardware_spi/spi.c.obj
 .debug_abbrev  0x0000537f       0xc1 C:/msys64/mingw64/bin/../lib/gcc/arm-none-eabi/13.3.0/../../../../arm-none-eabi/lib/thumb/v8-m.main+fp/softfp\libg.a(libc_a-atexit.o)
 .debug_abbrev  0x00005440       0xb7 C:/msys64/mingw64/bin/../lib/gcc/arm-none-eabi/13.3.0/../../../../arm-none-eabi/lib/thumb/v8-m.main+fp/softfp\libg.a(libc_a-memset.o)
 .debug_abbrev  0x000054f7       0xcc C:/msys64/mingw64/bin/../lib/gcc/arm-none-eabi/13.3.0/../../../../arm-none-eabi/lib/thumb/v8-m.main+fp/softfp\libg.a(libc_a-fini.o)
 .debug_abbrev  0x000055c3      0x115 C:/msys64/mingw64/bin/../lib/gcc/arm-none-eabi/13.3.0/../../../../arm-none-eabi/lib/thumb/v8-m.main+fp/softfp\libg.a(libc_a-lock.o)
 .debug_abbrev  0x000056d8       0x28 C:/msys64/mingw64/bin/../lib/gcc/arm-none-eabi/13.3.0/../../../../arm-none-eabi/lib/thumb/v8-m.main+fp/softfp\libg.a(libc_a-memcpy.o)
 .debug_abbrev  0x00005700       0x78 C:/msys64/mingw64/bin/../lib/gcc/arm-none-eabi/13.3.0/../../../../arm-none-eabi/lib/thumb/v8-m.main+fp/softfp\libg.a(libc_a-strlen-stub.o)
 .debug_abbrev  0x00005778      0x189 C:/msys64/mingw64/bin/../lib/gcc/arm-none-eabi/13.3.0/../../../../arm-none-eabi/lib/thumb/v8-m.main+fp/softfp\libg.a(libc_a-__atexit.o)
 .debug_abbrev  0x00005901      0x20c C:/msys64/mingw64/bin/../lib/gcc/arm-none-eabi/13.3.0/../../../../arm-none-eabi/lib/thumb/v8-m.main+fp/softfp\libg.a(libc_a-__call_atexit.o)

.debug_loclists
                0x00000000    0x12ddb
 .debug_loclists
                0x00000000     0x3c3e CMakeFiles/thumby_color_test.dir/main.c.obj
 .debug_loclists
                0x00003c3e     0x194b CMakeFiles/thumby_color_test.dir/C_/msys64/home/Q/pico-sdk/src/rp2_common/hardware_gpio/gpio.c.obj
 .debug_loclists
                0x00005589      0x451 CMakeFiles/thumby_color_test.dir/C_/msys64/home/Q/pico-sdk/src/common/hardware_claim/claim.c.obj
 .debug_loclists
                0x000059da      0x107 CMakeFiles/thumby_color_test.dir/C_/msys64/home/Q/pico-sdk/src/rp2_common/hardware_sync/sync.c.obj
 .debug_loclists
                0x00005ae1       0xa2 CMakeFiles/thumby_color_test.dir/C_/msys64/home/Q/pico-sdk/src/rp2_common/hardware_sync_spin_lock/sync_spin_lock.c.obj
 .debug_loclists
                0x00005b83     0x10b2 CMakeFiles/thumby_color_test.dir/C_/msys64/home/Q/pico-sdk/src/rp2_common/hardware_irq/irq.c.obj
 .debug_loclists
                0x00006c35       0x17 CMakeFiles/thumby_color_test.dir/C_/msys64/home/Q/pico-sdk/src/common/pico_sync/lock_core.c.obj
 .debug_loclists
                0x00006c4c      0xae5 CMakeFiles/thumby_color_test.dir/C_/msys64/home/Q/pico-sdk/src/common/pico_sync/mutex.c.obj
 .debug_loclists
                0x00007731     0x2c7d CMakeFiles/thumby_color_test.dir/C_/msys64/home/Q/pico-sdk/src/common/pico_time/time.c.obj
 .debug_loclists
                0x0000a3ae     0x19fb CMakeFiles/thumby_color_test.dir/C_/msys64/home/Q/pico-sdk/src/rp2_common/hardware_timer/timer.c.obj
 .debug_loclists
                0x0000bda9     0x1fab CMakeFiles/thumby_color_test.dir/C_/msys64/home/Q/pico-sdk/src/rp2_common/hardware_clocks/clocks.c.obj
 .debug_loclists
                0x0000dd54      0x1b7 CMakeFiles/thumby_color_test.dir/C_/msys64/home/Q/pico-sdk/src/rp2_common/hardware_pll/pll.c.obj
 .debug_loclists
                0x0000df0b       0x8b CMakeFiles/thumby_color_test.dir/C_/msys64/home/Q/pico-sdk/src/rp2_common/hardware_ticks/ticks.c.obj
 .debug_loclists
                0x0000df96       0x48 CMakeFiles/thumby_color_test.dir/C_/msys64/home/Q/pico-sdk/src/rp2_common/hardware_xosc/xosc.c.obj
 .debug_loclists
                0x0000dfde       0x7e CMakeFiles/thumby_color_test.dir/C_/msys64/home/Q/pico-sdk/src/rp2_common/pico_runtime/runtime.c.obj
 .debug_loclists
                0x0000e05c      0x10a CMakeFiles/thumby_color_test.dir/C_/msys64/home/Q/pico-sdk/src/rp2_common/pico_runtime_init/runtime_init.c.obj
 .debug_loclists
                0x0000e166       0x74 CMakeFiles/thumby_color_test.dir/C_/msys64/home/Q/pico-sdk/src/rp2_common/pico_runtime_init/runtime_init_clocks.c.obj
 .debug_loclists
                0x0000e1da      0x346 CMakeFiles/thumby_color_test.dir/C_/msys64/home/Q/pico-sdk/src/rp2_common/pico_bootrom/bootrom.c.obj
 .debug_loclists
                0x0000e520       0x28 CMakeFiles/thumby_color_test.dir/C_/msys64/home/Q/pico-sdk/src/rp2_common/pico_bootrom/bootrom_lock.c.obj
 .debug_loclists
                0x0000e548       0x78 CMakeFiles/thumby_color_test.dir/C_/msys64/home/Q/pico-sdk/src/rp2_common/hardware_boot_lock/boot_lock.c.obj
 .debug_loclists
                0x0000e5c0     0x290d CMakeFiles/thumby_color_test.dir/C_/msys64/home/Q/pico-sdk/src/rp2_common/pico_printf/printf.c.obj
 .debug_loclists
                0x00010ecd      0x408 CMakeFiles/thumby_color_test.dir/C_/msys64/home/Q/pico-sdk/src/rp2_common/pico_clib_interface/newlib_interface.c.obj
 .debug_loclists
                0x000112d5      0xaec CMakeFiles/thumby_color_test.dir/C_/msys64/home/Q/pico-sdk/src/rp2_common/pico_stdio/stdio.c.obj
 .debug_loclists
                0x00011dc1      0x38d CMakeFiles/thumby_color_test.dir/C_/msys64/home/Q/pico-sdk/src/rp2_common/pico_unique_id/unique_id.c.obj
 .debug_loclists
                0x0001214e      0x8a2 CMakeFiles/thumby_color_test.dir/C_/msys64/home/Q/pico-sdk/src/rp2_common/hardware_spi/spi.c.obj
 .debug_loclists
                0x000129f0       0x25 C:/msys64/mingw64/bin/../lib/gcc/arm-none-eabi/13.3.0/../../../../arm-none-eabi/lib/thumb/v8-m.main+fp/softfp\libg.a(libc_a-atexit.o)
 .debug_loclists
                0x00012a15      0x1ba C:/msys64/mingw64/bin/../lib/gcc/arm-none-eabi/13.3.0/../../../../arm-none-eabi/lib/thumb/v8-m.main+fp/softfp\libg.a(libc_a-memset.o)
 .debug_loclists
                0x00012bcf       0x42 C:/msys64/mingw64/bin/../lib/gcc/arm-none-eabi/13.3.0/../../../../arm-none-eabi/lib/thumb/v8-m.main+fp/softfp\libg.a(libc_a-fini.o)
 .debug_loclists
                0x00012c11       0x1e C:/msys64/mingw64/bin/../lib/gcc/arm-none-eabi/13.3.0/../../../../arm-none-eabi/lib/thumb/v8-m.main+fp/softfp\libg.a(libc_a-lock.o)
 .debug_loclists
                0x00012c2f       0x23 C:/msys64/mingw64/bin/../lib/gcc/arm-none-eabi/13.3.0/../../../../arm-none-eabi/lib/thumb/v8-m.main+fp/softfp\libg.a(libc_a-strlen-stub.o)
 .debug_loclists
                0x00012c52       0x73 C:/msys64/mingw64/bin/../lib/gcc/arm-none-eabi/13.3.0/../../../../arm-none-eabi/lib/thumb/v8-m.main+fp/softfp\libg.a(libc_a-__atexit.o)
 .debug_loclists
                0x00012cc5      0x116 C:/msys64/mingw64/bin/../lib/gcc/arm-none-eabi/13.3.0/../../../../arm-none-eabi/lib/thumb/v8-m.main+fp/softfp\libg.a(libc_a-__call_atexit.o)

.debug_aranges  0x00000000      0xba8
 .debug_aranges
                0x00000000       0x30 CMakeFiles/thumby_color_test.dir/main.c.obj
 .debug_aranges
                0x00000030      0x120 CMakeFiles/thumby_color_test.dir/C_/msys64/home/Q/pico-sdk/src/rp2_common/hardware_gpio/gpio.c.obj
 .debug_aranges
                0x00000150       0x28 CMakeFiles/thumby_color_test.dir/C_/msys64/home/Q/pico-sdk/src/rp2_common/pico_platform_panic/panic.c.obj
 .debug_aranges
                0x00000178       0x48 CMakeFiles/thumby_color_test.dir/C_/msys64/home/Q/pico-sdk/src/common/hardware_claim/claim.c.obj
 .debug_aranges
                0x000001c0       0x48 CMakeFiles/thumby_color_test.dir/C_/msys64/home/Q/pico-sdk/src/rp2_common/hardware_sync/sync.c.obj
 .debug_aranges
                0x00000208       0x30 CMakeFiles/thumby_color_test.dir/C_/msys64/home/Q/pico-sdk/src/rp2_common/hardware_sync_spin_lock/sync_spin_lock.c.obj
 .debug_aranges
                0x00000238       0xb0 CMakeFiles/thumby_color_test.dir/C_/msys64/home/Q/pico-sdk/src/rp2_common/hardware_irq/irq.c.obj
 .debug_aranges
                0x000002e8       0x20 CMakeFiles/thumby_color_test.dir/C_/msys64/home/Q/pico-sdk/src/common/pico_sync/lock_core.c.obj
 .debug_aranges
                0x00000308       0x98 CMakeFiles/thumby_color_test.dir/C_/msys64/home/Q/pico-sdk/src/common/pico_sync/mutex.c.obj
 .debug_aranges
                0x000003a0       0xe0 CMakeFiles/thumby_color_test.dir/C_/msys64/home/Q/pico-sdk/src/common/pico_time/time.c.obj
 .debug_aranges
                0x00000480       0xf0 CMakeFiles/thumby_color_test.dir/C_/msys64/home/Q/pico-sdk/src/rp2_common/hardware_timer/timer.c.obj
 .debug_aranges
                0x00000570       0x90 CMakeFiles/thumby_color_test.dir/C_/msys64/home/Q/pico-sdk/src/rp2_common/hardware_clocks/clocks.c.obj
 .debug_aranges
                0x00000600       0x28 CMakeFiles/thumby_color_test.dir/C_/msys64/home/Q/pico-sdk/src/rp2_common/hardware_pll/pll.c.obj
 .debug_aranges
                0x00000628       0x30 CMakeFiles/thumby_color_test.dir/C_/msys64/home/Q/pico-sdk/src/rp2_common/hardware_ticks/ticks.c.obj
 .debug_aranges
                0x00000658       0x30 CMakeFiles/thumby_color_test.dir/C_/msys64/home/Q/pico-sdk/src/rp2_common/hardware_xosc/xosc.c.obj
 .debug_aranges
                0x00000688       0x38 CMakeFiles/thumby_color_test.dir/C_/msys64/home/Q/pico-sdk/src/rp2_common/pico_runtime/runtime.c.obj
 .debug_aranges
                0x000006c0       0x58 CMakeFiles/thumby_color_test.dir/C_/msys64/home/Q/pico-sdk/src/rp2_common/pico_runtime_init/runtime_init.c.obj
 .debug_aranges
                0x00000718       0x20 CMakeFiles/thumby_color_test.dir/C_/msys64/home/Q/pico-sdk/src/rp2_common/pico_runtime_init/runtime_init_clocks.c.obj
 .debug_aranges
                0x00000738       0x48 CMakeFiles/thumby_color_test.dir/C_/msys64/home/Q/pico-sdk/src/rp2_common/pico_bootrom/bootrom.c.obj
 .debug_aranges
                0x00000780       0x20 CMakeFiles/thumby_color_test.dir/C_/msys64/home/Q/pico-sdk/src/rp2_common/pico_bootrom/bootrom_lock.c.obj
 .debug_aranges
                0x000007a0       0x30 CMakeFiles/thumby_color_test.dir/C_/msys64/home/Q/pico-sdk/src/rp2_common/hardware_boot_lock/boot_lock.c.obj
 .debug_aranges
                0x000007d0       0x18 CMakeFiles/thumby_color_test.dir/C_/msys64/home/Q/pico-sdk/src/rp2_common/pico_standard_binary_info/standard_binary_info.c.obj
 .debug_aranges
                0x000007e8       0x90 CMakeFiles/thumby_color_test.dir/C_/msys64/home/Q/pico-sdk/src/rp2_common/pico_printf/printf.c.obj
 .debug_aranges
                0x00000878       0x28 CMakeFiles/thumby_color_test.dir/C_/msys64/home/Q/pico-sdk/src/rp2_common/pico_crt0/crt0.S.obj
 .debug_aranges
                0x000008a0       0xa0 CMakeFiles/thumby_color_test.dir/C_/msys64/home/Q/pico-sdk/src/rp2_common/pico_clib_interface/newlib_interface.c.obj
 .debug_aranges
                0x00000940       0xc8 CMakeFiles/thumby_color_test.dir/C_/msys64/home/Q/pico-sdk/src/rp2_common/pico_stdio/stdio.c.obj
 .debug_aranges
                0x00000a08       0x30 CMakeFiles/thumby_color_test.dir/C_/msys64/home/Q/pico-sdk/src/rp2_common/pico_unique_id/unique_id.c.obj
 .debug_aranges
                0x00000a38       0x68 CMakeFiles/thumby_color_test.dir/C_/msys64/home/Q/pico-sdk/src/rp2_common/hardware_spi/spi.c.obj
 .debug_aranges
                0x00000aa0       0x20 C:/msys64/mingw64/bin/../lib/gcc/arm-none-eabi/13.3.0/../../../../arm-none-eabi/lib/thumb/v8-m.main+fp/softfp\libg.a(libc_a-atexit.o)
 .debug_aranges
                0x00000ac0       0x20 C:/msys64/mingw64/bin/../lib/gcc/arm-none-eabi/13.3.0/../../../../arm-none-eabi/lib/thumb/v8-m.main+fp/softfp\libg.a(libc_a-memset.o)
 .debug_aranges
                0x00000ae0       0x20 C:/msys64/mingw64/bin/../lib/gcc/arm-none-eabi/13.3.0/../../../../arm-none-eabi/lib/thumb/v8-m.main+fp/softfp\libg.a(libc_a-fini.o)
 .debug_aranges
                0x00000b00       0x20 C:/msys64/mingw64/bin/../lib/gcc/arm-none-eabi/13.3.0/../../../../arm-none-eabi/lib/thumb/v8-m.main+fp/softfp\libg.a(libc_a-lock.o)
 .debug_aranges
                0x00000b20       0x20 C:/msys64/mingw64/bin/../lib/gcc/arm-none-eabi/13.3.0/../../../../arm-none-eabi/lib/thumb/v8-m.main+fp/softfp\libg.a(libc_a-memcpy.o)
 .debug_aranges
                0x00000b40       0x20 C:/msys64/mingw64/bin/../lib/gcc/arm-none-eabi/13.3.0/../../../../arm-none-eabi/lib/thumb/v8-m.main+fp/softfp\libg.a(libc_a-strlen-stub.o)
 .debug_aranges
                0x00000b60       0x20 C:/msys64/mingw64/bin/../lib/gcc/arm-none-eabi/13.3.0/../../../../arm-none-eabi/lib/thumb/v8-m.main+fp/softfp\libg.a(libc_a-__atexit.o)
 .debug_aranges
                0x00000b80       0x28 C:/msys64/mingw64/bin/../lib/gcc/arm-none-eabi/13.3.0/../../../../arm-none-eabi/lib/thumb/v8-m.main+fp/softfp\libg.a(libc_a-__call_atexit.o)

.debug_rnglists
                0x00000000     0x39b0
 .debug_rnglists
                0x00000000      0xca0 CMakeFiles/thumby_color_test.dir/main.c.obj
 .debug_rnglists
                0x00000ca0      0x641 CMakeFiles/thumby_color_test.dir/C_/msys64/home/Q/pico-sdk/src/rp2_common/hardware_gpio/gpio.c.obj
 .debug_rnglists
                0x000012e1       0x19 CMakeFiles/thumby_color_test.dir/C_/msys64/home/Q/pico-sdk/src/rp2_common/pico_platform_panic/panic.c.obj
 .debug_rnglists
                0x000012fa      0x104 CMakeFiles/thumby_color_test.dir/C_/msys64/home/Q/pico-sdk/src/common/hardware_claim/claim.c.obj
 .debug_rnglists
                0x000013fe       0x67 CMakeFiles/thumby_color_test.dir/C_/msys64/home/Q/pico-sdk/src/rp2_common/hardware_sync/sync.c.obj
 .debug_rnglists
                0x00001465       0x43 CMakeFiles/thumby_color_test.dir/C_/msys64/home/Q/pico-sdk/src/rp2_common/hardware_sync_spin_lock/sync_spin_lock.c.obj
 .debug_rnglists
                0x000014a8      0x3d8 CMakeFiles/thumby_color_test.dir/C_/msys64/home/Q/pico-sdk/src/rp2_common/hardware_irq/irq.c.obj
 .debug_rnglists
                0x00001880       0x13 CMakeFiles/thumby_color_test.dir/C_/msys64/home/Q/pico-sdk/src/common/pico_sync/lock_core.c.obj
 .debug_rnglists
                0x00001893      0x2c1 CMakeFiles/thumby_color_test.dir/C_/msys64/home/Q/pico-sdk/src/common/pico_sync/mutex.c.obj
 .debug_rnglists
                0x00001b54      0x7f9 CMakeFiles/thumby_color_test.dir/C_/msys64/home/Q/pico-sdk/src/common/pico_time/time.c.obj
 .debug_rnglists
                0x0000234d      0x490 CMakeFiles/thumby_color_test.dir/C_/msys64/home/Q/pico-sdk/src/rp2_common/hardware_timer/timer.c.obj
 .debug_rnglists
                0x000027dd      0x5c4 CMakeFiles/thumby_color_test.dir/C_/msys64/home/Q/pico-sdk/src/rp2_common/hardware_clocks/clocks.c.obj
 .debug_rnglists
                0x00002da1       0x59 CMakeFiles/thumby_color_test.dir/C_/msys64/home/Q/pico-sdk/src/rp2_common/hardware_pll/pll.c.obj
 .debug_rnglists
                0x00002dfa       0x2b CMakeFiles/thumby_color_test.dir/C_/msys64/home/Q/pico-sdk/src/rp2_common/hardware_ticks/ticks.c.obj
 .debug_rnglists
                0x00002e25       0x2b CMakeFiles/thumby_color_test.dir/C_/msys64/home/Q/pico-sdk/src/rp2_common/hardware_xosc/xosc.c.obj
 .debug_rnglists
                0x00002e50       0x3d CMakeFiles/thumby_color_test.dir/C_/msys64/home/Q/pico-sdk/src/rp2_common/pico_runtime/runtime.c.obj
 .debug_rnglists
                0x00002e8d       0x70 CMakeFiles/thumby_color_test.dir/C_/msys64/home/Q/pico-sdk/src/rp2_common/pico_runtime_init/runtime_init.c.obj
 .debug_rnglists
                0x00002efd       0x2c CMakeFiles/thumby_color_test.dir/C_/msys64/home/Q/pico-sdk/src/rp2_common/pico_runtime_init/runtime_init_clocks.c.obj
 .debug_rnglists
                0x00002f29       0x7c CMakeFiles/thumby_color_test.dir/C_/msys64/home/Q/pico-sdk/src/rp2_common/pico_bootrom/bootrom.c.obj
 .debug_rnglists
                0x00002fa5       0x13 CMakeFiles/thumby_color_test.dir/C_/msys64/home/Q/pico-sdk/src/rp2_common/pico_bootrom/bootrom_lock.c.obj
 .debug_rnglists
                0x00002fb8       0x4f CMakeFiles/thumby_color_test.dir/C_/msys64/home/Q/pico-sdk/src/rp2_common/hardware_boot_lock/boot_lock.c.obj
 .debug_rnglists
                0x00003007      0x2bf CMakeFiles/thumby_color_test.dir/C_/msys64/home/Q/pico-sdk/src/rp2_common/pico_printf/printf.c.obj
 .debug_rnglists
                0x000032c6       0x1b CMakeFiles/thumby_color_test.dir/C_/msys64/home/Q/pico-sdk/src/rp2_common/pico_crt0/crt0.S.obj
 .debug_rnglists
                0x000032e1       0xaf CMakeFiles/thumby_color_test.dir/C_/msys64/home/Q/pico-sdk/src/rp2_common/pico_clib_interface/newlib_interface.c.obj
 .debug_rnglists
                0x00003390      0x2f8 CMakeFiles/thumby_color_test.dir/C_/msys64/home/Q/pico-sdk/src/rp2_common/pico_stdio/stdio.c.obj
 .debug_rnglists
                0x00003688       0xb1 CMakeFiles/thumby_color_test.dir/C_/msys64/home/Q/pico-sdk/src/rp2_common/pico_unique_id/unique_id.c.obj
 .debug_rnglists
                0x00003739      0x234 CMakeFiles/thumby_color_test.dir/C_/msys64/home/Q/pico-sdk/src/rp2_common/hardware_spi/spi.c.obj
 .debug_rnglists
                0x0000396d       0x13 C:/msys64/mingw64/bin/../lib/gcc/arm-none-eabi/13.3.0/../../../../arm-none-eabi/lib/thumb/v8-m.main+fp/softfp\libg.a(libc_a-strlen-stub.o)
 .debug_rnglists
                0x00003980       0x30 C:/msys64/mingw64/bin/../lib/gcc/arm-none-eabi/13.3.0/../../../../arm-none-eabi/lib/thumb/v8-m.main+fp/softfp\libg.a(libc_a-__call_atexit.o)

.debug_line     0x00000000    0x17992
 .debug_line    0x00000000     0x3baa CMakeFiles/thumby_color_test.dir/main.c.obj
 .debug_line    0x00003baa     0x1b5c CMakeFiles/thumby_color_test.dir/C_/msys64/home/Q/pico-sdk/src/rp2_common/hardware_gpio/gpio.c.obj
 .debug_line    0x00005706      0x219 CMakeFiles/thumby_color_test.dir/C_/msys64/home/Q/pico-sdk/src/rp2_common/pico_platform_panic/panic.c.obj
 .debug_line    0x0000591f      0x7ea CMakeFiles/thumby_color_test.dir/C_/msys64/home/Q/pico-sdk/src/common/hardware_claim/claim.c.obj
 .debug_line    0x00006109      0x3b4 CMakeFiles/thumby_color_test.dir/C_/msys64/home/Q/pico-sdk/src/rp2_common/hardware_sync/sync.c.obj
 .debug_line    0x000064bd      0x341 CMakeFiles/thumby_color_test.dir/C_/msys64/home/Q/pico-sdk/src/rp2_common/hardware_sync_spin_lock/sync_spin_lock.c.obj
 .debug_line    0x000067fe     0x168b CMakeFiles/thumby_color_test.dir/C_/msys64/home/Q/pico-sdk/src/rp2_common/hardware_irq/irq.c.obj
 .debug_line    0x00007e89      0x216 CMakeFiles/thumby_color_test.dir/C_/msys64/home/Q/pico-sdk/src/common/pico_sync/lock_core.c.obj
 .debug_line    0x0000809f     0x120d CMakeFiles/thumby_color_test.dir/C_/msys64/home/Q/pico-sdk/src/common/pico_sync/mutex.c.obj
 .debug_line    0x000092ac     0x2ef2 CMakeFiles/thumby_color_test.dir/C_/msys64/home/Q/pico-sdk/src/common/pico_time/time.c.obj
 .debug_line    0x0000c19e     0x1ce8 CMakeFiles/thumby_color_test.dir/C_/msys64/home/Q/pico-sdk/src/rp2_common/hardware_timer/timer.c.obj
 .debug_line    0x0000de86     0x1cf3 CMakeFiles/thumby_color_test.dir/C_/msys64/home/Q/pico-sdk/src/rp2_common/hardware_clocks/clocks.c.obj
 .debug_line    0x0000fb79      0x464 CMakeFiles/thumby_color_test.dir/C_/msys64/home/Q/pico-sdk/src/rp2_common/hardware_pll/pll.c.obj
 .debug_line    0x0000ffdd      0x2d7 CMakeFiles/thumby_color_test.dir/C_/msys64/home/Q/pico-sdk/src/rp2_common/hardware_ticks/ticks.c.obj
 .debug_line    0x000102b4      0x2f9 CMakeFiles/thumby_color_test.dir/C_/msys64/home/Q/pico-sdk/src/rp2_common/hardware_xosc/xosc.c.obj
 .debug_line    0x000105ad      0x2bf CMakeFiles/thumby_color_test.dir/C_/msys64/home/Q/pico-sdk/src/rp2_common/pico_runtime/runtime.c.obj
 .debug_line    0x0001086c      0x55e CMakeFiles/thumby_color_test.dir/C_/msys64/home/Q/pico-sdk/src/rp2_common/pico_runtime_init/runtime_init.c.obj
 .debug_line    0x00010dca      0x4ee CMakeFiles/thumby_color_test.dir/C_/msys64/home/Q/pico-sdk/src/rp2_common/pico_runtime_init/runtime_init_clocks.c.obj
 .debug_line    0x000112b8      0x5db CMakeFiles/thumby_color_test.dir/C_/msys64/home/Q/pico-sdk/src/rp2_common/pico_bootrom/bootrom.c.obj
 .debug_line    0x00011893      0x336 CMakeFiles/thumby_color_test.dir/C_/msys64/home/Q/pico-sdk/src/rp2_common/pico_bootrom/bootrom_lock.c.obj
 .debug_line    0x00011bc9      0x3c2 CMakeFiles/thumby_color_test.dir/C_/msys64/home/Q/pico-sdk/src/rp2_common/hardware_boot_lock/boot_lock.c.obj
 .debug_line    0x00011f8b      0x1a4 CMakeFiles/thumby_color_test.dir/C_/msys64/home/Q/pico-sdk/src/rp2_common/pico_standard_binary_info/standard_binary_info.c.obj
 .debug_line    0x0001212f     0x19d4 CMakeFiles/thumby_color_test.dir/C_/msys64/home/Q/pico-sdk/src/rp2_common/pico_printf/printf.c.obj
 .debug_line    0x00013b03       0xa0 CMakeFiles/thumby_color_test.dir/C_/msys64/home/Q/pico-sdk/src/rp2_common/pico_crt0/crt0.S.obj
 .debug_line    0x00013ba3      0x78e CMakeFiles/thumby_color_test.dir/C_/msys64/home/Q/pico-sdk/src/rp2_common/pico_clib_interface/newlib_interface.c.obj
 .debug_line    0x00014331     0x143f CMakeFiles/thumby_color_test.dir/C_/msys64/home/Q/pico-sdk/src/rp2_common/pico_stdio/stdio.c.obj
 .debug_line    0x00015770      0x6c9 CMakeFiles/thumby_color_test.dir/C_/msys64/home/Q/pico-sdk/src/rp2_common/pico_unique_id/unique_id.c.obj