Archive member included to satisfy reference by file (symbol)

C:/msys64/mingw64/bin/../lib/gcc/arm-none-eabi/13.3.0/../../../../arm-none-eabi/lib/thumb/v8-m.main+fp/softfp\libm.a(libm_a-wf_sqrt.o)
                              CMakeFiles/test_blink.dir/C_/msys64/home/Q/pico-sdk/src/rp2_common/pico_float/float_math.c.obj (sqrtf)
C:/msys64/mingw64/bin/../lib/gcc/arm-none-eabi/13.3.0/../../../../arm-none-eabi/lib/thumb/v8-m.main+fp/softfp\libm.a(libm_a-ef_sqrt.o)
                              C:/msys64/mingw64/bin/../lib/gcc/arm-none-eabi/13.3.0/../../../../arm-none-eabi/lib/thumb/v8-m.main+fp/softfp\libm.a(libm_a-wf_sqrt.o) (__ieee754_sqrtf)
C:/msys64/mingw64/bin/../lib/gcc/arm-none-eabi/13.3.0/thumb/v8-m.main+fp/softfp\libgcc.a(_arm_addsubdf3.o)
                              CMakeFiles/test_blink.dir/C_/msys64/home/Q/pico-sdk/src/rp2_common/pico_float/float_math.c.obj (__aeabi_f2d)
C:/msys64/mingw64/bin/../lib/gcc/arm-none-eabi/13.3.0/thumb/v8-m.main+fp/softfp\libgcc.a(_aeabi_ldivmod.o)
                              CMakeFiles/test_blink.dir/C_/msys64/home/Q/pico-sdk/src/common/pico_time/time.c.obj (__aeabi_ldivmod)
C:/msys64/mingw64/bin/../lib/gcc/arm-none-eabi/13.3.0/thumb/v8-m.main+fp/softfp\libgcc.a(_aeabi_uldivmod.o)
                              CMakeFiles/test_blink.dir/C_/msys64/home/Q/pico-sdk/src/rp2_common/hardware_clocks/clocks.c.obj (__aeabi_uldivmod)
C:/msys64/mingw64/bin/../lib/gcc/arm-none-eabi/13.3.0/thumb/v8-m.main+fp/softfp\libgcc.a(_udivmoddi4.o)
                              C:/msys64/mingw64/bin/../lib/gcc/arm-none-eabi/13.3.0/thumb/v8-m.main+fp/softfp\libgcc.a(_aeabi_ldivmod.o) (__udivmoddi4)
C:/msys64/mingw64/bin/../lib/gcc/arm-none-eabi/13.3.0/thumb/v8-m.main+fp/softfp\libgcc.a(_dvmd_tls.o)
                              C:/msys64/mingw64/bin/../lib/gcc/arm-none-eabi/13.3.0/thumb/v8-m.main+fp/softfp\libgcc.a(_aeabi_ldivmod.o) (__aeabi_ldiv0)
C:/msys64/mingw64/bin/../lib/gcc/arm-none-eabi/13.3.0/../../../../arm-none-eabi/lib/thumb/v8-m.main+fp/softfp\libg.a(libc_a-atexit.o)
                              C:/msys64/mingw64/bin/../lib/gcc/arm-none-eabi/13.3.0/../../../../arm-none-eabi/lib/thumb/v8-m.main+fp/softfp/crt0.o (atexit)
C:/msys64/mingw64/bin/../lib/gcc/arm-none-eabi/13.3.0/../../../../arm-none-eabi/lib/thumb/v8-m.main+fp/softfp\libg.a(libc_a-calloc.o)
                              CMakeFiles/test_blink.dir/C_/msys64/home/Q/pico-sdk/src/rp2_common/pico_malloc/malloc.c.obj (calloc)
C:/msys64/mingw64/bin/../lib/gcc/arm-none-eabi/13.3.0/../../../../arm-none-eabi/lib/thumb/v8-m.main+fp/softfp\libg.a(libc_a-callocr.o)
                              C:/msys64/mingw64/bin/../lib/gcc/arm-none-eabi/13.3.0/../../../../arm-none-eabi/lib/thumb/v8-m.main+fp/softfp\libg.a(libc_a-calloc.o) (_calloc_r)
C:/msys64/mingw64/bin/../lib/gcc/arm-none-eabi/13.3.0/../../../../arm-none-eabi/lib/thumb/v8-m.main+fp/softfp\libg.a(libc_a-malloc.o)
                              CMakeFiles/test_blink.dir/C_/msys64/home/Q/pico-sdk/src/rp2_common/pico_malloc/malloc.c.obj (malloc)
C:/msys64/mingw64/bin/../lib/gcc/arm-none-eabi/13.3.0/../../../../arm-none-eabi/lib/thumb/v8-m.main+fp/softfp\libg.a(libc_a-mallocr.o)
                              C:/msys64/mingw64/bin/../lib/gcc/arm-none-eabi/13.3.0/../../../../arm-none-eabi/lib/thumb/v8-m.main+fp/softfp\libg.a(libc_a-callocr.o) (_malloc_r)
C:/msys64/mingw64/bin/../lib/gcc/arm-none-eabi/13.3.0/../../../../arm-none-eabi/lib/thumb/v8-m.main+fp/softfp\libg.a(libc_a-mlock.o)
                              C:/msys64/mingw64/bin/../lib/gcc/arm-none-eabi/13.3.0/../../../../arm-none-eabi/lib/thumb/v8-m.main+fp/softfp\libg.a(libc_a-mallocr.o) (__malloc_lock)
C:/msys64/mingw64/bin/../lib/gcc/arm-none-eabi/13.3.0/../../../../arm-none-eabi/lib/thumb/v8-m.main+fp/softfp\libg.a(libc_a-realloc.o)
                              CMakeFiles/test_blink.dir/C_/msys64/home/Q/pico-sdk/src/rp2_common/pico_malloc/malloc.c.obj (realloc)
C:/msys64/mingw64/bin/../lib/gcc/arm-none-eabi/13.3.0/../../../../arm-none-eabi/lib/thumb/v8-m.main+fp/softfp\libg.a(libc_a-reallocr.o)
                              C:/msys64/mingw64/bin/../lib/gcc/arm-none-eabi/13.3.0/../../../../arm-none-eabi/lib/thumb/v8-m.main+fp/softfp\libg.a(libc_a-realloc.o) (_realloc_r)
C:/msys64/mingw64/bin/../lib/gcc/arm-none-eabi/13.3.0/../../../../arm-none-eabi/lib/thumb/v8-m.main+fp/softfp\libg.a(libc_a-memcmp.o)
                              CMakeFiles/test_blink.dir/C_/msys64/home/Q/pico-sdk/src/rp2_common/pico_atomic/atomic.c.obj (memcmp)
C:/msys64/mingw64/bin/../lib/gcc/arm-none-eabi/13.3.0/../../../../arm-none-eabi/lib/thumb/v8-m.main+fp/softfp\libg.a(libc_a-memmove.o)
                              C:/msys64/mingw64/bin/../lib/gcc/arm-none-eabi/13.3.0/../../../../arm-none-eabi/lib/thumb/v8-m.main+fp/softfp\libg.a(libc_a-reallocr.o) (memmove)
C:/msys64/mingw64/bin/../lib/gcc/arm-none-eabi/13.3.0/../../../../arm-none-eabi/lib/thumb/v8-m.main+fp/softfp\libg.a(libc_a-memset.o)
[...]
Memory Configuration

Name             Origin             Length             Attributes
FLASH            0x10000000         0x01000000         xr
RAM              0x20000000         0x00080000         xrw
SCRATCH_X        0x20080000         0x00001000         xrw
SCRATCH_Y        0x20081000         0x00001000         xrw
*default*        0x00000000         0xffffffff

Linker script and memory map

LOAD C:/msys64/mingw64/bin/../lib/gcc/arm-none-eabi/13.3.0/thumb/v8-m.main+fp/softfp/crti.o
LOAD C:/msys64/mingw64/bin/../lib/gcc/arm-none-eabi/13.3.0/thumb/v8-m.main+fp/softfp/crtbegin.o
LOAD C:/msys64/mingw64/bin/../lib/gcc/arm-none-eabi/13.3.0/../../../../arm-none-eabi/lib/thumb/v8-m.main+fp/softfp/crt0.o

.flash_begin    0x10000000        0x0
                0x10000000                        __flash_binary_start = .

.text           0x10000000     0x1418
                0x10000000                        __logical_binary_start = .
 *(.vectors)
 .vectors       0x10000000      0x124 CMakeFiles/test_blink.dir/C_/msys64/home/Q/pico-sdk/src/rp2_common/pico_crt0/crt0.S.obj
                0x10000000                __VECTOR_TABLE
                0x10000000                __vectors
                0x10000110                __unhandled_user_irq
                0x10000110                isr_irq49
                0x10000110                isr_irq13
                0x10000110                isr_irq43
                0x10000110                isr_irq45
                0x10000110                isr_irq27
                0x10000110                isr_irq32
                0x10000110                isr_irq31
                0x10000110                isr_irq12
                0x10000110                isr_irq5
                0x10000110                isr_irq11
                0x10000110                isr_irq3
                0x10000110                isr_irq23
                0x10000110                isr_usagefault
                0x10000110                isr_irq48
                0x10000110                isr_irq30
                0x10000110                isr_irq18
                0x10000110                isr_irq50
                0x10000110                isr_irq33
                0x10000110                isr_irq40
                0x10000110                isr_irq28
                0x10000110                isr_irq19
                0x10000110                isr_irq36
                0x10000110                isr_irq41
                0x10000110                isr_irq0
                0x10000110                isr_irq6
                0x10000110                isr_irq26
                0x10000110                isr_irq29
                0x10000110                isr_memmanage
                0x10000110                isr_irq37
                0x10000110                isr_irq42
                0x10000110                isr_irq22
                0x10000110                isr_irq35
                0x10000110                isr_irq17
                0x10000110                isr_irq38
                0x10000110                isr_irq14
                0x10000110                __vectors_end
                0x10000110                __default_isrs_start
                0x10000110                isr_irq2
                0x10000110                isr_irq10
                0x10000110                isr_irq8
                0x10000110                isr_debugmonitor
                0x10000110                isr_irq24
                0x10000110                isr_irq46
                0x10000110                isr_irq1
                0x10000110                isr_irq47
                0x10000110                isr_irq51
                0x10000110                isr_irq7
                0x10000110                isr_irq21
                0x10000110                isr_irq39
                0x10000110                isr_irq20
                0x10000110                isr_irq15
                0x10000110                isr_irq25
                0x10000110                isr_irq34
                0x10000110                isr_irq44
                0x10000110                isr_securefault
                0x10000110                isr_irq4
                0x10000110                isr_busfault
                0x10000110                isr_irq16
                0x10000110                isr_irq9
                0x10000116                unhandled_user_irq_num_in_r0
                0x10000118                isr_invalid
                0x1000011a                isr_nmi
                0x1000011c                isr_hardfault
                0x1000011e                isr_svcall
                0x10000120                isr_pendsv
                0x10000122                isr_systick
                0x10000124                __default_isrs_end
 *(.binary_info_header)
 .binary_info_header
                0x10000124       0x14 CMakeFiles/test_blink.dir/C_/msys64/home/Q/pico-sdk/src/rp2_common/pico_crt0/crt0.S.obj
                0x10000138                        __binary_info_header_end = .
 *(.embedded_block)
 .embedded_block
                0x10000138       0x14 CMakeFiles/test_blink.dir/C_/msys64/home/Q/pico-sdk/src/rp2_common/pico_crt0/crt0.S.obj
                0x1000014c                        __embedded_block_end = .
 *(.reset)
 .reset         0x1000014c       0x98 CMakeFiles/test_blink.dir/C_/msys64/home/Q/pico-sdk/src/rp2_common/pico_crt0/crt0.S.obj
                0x1000014c                _entry_point
 *(.init)
 .init          0x100001e4        0x4 C:/msys64/mingw64/bin/../lib/gcc/arm-none-eabi/13.3.0/thumb/v8-m.main+fp/softfp/crti.o
                0x100001e4                _init
 *libgcc.a:cmse_nonsecure_call.o()
 *(EXCLUDE_FILE(*libm.a: *libc.a:*lib_a-mem*.o *libgcc.a:) .text*)
 .text.frame_dummy
                0x100001e8       0x1c C:/msys64/mingw64/bin/../lib/gcc/arm-none-eabi/13.3.0/thumb/v8-m.main+fp/softfp/crtbegin.o
 .text.startup.main
                0x10000204       0x30 CMakeFiles/test_blink.dir/test_blink.c.obj
                0x10000204                main
 .text.gpio_set_function
                0x10000234       0x38 CMakeFiles/test_blink.dir/C_/msys64/home/Q/pico-sdk/src/rp2_common/hardware_gpio/gpio.c.obj
                0x10000234                gpio_set_function
 .text.gpio_init
                0x1000026c       0x12 CMakeFiles/test_blink.dir/C_/msys64/home/Q/pico-sdk/src/rp2_common/hardware_gpio/gpio.c.obj
                0x1000026c                gpio_init
 *fill*         0x1000027e        0x2 
 .text.panic    0x10000280       0x2c CMakeFiles/test_blink.dir/C_/msys64/home/Q/pico-sdk/src/rp2_common/pico_platform_panic/panic.c.obj
                0x10000280                panic
 .text.hw_claim_lock
                0x100002ac       0x24 CMakeFiles/test_blink.dir/C_/msys64/home/Q/pico-sdk/src/common/hardware_claim/claim.c.obj
                0x100002ac                hw_claim_lock
 .text.hw_claim_unlock
                0x100002d0       0x14 CMakeFiles/test_blink.dir/C_/msys64/home/Q/pico-sdk/src/common/hardware_claim/claim.c.obj
                0x100002d0                hw_claim_unlock
 .text.hw_is_claimed
                0x100002e4       0x16 CMakeFiles/test_blink.dir/C_/msys64/home/Q/pico-sdk/src/common/hardware_claim/claim.c.obj
                0x100002e4                hw_is_claimed
 .text.hw_claim_or_assert
                0x100002fa       0x3a CMakeFiles/test_blink.dir/C_/msys64/home/Q/pico-sdk/src/common/hardware_claim/claim.c.obj
                0x100002fa                hw_claim_or_assert
 .text.next_striped_spin_lock_num
                0x10000334       0x18 CMakeFiles/test_blink.dir/C_/msys64/home/Q/pico-sdk/src/rp2_common/hardware_sync/sync.c.obj
                0x10000334                next_striped_spin_lock_num
 .text.spinlock_set_extexclall
                0x1000034c        0xe CMakeFiles/test_blink.dir/C_/msys64/home/Q/pico-sdk/src/rp2_common/hardware_sync_spin_lock/sync_spin_lock.c.obj
 *fill*         0x1000035a        0x2 
 .text.spin_locks_reset
                0x1000035c       0x18 CMakeFiles/test_blink.dir/C_/msys64/home/Q/pico-sdk/src/rp2_common/hardware_sync_spin_lock/sync_spin_lock.c.obj
                0x1000035c                spin_locks_reset
 .text.set_raw_irq_handler_and_unlock
                0x10000374       0x24 CMakeFiles/test_blink.dir/C_/msys64/home/Q/pico-sdk/src/rp2_common/hardware_irq/irq.c.obj
 .text.runtime_init_per_core_irq_priorities
                0x10000398       0x20 CMakeFiles/test_blink.dir/C_/msys64/home/Q/pico-sdk/src/rp2_common/hardware_irq/irq.c.obj
                0x10000398                runtime_init_per_core_irq_priorities
 .text.irq_set_enabled
                0x100003b8       0x2c CMakeFiles/test_blink.dir/C_/msys64/home/Q/pico-sdk/src/rp2_common/hardware_irq/irq.c.obj
                0x100003b8                irq_set_enabled
 .text.irq_get_vtable_handler
                0x100003e4       0x10 CMakeFiles/test_blink.dir/C_/msys64/home/Q/pico-sdk/src/rp2_common/hardware_irq/irq.c.obj
                0x100003e4                irq_get_vtable_handler
 .text.irq_set_exclusive_handler
                0x100003f4       0x4c CMakeFiles/test_blink.dir/C_/msys64/home/Q/pico-sdk/src/rp2_common/hardware_irq/irq.c.obj
                0x100003f4                irq_set_exclusive_handler
 .text.lock_init
                0x10000440        0xc CMakeFiles/test_blink.dir/C_/msys64/home/Q/pico-sdk/src/common/pico_sync/lock_core.c.obj
                0x10000440                lock_init
 .text.mutex_init
                0x1000044c       0x1a CMakeFiles/test_blink.dir/C_/msys64/home/Q/pico-sdk/src/common/pico_sync/mutex.c.obj
                0x1000044c                mutex_init
 .text.recursive_mutex_init
                0x10000466       0x1a CMakeFiles/test_blink.dir/C_/msys64/home/Q/pico-sdk/src/common/pico_sync/mutex.c.obj
                0x10000466                recursive_mutex_init
 .text.runtime_init_mutex
                0x10000480       0x2c CMakeFiles/test_blink.dir/C_/msys64/home/Q/pico-sdk/src/common/pico_sync/mutex.c.obj
                0x10000480                runtime_init_mutex
 .text.sleep_until_callback
                0x100004ac       0x3c CMakeFiles/test_blink.dir/C_/msys64/home/Q/pico-sdk/src/common/pico_time/time.c.obj
 .text.alarm_pool_irq_handler
                0x100004e8      0x2b0 CMakeFiles/test_blink.dir/C_/msys64/home/Q/pico-sdk/src/common/pico_time/time.c.obj
 .text.alarm_pool_post_alloc_init
                0x10000798       0x8c CMakeFiles/test_blink.dir/C_/msys64/home/Q/pico-sdk/src/common/pico_time/time.c.obj
 .text.runtime_init_default_alarm_pool
                0x10000824       0x34 CMakeFiles/test_blink.dir/C_/msys64/home/Q/pico-sdk/src/common/pico_time/time.c.obj
                0x10000824                runtime_init_default_alarm_pool
 .text.time_reached
                0x10000858       0x24 CMakeFiles/test_blink.dir/C_/msys64/home/Q/pico-sdk/src/common/pico_time/time.c.obj
 .text.alarm_pool_add_alarm_at_force_in_context
                0x1000087c       0xbc CMakeFiles/test_blink.dir/C_/msys64/home/Q/pico-sdk/src/common/pico_time/time.c.obj
                0x1000087c                alarm_pool_add_alarm_at_force_in_context
 .text.alarm_pool_add_alarm_at
                0x10000938       0x3a CMakeFiles/test_blink.dir/C_/msys64/home/Q/pico-sdk/src/common/pico_time/time.c.obj
                0x10000938                alarm_pool_add_alarm_at
 .text.alarm_pool_cancel_alarm
                0x10000972       0x72 CMakeFiles/test_blink.dir/C_/msys64/home/Q/pico-sdk/src/common/pico_time/time.c.obj
                0x10000972                alarm_pool_cancel_alarm
 .text.sleep_until
                0x100009e4       0xa4 CMakeFiles/test_blink.dir/C_/msys64/home/Q/pico-sdk/src/common/pico_time/time.c.obj
                0x100009e4                sleep_until
 .text.sleep_us
                0x10000a88       0x2e CMakeFiles/test_blink.dir/C_/msys64/home/Q/pico-sdk/src/common/pico_time/time.c.obj
                0x10000a88                sleep_us
 .text.sleep_ms
                0x10000ab6        0xc CMakeFiles/test_blink.dir/C_/msys64/home/Q/pico-sdk/src/common/pico_time/time.c.obj
                0x10000ab6                sleep_ms
 *fill*         0x10000ac2        0x2 
 .text.best_effort_wfe_or_timeout
                0x10000ac4       0x84 CMakeFiles/test_blink.dir/C_/msys64/home/Q/pico-sdk/src/common/pico_time/time.c.obj
                0x10000ac4                best_effort_wfe_or_timeout
 .text.timer_hardware_alarm_claim
                0x10000b48       0x24 CMakeFiles/test_blink.dir/C_/msys64/home/Q/pico-sdk/src/rp2_common/hardware_timer/timer.c.obj
                0x10000b48                timer_hardware_alarm_claim
 .text.timer_time_us_64
                0x10000b6c       0x10 CMakeFiles/test_blink.dir/C_/msys64/home/Q/pico-sdk/src/rp2_common/hardware_timer/timer.c.obj
                0x10000b6c                timer_time_us_64
 .text.timer_busy_wait_until
                0x10000b7c       0x16 CMakeFiles/test_blink.dir/C_/msys64/home/Q/pico-sdk/src/rp2_common/hardware_timer/timer.c.obj
                0x10000b7c                timer_busy_wait_until
 *fill*         0x10000b92        0x2 
 .text.time_us_64
                0x10000b94        0xc CMakeFiles/test_blink.dir/C_/msys64/home/Q/pico-sdk/src/rp2_common/hardware_timer/timer.c.obj
                0x10000b94                time_us_64
 .text.busy_wait_until
                0x10000ba0       0x10 CMakeFiles/test_blink.dir/C_/msys64/home/Q/pico-sdk/src/rp2_common/hardware_timer/timer.c.obj
                0x10000ba0                busy_wait_until
 .text.clock_configure_internal
                0x10000bb0       0x98 CMakeFiles/test_blink.dir/C_/msys64/home/Q/pico-sdk/src/rp2_common/hardware_clocks/clocks.c.obj
 .text.clock_configure_undivided
                0x10000c48       0x10 CMakeFiles/test_blink.dir/C_/msys64/home/Q/pico-sdk/src/rp2_common/hardware_clocks/clocks.c.obj
                0x10000c48                clock_configure_undivided
 .text.clock_get_hz
                0x10000c58        0xc CMakeFiles/test_blink.dir/C_/msys64/home/Q/pico-sdk/src/rp2_common/hardware_clocks/clocks.c.obj
                0x10000c58                clock_get_hz
 .text.pll_init
                0x10000c64       0x88 CMakeFiles/test_blink.dir/C_/msys64/home/Q/pico-sdk/src/rp2_common/hardware_pll/pll.c.obj
                0x10000c64                pll_init
 .text.tick_start
                0x10000cec       0x14 CMakeFiles/test_blink.dir/C_/msys64/home/Q/pico-sdk/src/rp2_common/hardware_ticks/ticks.c.obj
                0x10000cec                tick_start
 .text.rom_func_lookup
                0x10000d00       0x14 CMakeFiles/test_blink.dir/C_/msys64/home/Q/pico-sdk/src/rp2_common/pico_bootrom/bootrom.c.obj
                0x10000d00                rom_func_lookup
 .text.runtime_init_bootrom_locking_enable
                0x10000d14       0x14 CMakeFiles/test_blink.dir/C_/msys64/home/Q/pico-sdk/src/rp2_common/pico_bootrom/bootrom_lock.c.obj
                0x10000d14                runtime_init_bootrom_locking_enable
 .text.boot_locks_reset
                0x10000d28       0x1c CMakeFiles/test_blink.dir/C_/msys64/home/Q/pico-sdk/src/rp2_common/hardware_boot_lock/boot_lock.c.obj
                0x10000d28                boot_locks_reset
 .text.runtime_init_boot_locks_reset
                0x10000d44        0x4 CMakeFiles/test_blink.dir/C_/msys64/home/Q/pico-sdk/src/rp2_common/hardware_boot_lock/boot_lock.c.obj
                0x10000d44                runtime_init_boot_locks_reset
 .text.xosc_init
                0x10000d48       0x28 CMakeFiles/test_blink.dir/C_/msys64/home/Q/pico-sdk/src/rp2_common/hardware_xosc/xosc.c.obj
                0x10000d48                xosc_init
 .text.first_per_core_initializer
                0x10000d70        0x2 CMakeFiles/test_blink.dir/C_/msys64/home/Q/pico-sdk/src/rp2_common/pico_runtime/runtime.c.obj
 *fill*         0x10000d72        0x2 
 .text.hard_assertion_failure
                0x10000d74        0xc CMakeFiles/test_blink.dir/C_/msys64/home/Q/pico-sdk/src/rp2_common/pico_runtime/runtime.c.obj
                0x10000d74                hard_assertion_failure
 .text.runtime_run_initializers
                0x10000d80       0x1c CMakeFiles/test_blink.dir/C_/msys64/home/Q/pico-sdk/src/rp2_common/pico_runtime/runtime.c.obj
                0x10000d80                runtime_run_initializers
 .text.runtime_init_early_resets
                0x10000d9c       0x2c CMakeFiles/test_blink.dir/C_/msys64/home/Q/pico-sdk/src/rp2_common/pico_runtime_init/runtime_init.c.obj
                0x10000d9c                runtime_init_early_resets
 .text.runtime_init_usb_power_down
                0x10000dc8       0x1c CMakeFiles/test_blink.dir/C_/msys64/home/Q/pico-sdk/src/rp2_common/pico_runtime_init/runtime_init.c.obj
                0x10000dc8                runtime_init_usb_power_down
 .text.runtime_init_per_core_enable_coprocessors
                0x10000de4       0x1c CMakeFiles/test_blink.dir/C_/msys64/home/Q/pico-sdk/src/rp2_common/pico_runtime_init/runtime_init.c.obj
                0x10000de4                runtime_init_per_core_enable_coprocessors
 .text.runtime_init_post_clock_resets
                0x10000e00       0x20 CMakeFiles/test_blink.dir/C_/msys64/home/Q/pico-sdk/src/rp2_common/pico_runtime_init/runtime_init.c.obj
                0x10000e00                runtime_init_post_clock_resets
 .text.runtime_init_bootrom_reset
                0x10000e20       0x14 CMakeFiles/test_blink.dir/C_/msys64/home/Q/pico-sdk/src/rp2_common/pico_runtime_init/runtime_init.c.obj
                0x10000e20                runtime_init_bootrom_reset
 .text.runtime_init_per_core_bootrom_reset
                0x10000e34       0x14 CMakeFiles/test_blink.dir/C_/msys64/home/Q/pico-sdk/src/rp2_common/pico_runtime_init/runtime_init.c.obj
                0x10000e34                runtime_init_per_core_bootrom_reset
 .text.runtime_init_spin_locks_reset
                0x10000e48        0x4 CMakeFiles/test_blink.dir/C_/msys64/home/Q/pico-sdk/src/rp2_common/pico_runtime_init/runtime_init.c.obj
                0x10000e48                runtime_init_spin_locks_reset
 .text.runtime_init_install_ram_vector_table
                0x10000e4c       0x44 CMakeFiles/test_blink.dir/C_/msys64/home/Q/pico-sdk/src/rp2_common/pico_runtime_init/runtime_init.c.obj
                0x10000e4c                runtime_init_install_ram_vector_table
 .text.runtime_init_clocks
                0x10000e90       0xd4 CMakeFiles/test_blink.dir/C_/msys64/home/Q/pico-sdk/src/rp2_common/pico_runtime_init/runtime_init_clocks.c.obj
                0x10000e90                runtime_init_clocks
 .text._out_char
                0x10000f64        0x8 CMakeFiles/test_blink.dir/C_/msys64/home/Q/pico-sdk/src/rp2_common/pico_printf/printf.c.obj
 .text.weak_raw_vprintf
                0x10000f6c       0x2c CMakeFiles/test_blink.dir/C_/msys64/home/Q/pico-sdk/src/rp2_common/pico_printf/printf.c.obj
                0x10000f6c                weak_raw_vprintf
 .text._exit    0x10000f98        0x4 CMakeFiles/test_blink.dir/C_/msys64/home/Q/pico-sdk/src/rp2_common/pico_clib_interface/newlib_interface.c.obj
                0x10000f98                _exit
 .text.exit     0x10000f9c        0x6 CMakeFiles/test_blink.dir/C_/msys64/home/Q/pico-sdk/src/rp2_common/pico_clib_interface/newlib_interface.c.obj
                0x10000f9c                exit
 *fill*         0x10000fa2        0x2 
 .text.runtime_init
                0x10000fa4       0x20 CMakeFiles/test_blink.dir/C_/msys64/home/Q/pico-sdk/src/rp2_common/pico_clib_interface/newlib_interface.c.obj
                0x10000fa4                runtime_init
 .text.stdio_out_chars_no_crlf
                0x10000fc4        0xa CMakeFiles/test_blink.dir/C_/msys64/home/Q/pico-sdk/src/rp2_common/pico_stdio/stdio.c.obj
 *fill*         0x10000fce        0x2 
 .text.stdio_out_chars_crlf
                0x10000fd0       0x8c CMakeFiles/test_blink.dir/C_/msys64/home/Q/pico-sdk/src/rp2_common/pico_stdio/stdio.c.obj
 .text.stdout_serialize_begin
                0x1000105c       0x38 CMakeFiles/test_blink.dir/C_/msys64/home/Q/pico-sdk/src/rp2_common/pico_stdio/stdio.c.obj
                0x1000105c                stdout_serialize_begin
 .text.stdout_serialize_end
                0x10001094        0xc CMakeFiles/test_blink.dir/C_/msys64/home/Q/pico-sdk/src/rp2_common/pico_stdio/stdio.c.obj
                0x10001094                stdout_serialize_end
 .text.stdio_put_string
                0x100010a0       0x88 CMakeFiles/test_blink.dir/C_/msys64/home/Q/pico-sdk/src/rp2_common/pico_stdio/stdio.c.obj
                0x100010a0                stdio_put_string
 .text.stdio_flush
                0x10001128       0x18 CMakeFiles/test_blink.dir/C_/msys64/home/Q/pico-sdk/src/rp2_common/pico_stdio/stdio.c.obj
                0x10001128                stdio_flush
 .text.__wrap_putchar
                0x10001140       0x1c CMakeFiles/test_blink.dir/C_/msys64/home/Q/pico-sdk/src/rp2_common/pico_stdio/stdio.c.obj
                0x10001140                __wrap_putchar
                0x10001140                stdio_putchar
 .text.__wrap_puts
                0x1000115c       0x1e CMakeFiles/test_blink.dir/C_/msys64/home/Q/pico-sdk/src/rp2_common/pico_stdio/stdio.c.obj
                0x1000115c                stdio_puts
                0x1000115c                __wrap_puts
 *fill*         0x1000117a        0x2 
 .text          0x1000117c        0xc C:/msys64/mingw64/bin/../lib/gcc/arm-none-eabi/13.3.0/../../../../arm-none-eabi/lib/thumb/v8-m.main+fp/softfp\libg.a(libc_a-atexit.o)
                0x1000117c                atexit
 .text          0x10001188       0x28 C:/msys64/mingw64/bin/../lib/gcc/arm-none-eabi/13.3.0/../../../../arm-none-eabi/lib/thumb/v8-m.main+fp/softfp\libg.a(libc_a-fini.o)
                0x10001188                __libc_fini_array
 .text          0x100011b0       0x28 C:/msys64/mingw64/bin/../lib/gcc/arm-none-eabi/13.3.0/../../../../arm-none-eabi/lib/thumb/v8-m.main+fp/softfp\libg.a(libc_a-lock.o)
                0x100011b0                __retarget_lock_init
                0x100011b4                __retarget_lock_init_recursive
                0x100011b8                __retarget_lock_close
                0x100011bc                __retarget_lock_close_recursive
                0x100011c0                __retarget_lock_acquire
                0x100011c4                __retarget_lock_acquire_recursive
                0x100011c8                __retarget_lock_try_acquire
                0x100011cc                __retarget_lock_try_acquire_recursive
                0x100011d0                __retarget_lock_release
                0x100011d4                __retarget_lock_release_recursive
 .text          0x100011d8       0xec C:/msys64/mingw64/bin/../lib/gcc/arm-none-eabi/13.3.0/../../../../arm-none-eabi/lib/thumb/v8-m.main+fp/softfp\libg.a(libc_a-memcpy.o)
                0x100011d8                memcpy
 .text          0x100012c4       0x5c C:/msys64/mingw64/bin/../lib/gcc/arm-none-eabi/13.3.0/../../../../arm-none-eabi/lib/thumb/v8-m.main+fp/softfp\libg.a(libc_a-strlen-stub.o)
                0x100012c4                strlen
 .text          0x10001320       0x84 C:/msys64/mingw64/bin/../lib/gcc/arm-none-eabi/13.3.0/../../../../arm-none-eabi/lib/thumb/v8-m.main+fp/softfp\libg.a(libc_a-__atexit.o)
                0x10001320                __register_exitproc
 .text.startup  0x100013a4       0x14 C:/msys64/mingw64/bin/../lib/gcc/arm-none-eabi/13.3.0/../../../../arm-none-eabi/lib/thumb/v8-m.main+fp/softfp\libg.a(libc_a-__call_atexit.o)
 *(.fini)
 .fini          0x100013b8        0x4 C:/msys64/mingw64/bin/../lib/gcc/arm-none-eabi/13.3.0/thumb/v8-m.main+fp/softfp/crti.o
                0x100013b8                _fini
 *fill*         0x100013bc        0x4 
 .fini.__stub   0x100013c0       0x10 linker stubs
 *crtbegin.o(.ctors)
 *crtbegin?.o(.ctors)
 *(EXCLUDE_FILE(*crtend.o *crtend?.o) .ctors)
 *(SORT_BY_NAME(.ctors.*))
 *(.ctors)
 *crtbegin.o(.dtors)
 *crtbegin?.o(.dtors)
 *(EXCLUDE_FILE(*crtend.o *crtend?.o) .dtors)
 *(SORT_BY_NAME(.dtors.*))
 *(.dtors)
                0x100013d0                        . = ALIGN (0x4)
                0x100013d0                        PROVIDE (__preinit_array_start = .)
 *(SORT_BY_NAME(.preinit_array.*))
 .preinit_array.00050
                0x100013d0        0x4 CMakeFiles/test_blink.dir/C_/msys64/home/Q/pico-sdk/src/rp2_common/pico_runtime_init/runtime_init.c.obj
                0x100013d0                __pre_init_runtime_init_bootrom_reset
 .preinit_array.00100
                0x100013d4        0x4 CMakeFiles/test_blink.dir/C_/msys64/home/Q/pico-sdk/src/rp2_common/pico_runtime_init/runtime_init.c.obj
                0x100013d4                __pre_init_runtime_init_early_resets
 .preinit_array.00101
                0x100013d8        0x4 CMakeFiles/test_blink.dir/C_/msys64/home/Q/pico-sdk/src/rp2_common/pico_runtime_init/runtime_init.c.obj
                0x100013d8                __pre_init_runtime_init_usb_power_down
 .preinit_array.00500
                0x100013dc        0x4 CMakeFiles/test_blink.dir/C_/msys64/home/Q/pico-sdk/src/rp2_common/pico_runtime_init/runtime_init.c.obj
                0x100013dc                __pre_init_runtime_init_clocks
 .preinit_array.00600
                0x100013e0        0x4 CMakeFiles/test_blink.dir/C_/msys64/home/Q/pico-sdk/src/rp2_common/pico_runtime_init/runtime_init.c.obj
                0x100013e0                __pre_init_runtime_init_post_clock_resets
 .preinit_array.01000
                0x100013e4        0x4 CMakeFiles/test_blink.dir/C_/msys64/home/Q/pico-sdk/src/rp2_common/hardware_boot_lock/boot_lock.c.obj
                0x100013e4                __pre_init_runtime_init_boot_locks_reset
 .preinit_array.01000
                0x100013e8        0x4 CMakeFiles/test_blink.dir/C_/msys64/home/Q/pico-sdk/src/rp2_common/pico_runtime_init/runtime_init.c.obj
                0x100013e8                __pre_init_runtime_init_spin_locks_reset
 .preinit_array.01010
                0x100013ec        0x4 CMakeFiles/test_blink.dir/C_/msys64/home/Q/pico-sdk/src/rp2_common/pico_bootrom/bootrom_lock.c.obj
                0x100013ec                __pre_init_runtime_init_bootrom_locking_enable
 .preinit_array.01100
                0x100013f0        0x4 CMakeFiles/test_blink.dir/C_/msys64/home/Q/pico-sdk/src/common/pico_sync/mutex.c.obj
                0x100013f0                __pre_init_runtime_init_mutex
 .preinit_array.10080
                0x100013f4        0x4 CMakeFiles/test_blink.dir/C_/msys64/home/Q/pico-sdk/src/rp2_common/pico_runtime_init/runtime_init.c.obj
                0x100013f4                __pre_init_runtime_init_install_ram_vector_table
 .preinit_array.11000
                0x100013f8        0x4 CMakeFiles/test_blink.dir/C_/msys64/home/Q/pico-sdk/src/common/pico_time/time.c.obj
                0x100013f8                __pre_init_runtime_init_default_alarm_pool
 .preinit_array.YYYYY
                0x100013fc        0x4 CMakeFiles/test_blink.dir/C_/msys64/home/Q/pico-sdk/src/rp2_common/pico_runtime/runtime.c.obj
                0x100013fc                __pre_init_first_per_core_initializer
 .preinit_array.ZZZZZ.00051
                0x10001400        0x4 CMakeFiles/test_blink.dir/C_/msys64/home/Q/pico-sdk/src/rp2_common/pico_runtime_init/runtime_init.c.obj
                0x10001400                __pre_init_runtime_init_per_core_bootrom_reset
 .preinit_array.ZZZZZ.00200
                0x10001404        0x4 CMakeFiles/test_blink.dir/C_/msys64/home/Q/pico-sdk/src/rp2_common/pico_runtime_init/runtime_init.c.obj
                0x10001404                __pre_init_runtime_init_per_core_enable_coprocessors
 .preinit_array.ZZZZZ.01000
                0x10001408        0x4 CMakeFiles/test_blink.dir/C_/msys64/home/Q/pico-sdk/src/rp2_common/hardware_sync_spin_lock/sync_spin_lock.c.obj
                0x10001408                __pre_init_spinlock_set_extexclall
 .preinit_array.ZZZZZ.01200
                0x1000140c        0x4 CMakeFiles/test_blink.dir/C_/msys64/home/Q/pico-sdk/src/rp2_common/hardware_irq/irq.c.obj
                0x1000140c                __pre_init_runtime_init_per_core_irq_priorities
 *(.preinit_array)
                0x10001410                        PROVIDE (__preinit_array_end = .)
                0x10001410                        . = ALIGN (0x4)
                0x10001410                        PROVIDE (__init_array_start = .)
 *(SORT_BY_NAME(.init_array.*))
 .init_array.00000
                0x10001410        0x4 C:/msys64/mingw64/bin/../lib/gcc/arm-none-eabi/13.3.0/../../../../arm-none-eabi/lib/thumb/v8-m.main+fp/softfp\libg.a(libc_a-__call_atexit.o)
 *(.init_array)
 .init_array    0x10001414        0x4 C:/msys64/mingw64/bin/../lib/gcc/arm-none-eabi/13.3.0/thumb/v8-m.main+fp/softfp/crtbegin.o
                0x10001418                        PROVIDE (__init_array_end = .)
                0x10001418                        . = ALIGN (0x4)
                0x10001418                        PROVIDE (__fini_array_start = .)
 *(SORT_BY_NAME(.fini_array.*))
 *(.fini_array)
                0x10001418                        PROVIDE (__fini_array_end = .)
 *(.eh_frame*)
 .eh_frame      0x10001418        0x0 C:/msys64/mingw64/bin/../lib/gcc/arm-none-eabi/13.3.0/thumb/v8-m.main+fp/softfp/crtbegin.o
                0x10001418                        . = ALIGN (0x4)

.glue_7         0x10001418        0x0
 .glue_7        0x10001418        0x0 linker stubs

.glue_7t        0x10001418        0x0
 .glue_7t       0x10001418        0x0 linker stubs

.vfp11_veneer   0x10001418        0x0
 .vfp11_veneer  0x10001418        0x0 linker stubs

.v4_bx          0x10001418        0x0
 .v4_bx         0x10001418        0x0 linker stubs

.iplt           0x10001418        0x0
 .iplt          0x10001418        0x0 C:/msys64/mingw64/bin/../lib/gcc/arm-none-eabi/13.3.0/thumb/v8-m.main+fp/softfp/crtbegin.o

.boot2          0x10001418        0x0
                0x10001418                        __boot2_start__ = .
 *(.boot2)
                0x10001418                        __boot2_end__ = .
                0x00000001                        ASSERT (((__boot2_end__ - __boot2_start__) <= 0x100), ERROR: Pico second stage bootloader must be no more than 256 bytes in size)

.rodata         0x10001418       0xec
 *(EXCLUDE_FILE(*libm.a: *libc.a:*lib_a-mem*.o *libgcc.a:) .rodata*)
 .rodata.panic.str1.1
                0x10001418       0x95 CMakeFiles/test_blink.dir/C_/msys64/home/Q/pico-sdk/src/rp2_common/pico_platform_panic/panic.c.obj
                                 0x12 (size before relaxing)
 .rodata.timer_hardware_alarm_claim.str1.1
                0x100014ad       0x22 CMakeFiles/test_blink.dir/C_/msys64/home/Q/pico-sdk/src/rp2_common/hardware_timer/timer.c.obj
 .rodata.hard_assertion_failure.str1.1
                0x100014ad        0xc CMakeFiles/test_blink.dir/C_/msys64/home/Q/pico-sdk/src/rp2_common/pico_runtime/runtime.c.obj
 .rodata.str1.1
                0x100014ad       0x57 CMakeFiles/test_blink.dir/C_/msys64/home/Q/pico-sdk/src/rp2_common/pico_standard_binary_info/standard_binary_info.c.obj
 .rodata.__bi_84
                0x100014ad        0xc CMakeFiles/test_blink.dir/C_/msys64/home/Q/pico-sdk/src/rp2_common/pico_standard_binary_info/standard_binary_info.c.obj
 .rodata.__bi_78
                0x100014b9        0xc CMakeFiles/test_blink.dir/C_/msys64/home/Q/pico-sdk/src/rp2_common/pico_standard_binary_info/standard_binary_info.c.obj
 .rodata.__bi_54
                0x100014c5        0xc CMakeFiles/test_blink.dir/C_/msys64/home/Q/pico-sdk/src/rp2_common/pico_standard_binary_info/standard_binary_info.c.obj
 .rodata.__bi_48
                0x100014d1        0xc CMakeFiles/test_blink.dir/C_/msys64/home/Q/pico-sdk/src/rp2_common/pico_standard_binary_info/standard_binary_info.c.obj
 .rodata.__bi_42
                0x100014dd        0xc CMakeFiles/test_blink.dir/C_/msys64/home/Q/pico-sdk/src/rp2_common/pico_standard_binary_info/standard_binary_info.c.obj
 .rodata.__bi_34
                0x100014e9        0xc CMakeFiles/test_blink.dir/C_/msys64/home/Q/pico-sdk/src/rp2_common/pico_standard_binary_info/standard_binary_info.c.obj
 .rodata.__bi_26
                0x100014f5        0xc CMakeFiles/test_blink.dir/C_/msys64/home/Q/pico-sdk/src/rp2_common/pico_standard_binary_info/standard_binary_info.c.obj
 .rodata.crlf_str.0
                0x10001501        0x2 CMakeFiles/test_blink.dir/C_/msys64/home/Q/pico-sdk/src/rp2_common/pico_stdio/stdio.c.obj
 *(.srodata*)
                0x10001504                        . = ALIGN (0x4)
 *fill*         0x10001503        0x1 
 *(SORT_BY_ALIGNMENT(SORT_BY_NAME(.flashdata*)))
                0x10001504                        . = ALIGN (0x4)

.ARM.extab
 *(.ARM.extab* .gnu.linkonce.armextab.*)
                0x10001504                        __exidx_start = .

.ARM.exidx      0x10001504        0x8
 *(.ARM.exidx* .gnu.linkonce.armexidx.*)
 .ARM.exidx     0x10001504        0x8 C:/msys64/mingw64/bin/../lib/gcc/arm-none-eabi/13.3.0/../../../../arm-none-eabi/lib/thumb/v8-m.main+fp/softfp\libg.a(libc_a-memcpy.o)
                0x1000150c                        __exidx_end = .
                0x1000150c                        . = ALIGN (0x4)
                0x1000150c                        __binary_info_start = .

.binary_info    0x1000150c       0x1c
 *(.binary_info.keep.*)
 .binary_info.keep.__bi_ptr84
                0x1000150c        0x4 CMakeFiles/test_blink.dir/C_/msys64/home/Q/pico-sdk/src/rp2_common/pico_standard_binary_info/standard_binary_info.c.obj
 .binary_info.keep.__bi_ptr78
                0x10001510        0x4 CMakeFiles/test_blink.dir/C_/msys64/home/Q/pico-sdk/src/rp2_common/pico_standard_binary_info/standard_binary_info.c.obj
 .binary_info.keep.__bi_ptr54
                0x10001514        0x4 CMakeFiles/test_blink.dir/C_/msys64/home/Q/pico-sdk/src/rp2_common/pico_standard_binary_info/standard_binary_info.c.obj
 .binary_info.keep.__bi_ptr48
                0x10001518        0x4 CMakeFiles/test_blink.dir/C_/msys64/home/Q/pico-sdk/src/rp2_common/pico_standard_binary_info/standard_binary_info.c.obj
 .binary_info.keep.__bi_ptr42
                0x1000151c        0x4 CMakeFiles/test_blink.dir/C_/msys64/home/Q/pico-sdk/src/rp2_common/pico_standard_binary_info/standard_binary_info.c.obj
 .binary_info.keep.__bi_ptr34
                0x10001520        0x4 CMakeFiles/test_blink.dir/C_/msys64/home/Q/pico-sdk/src/rp2_common/pico_standard_binary_info/standard_binary_info.c.obj
 .binary_info.keep.__bi_ptr26
                0x10001524        0x4 CMakeFiles/test_blink.dir/C_/msys64/home/Q/pico-sdk/src/rp2_common/pico_standard_binary_info/standard_binary_info.c.obj
 *(.binary_info.*)
                0x10001528                        __binary_info_end = .
                0x10001528                        . = ALIGN (0x4)

.ram_vector_table
                0x20000000      0x110
 *(.ram_vector_table)
 .ram_vector_table
                0x20000000      0x110 CMakeFiles/test_blink.dir/C_/msys64/home/Q/pico-sdk/src/rp2_common/pico_runtime_init/runtime_init.c.obj
                0x20000000                ram_vector_table

.uninitialized_data
                0x20000110        0x0
                0x20000110                        . = ALIGN (0x4)
 *(.uninitialized_data*)

.data           0x20000110      0x150 load address 0x10001528
                0x20000110                        __data_start__ = .
 *(vtable)
 *(.time_critical*)
 .time_critical.mutex_try_enter
                0x20000110       0x4c CMakeFiles/test_blink.dir/C_/msys64/home/Q/pico-sdk/src/common/pico_sync/mutex.c.obj
                0x20000110                mutex_try_enter
 .time_critical.mutex_enter_block_until
                0x2000015c       0x66 CMakeFiles/test_blink.dir/C_/msys64/home/Q/pico-sdk/src/common/pico_sync/mutex.c.obj
                0x2000015c                mutex_enter_block_until
 .time_critical.mutex_try_enter_block_until
                0x200001c2       0x34 CMakeFiles/test_blink.dir/C_/msys64/home/Q/pico-sdk/src/common/pico_sync/mutex.c.obj
                0x200001c2                mutex_try_enter_block_until
 .time_critical.mutex_exit
                0x200001f6       0x34 CMakeFiles/test_blink.dir/C_/msys64/home/Q/pico-sdk/src/common/pico_sync/mutex.c.obj
                0x200001f6                mutex_exit
 *fill*         0x2000022a        0x6 
 .time_critical.mutex_exit.__stub
                0x20000230        0x8 linker stubs
 *(.text*)
                0x20000238                        . = ALIGN (0x4)
 *fill*         0x20000238        0x0 
 *(.rodata*)
                0x20000238                        . = ALIGN (0x4)
 *(.data*)
 .data.striped_spin_lock_num
                0x20000238        0x1 CMakeFiles/test_blink.dir/C_/msys64/home/Q/pico-sdk/src/rp2_common/hardware_sync/sync.c.obj
 *fill*         0x20000239        0x3 
 .data.default_alarm_pool
                0x2000023c       0x18 CMakeFiles/test_blink.dir/C_/msys64/home/Q/pico-sdk/src/common/pico_time/time.c.obj
 .data          0x20000254        0x4 C:/msys64/mingw64/bin/../lib/gcc/arm-none-eabi/13.3.0/../../../../arm-none-eabi/lib/thumb/v8-m.main+fp/softfp\libg.a(libc_a-__call_atexit.o)
                0x20000254                __atexit_recursive_mutex
 *(.sdata*)
                0x20000258                        . = ALIGN (0x4)
 *(.after_data.*)
                0x20000258                        . = ALIGN (0x4)
                0x20000258                        PROVIDE (__mutex_array_start = .)
 *(SORT_BY_NAME(.mutex_array.*))
 *(.mutex_array)
 .mutex_array   0x20000258        0x8 CMakeFiles/test_blink.dir/C_/msys64/home/Q/pico-sdk/src/rp2_common/pico_stdio/stdio.c.obj
                0x20000260                        PROVIDE (__mutex_array_end = .)
 *(.jcr)
                0x20000260                        . = ALIGN (0x4)

.igot.plt       0x20000260        0x0 load address 0x10001678
 .igot.plt      0x20000260        0x0 C:/msys64/mingw64/bin/../lib/gcc/arm-none-eabi/13.3.0/thumb/v8-m.main+fp/softfp/crtbegin.o

.tdata          0x20000260        0x0 load address 0x10001678
                0x20000260                        . = ALIGN (0x4)
 *(.tdata .tdata.* .gnu.linkonce.td.*)
                0x20000260                        __tdata_end = .
                0x20000260                        PROVIDE (__data_end__ = .)
                0x10001528                        __etext = LOADADDR (.data)

.tbss           0x20000260        0x0 load address 0x10001678
                0x20000260                        . = ALIGN (0x4)
                0x20000260                        __bss_start__ = .
                0x20000260                        __tls_base = .
 *(.tbss .tbss.* .gnu.linkonce.tb.*)
 *(.tcommon)
                0x20000260                        __tls_end = .

.bss            0x20000260      0x3c8 load address 0x10001678
                0x20000260                        . = ALIGN (0x4)
                0x20000260                        __tbss_end = .
 *(SORT_BY_ALIGNMENT(SORT_BY_NAME(.bss*)))
 .bss.default_alarm_pool_entries
                0x20000260      0x180 CMakeFiles/test_blink.dir/C_/msys64/home/Q/pico-sdk/src/common/pico_time/time.c.obj
 .bss           0x200003e0       0x1d C:/msys64/mingw64/bin/../lib/gcc/arm-none-eabi/13.3.0/../../../../arm-none-eabi/lib/thumb/v8-m.main+fp/softfp\libg.a(libc_a-lock.o)
                0x200003e0                __lock___arc4random_mutex
                0x200003e4                __lock___dd_hash_mutex
                0x200003e8                __lock___tz_mutex
                0x200003ec                __lock___env_recursive_mutex
                0x200003f0                __lock___malloc_recursive_mutex
                0x200003f4                __lock___at_quick_exit_mutex
                0x200003f8                __lock___atexit_recursive_mutex
                0x200003fc                __lock___sfp_recursive_mutex
 *fill*         0x200003fd        0x3 
 .bss           0x20000400      0x190 C:/msys64/mingw64/bin/../lib/gcc/arm-none-eabi/13.3.0/../../../../arm-none-eabi/lib/thumb/v8-m.main+fp/softfp\libg.a(libc_a-__atexit.o)
                0x20000400                __atexit0
 .bss           0x20000590        0x4 C:/msys64/mingw64/bin/../lib/gcc/arm-none-eabi/13.3.0/../../../../arm-none-eabi/lib/thumb/v8-m.main+fp/softfp\libg.a(libc_a-__call_atexit.o)
                0x20000590                __atexit
 .bss.configured_freq
                0x20000594       0x28 CMakeFiles/test_blink.dir/C_/msys64/home/Q/pico-sdk/src/rp2_common/hardware_clocks/clocks.c.obj
 .bss.drivers   0x200005bc        0x4 CMakeFiles/test_blink.dir/C_/msys64/home/Q/pico-sdk/src/rp2_common/pico_stdio/stdio.c.obj
 .bss.filter    0x200005c0        0x4 CMakeFiles/test_blink.dir/C_/msys64/home/Q/pico-sdk/src/rp2_common/pico_stdio/stdio.c.obj
 .bss.lazy_vsnprintf
                0x200005c4        0x4 CMakeFiles/test_blink.dir/C_/msys64/home/Q/pico-sdk/src/rp2_common/pico_printf/printf.c.obj
 .bss.object.0  0x200005c8       0x18 C:/msys64/mingw64/bin/../lib/gcc/arm-none-eabi/13.3.0/thumb/v8-m.main+fp/softfp/crtbegin.o
 .bss.pools     0x200005e0       0x20 CMakeFiles/test_blink.dir/C_/msys64/home/Q/pico-sdk/src/common/pico_time/time.c.obj
 .bss.sleep_notifier
                0x20000600        0x4 CMakeFiles/test_blink.dir/C_/msys64/home/Q/pico-sdk/src/common/pico_time/time.c.obj
 .bss._sw_spin_locks
                0x20000604       0x20 CMakeFiles/test_blink.dir/C_/msys64/home/Q/pico-sdk/src/rp2_common/hardware_sync_spin_lock/sync_spin_lock.c.obj
                0x20000604                _sw_spin_locks
 .bss.claimed   0x20000624        0x2 CMakeFiles/test_blink.dir/C_/msys64/home/Q/pico-sdk/src/rp2_common/hardware_timer/timer.c.obj
 *(COMMON)
                [!provide]                        PROVIDE (__global_pointer$ = (. + 0x800))
 *(.sbss*)
                0x20000628                        . = ALIGN (0x4)
 *fill*         0x20000626        0x2 
                0x20000628                        __bss_end__ = .

.heap           0x20000628      0x800 load address 0x10001678
                0x20000628                        __end__ = .
                0x20000628                        end = __end__
 *(.heap*)
 .heap          0x20000628      0x800 CMakeFiles/test_blink.dir/C_/msys64/home/Q/pico-sdk/src/rp2_common/pico_crt0/crt0.S.obj
                0x20080000                        __HeapLimit = (ORIGIN (RAM) + LENGTH (RAM))

.scratch_x      0x20080000        0x0 load address 0x10001678
                0x20080000                        __scratch_x_start__ = .
 *(.scratch_x.*)
                0x20080000                        . = ALIGN (0x4)
                0x20080000                        __scratch_x_end__ = .
                0x10001678                        __scratch_x_source__ = LOADADDR (.scratch_x)

.scratch_y      0x20081000        0x0 load address 0x10001678
                0x20081000                        __scratch_y_start__ = .
 *(.scratch_y.*)
                0x20081000                        . = ALIGN (0x4)
                0x20081000                        __scratch_y_end__ = .
                0x10001678                        __scratch_y_source__ = LOADADDR (.scratch_y)

.stack1_dummy
 *(.stack1*)

.stack_dummy    0x20081000      0x800
 *(.stack*)
 .stack         0x20081000      0x800 CMakeFiles/test_blink.dir/C_/msys64/home/Q/pico-sdk/src/rp2_common/pico_crt0/crt0.S.obj

.flash_end      0x10001678       0x14
 *(.embedded_end_block*)
 .embedded_end_block
                0x10001678       0x14 CMakeFiles/test_blink.dir/C_/msys64/home/Q/pico-sdk/src/rp2_common/pico_crt0/crt0.S.obj
                0x1000168c                        PROVIDE (__flash_binary_end = .)
                0x20080000                        __StackLimit = (ORIGIN (RAM) + LENGTH (RAM))
                0x20081000                        __StackOneTop = (ORIGIN (SCRATCH_X) + LENGTH (SCRATCH_X))
                0x20082000                        __StackTop = (ORIGIN (SCRATCH_Y) + LENGTH (SCRATCH_Y))
                0x20081000                        __StackOneBottom = (__StackOneTop - SIZEOF (.stack1_dummy))
                0x20081800                        __StackBottom = (__StackTop - SIZEOF (.stack_dummy))
                0x20082000                        PROVIDE (__stack = __StackTop)
                [!provide]                        PROVIDE (__heap_start = __end__)
                [!provide]                        PROVIDE (__heap_end = __HeapLimit)
                [!provide]                        PROVIDE (__tls_align = MAX (ALIGNOF (.tdata), ALIGNOF (.tbss)))
                [!provide]                        PROVIDE (__tls_size_align = (((__tls_size + __tls_align) - 0x1) & ~ ((__tls_align - 0x1))))
                [!provide]                        PROVIDE (__arm32_tls_tcb_offset = MAX (0x8, __tls_align))
                [!provide]                        PROVIDE (_end = __end__)
                [!provide]                        PROVIDE (__llvm_libc_heap_limit = __HeapLimit)
                0x00000001                        ASSERT ((__StackLimit >= __HeapLimit), region RAM overflowed)
                0x00000001                        ASSERT (((__binary_info_header_end - __logical_binary_start) <= 0x400), Binary info must be in first 1024 bytes of the binary)
                0x00000001                        ASSERT (((__embedded_block_end - __logical_binary_start) <= 0x1000), Embedded block must be in first 4096 bytes of the binary)
LOAD CMakeFiles/test_blink.dir/test_blink.c.obj
LOAD CMakeFiles/test_blink.dir/C_/msys64/home/Q/pico-sdk/src/rp2_common/pico_stdlib/stdlib.c.obj
LOAD CMakeFiles/test_blink.dir/C_/msys64/home/Q/pico-sdk/src/rp2_common/hardware_gpio/gpio.c.obj
LOAD CMakeFiles/test_blink.dir/C_/msys64/home/Q/pico-sdk/src/rp2350/pico_platform/platform.c.obj
LOAD CMakeFiles/test_blink.dir/C_/msys64/home/Q/pico-sdk/src/rp2_common/pico_platform_common/common.c.obj
LOAD CMakeFiles/test_blink.dir/C_/msys64/home/Q/pico-sdk/src/rp2_common/pico_platform_panic/panic.c.obj
LOAD CMakeFiles/test_blink.dir/C_/msys64/home/Q/pico-sdk/src/common/hardware_claim/claim.c.obj
LOAD CMakeFiles/test_blink.dir/C_/msys64/home/Q/pico-sdk/src/rp2_common/hardware_sync/sync.c.obj
LOAD CMakeFiles/test_blink.dir/C_/msys64/home/Q/pico-sdk/src/rp2_common/hardware_sync_spin_lock/sync_spin_lock.c.obj
LOAD CMakeFiles/test_blink.dir/C_/msys64/home/Q/pico-sdk/src/rp2_common/hardware_irq/irq.c.obj
LOAD CMakeFiles/test_blink.dir/C_/msys64/home/Q/pico-sdk/src/rp2_common/hardware_irq/irq_handler_chain.S.obj
LOAD CMakeFiles/test_blink.dir/C_/msys64/home/Q/pico-sdk/src/common/pico_sync/sem.c.obj
LOAD CMakeFiles/test_blink.dir/C_/msys64/home/Q/pico-sdk/src/common/pico_sync/lock_core.c.obj
LOAD CMakeFiles/test_blink.dir/C_/msys64/home/Q/pico-sdk/src/common/pico_sync/mutex.c.obj
LOAD CMakeFiles/test_blink.dir/C_/msys64/home/Q/pico-sdk/src/common/pico_sync/critical_section.c.obj
LOAD CMakeFiles/test_blink.dir/C_/msys64/home/Q/pico-sdk/src/common/pico_time/time.c.obj
LOAD CMakeFiles/test_blink.dir/C_/msys64/home/Q/pico-sdk/src/common/pico_time/timeout_helper.c.obj
LOAD CMakeFiles/test_blink.dir/C_/msys64/home/Q/pico-sdk/src/rp2_common/hardware_timer/timer.c.obj
LOAD CMakeFiles/test_blink.dir/C_/msys64/home/Q/pico-sdk/src/common/pico_util/datetime.c.obj
LOAD CMakeFiles/test_blink.dir/C_/msys64/home/Q/pico-sdk/src/common/pico_util/pheap.c.obj
LOAD CMakeFiles/test_blink.dir/C_/msys64/home/Q/pico-sdk/src/common/pico_util/queue.c.obj
LOAD CMakeFiles/test_blink.dir/C_/msys64/home/Q/pico-sdk/src/rp2_common/hardware_uart/uart.c.obj
LOAD CMakeFiles/test_blink.dir/C_/msys64/home/Q/pico-sdk/src/rp2_common/hardware_clocks/clocks.c.obj
LOAD CMakeFiles/test_blink.dir/C_/msys64/home/Q/pico-sdk/src/rp2_common/hardware_pll/pll.c.obj
LOAD CMakeFiles/test_blink.dir/C_/msys64/home/Q/pico-sdk/src/rp2_common/hardware_vreg/vreg.c.obj
LOAD CMakeFiles/test_blink.dir/C_/msys64/home/Q/pico-sdk/src/rp2_common/hardware_watchdog/watchdog.c.obj
LOAD CMakeFiles/test_blink.dir/C_/msys64/home/Q/pico-sdk/src/rp2_common/hardware_ticks/ticks.c.obj
LOAD CMakeFiles/test_blink.dir/C_/msys64/home/Q/pico-sdk/src/rp2_common/pico_bootrom/bootrom.c.obj
LOAD CMakeFiles/test_blink.dir/C_/msys64/home/Q/pico-sdk/src/rp2_common/pico_bootrom/bootrom_lock.c.obj
LOAD CMakeFiles/test_blink.dir/C_/msys64/home/Q/pico-sdk/src/rp2_common/hardware_boot_lock/boot_lock.c.obj
LOAD CMakeFiles/test_blink.dir/C_/msys64/home/Q/pico-sdk/src/rp2_common/pico_flash/flash.c.obj
LOAD CMakeFiles/test_blink.dir/C_/msys64/home/Q/pico-sdk/src/rp2_common/hardware_xosc/xosc.c.obj
LOAD CMakeFiles/test_blink.dir/C_/msys64/home/Q/pico-sdk/src/rp2_common/hardware_divider/divider.c.obj
LOAD CMakeFiles/test_blink.dir/C_/msys64/home/Q/pico-sdk/src/rp2_common/pico_runtime/runtime.c.obj
LOAD CMakeFiles/test_blink.dir/C_/msys64/home/Q/pico-sdk/src/rp2_common/pico_runtime_init/runtime_init.c.obj
LOAD CMakeFiles/test_blink.dir/C_/msys64/home/Q/pico-sdk/src/rp2_common/pico_runtime_init/runtime_init_clocks.c.obj
LOAD CMakeFiles/test_blink.dir/C_/msys64/home/Q/pico-sdk/src/rp2_common/pico_runtime_init/runtime_init_stack_guard.c.obj
LOAD CMakeFiles/test_blink.dir/C_/msys64/home/Q/pico-sdk/src/rp2_common/pico_bit_ops/bit_ops_aeabi.S.obj
LOAD CMakeFiles/test_blink.dir/C_/msys64/home/Q/pico-sdk/src/rp2_common/pico_divider/divider_compiler.c.obj
LOAD CMakeFiles/test_blink.dir/C_/msys64/home/Q/pico-sdk/src/rp2_common/pico_double/double_math.c.obj
LOAD CMakeFiles/test_blink.dir/C_/msys64/home/Q/pico-sdk/src/rp2_common/pico_double/double_aeabi_dcp.S.obj
LOAD CMakeFiles/test_blink.dir/C_/msys64/home/Q/pico-sdk/src/rp2_common/pico_double/double_fma_dcp.S.obj
LOAD CMakeFiles/test_blink.dir/C_/msys64/home/Q/pico-sdk/src/rp2_common/pico_double/double_sci_m33.S.obj
LOAD CMakeFiles/test_blink.dir/C_/msys64/home/Q/pico-sdk/src/rp2_common/pico_double/double_conv_m33.S.obj
LOAD CMakeFiles/test_blink.dir/C_/msys64/home/Q/pico-sdk/src/rp2_common/pico_float/float_math.c.obj
LOAD CMakeFiles/test_blink.dir/C_/msys64/home/Q/pico-sdk/src/rp2_common/pico_float/float_conv32_vfp.S.obj
LOAD CMakeFiles/test_blink.dir/C_/msys64/home/Q/pico-sdk/src/rp2_common/pico_float/float_common_m33.S.obj
LOAD CMakeFiles/test_blink.dir/C_/msys64/home/Q/pico-sdk/src/rp2_common/pico_float/float_sci_m33_vfp.S.obj
LOAD CMakeFiles/test_blink.dir/C_/msys64/home/Q/pico-sdk/src/rp2_common/pico_malloc/malloc.c.obj
LOAD CMakeFiles/test_blink.dir/C_/msys64/home/Q/pico-sdk/src/rp2_common/pico_atomic/atomic.c.obj
LOAD CMakeFiles/test_blink.dir/C_/msys64/home/Q/pico-sdk/src/rp2_common/pico_cxx_options/new_delete.cpp.obj
LOAD CMakeFiles/test_blink.dir/C_/msys64/home/Q/pico-sdk/src/rp2_common/pico_standard_binary_info/standard_binary_info.c.obj
LOAD CMakeFiles/test_blink.dir/C_/msys64/home/Q/pico-sdk/src/rp2_common/pico_printf/printf.c.obj
LOAD CMakeFiles/test_blink.dir/C_/msys64/home/Q/pico-sdk/src/rp2_common/pico_crt0/crt0.S.obj
LOAD CMakeFiles/test_blink.dir/C_/msys64/home/Q/pico-sdk/src/rp2_common/pico_clib_interface/newlib_interface.c.obj
LOAD CMakeFiles/test_blink.dir/C_/msys64/home/Q/pico-sdk/src/rp2_common/pico_stdio/stdio.c.obj
LOAD pico-sdk\src\rp2350\boot_stage2\CMakeFiles\bs2_default_library.dir\bs2_default_padded_checksummed.S.obj
LOAD C:/msys64/mingw64/bin/../lib/gcc/arm-none-eabi/13.3.0/../../../../arm-none-eabi/lib/thumb/v8-m.main+fp/softfp\libstdc++.a
LOAD C:/msys64/mingw64/bin/../lib/gcc/arm-none-eabi/13.3.0/../../../../arm-none-eabi/lib/thumb/v8-m.main+fp/softfp\libm.a
START GROUP
LOAD C:/msys64/mingw64/bin/../lib/gcc/arm-none-eabi/13.3.0/thumb/v8-m.main+fp/softfp\libgcc.a
LOAD C:/msys64/mingw64/bin/../lib/gcc/arm-none-eabi/13.3.0/../../../../arm-none-eabi/lib/thumb/v8-m.main+fp/softfp\libg.a
LOAD C:/msys64/mingw64/bin/../lib/gcc/arm-none-eabi/13.3.0/../../../../arm-none-eabi/lib/thumb/v8-m.main+fp/softfp\libc.a
END GROUP
START GROUP
LOAD C:/msys64/mingw64/bin/../lib/gcc/arm-none-eabi/13.3.0/thumb/v8-m.main+fp/softfp\libgcc.a
LOAD C:/msys64/mingw64/bin/../lib/gcc/arm-none-eabi/13.3.0/../../../../arm-none-eabi/lib/thumb/v8-m.main+fp/softfp\libc.a
LOAD C:/msys64/mingw64/bin/../lib/gcc/arm-none-eabi/13.3.0/../../../../arm-none-eabi/lib/thumb/v8-m.main+fp/softfp\libnosys.a
END GROUP
LOAD C:/msys64/mingw64/bin/../lib/gcc/arm-none-eabi/13.3.0/thumb/v8-m.main+fp/softfp/crtend.o
LOAD C:/msys64/mingw64/bin/../lib/gcc/arm-none-eabi/13.3.0/thumb/v8-m.main+fp/softfp/crtn.o
OUTPUT(test_blink.elf elf32-littlearm)
LOAD linker stubs

.rel.dyn        0x1000168c        0x0
 .rel.iplt      0x1000168c        0x0 C:/msys64/mingw64/bin/../lib/gcc/arm-none-eabi/13.3.0/thumb/v8-m.main+fp/softfp/crtbegin.o

.ARM.attributes
                0x00000000       0x34
 .ARM.attributes
                0x00000000       0x26 C:/msys64/mingw64/bin/../lib/gcc/arm-none-eabi/13.3.0/thumb/v8-m.main+fp/softfp/crti.o
 .ARM.attributes
                0x00000026       0x36 C:/msys64/mingw64/bin/../lib/gcc/arm-none-eabi/13.3.0/thumb/v8-m.main+fp/softfp/crtbegin.o
 .ARM.attributes
                0x0000005c       0x38 CMakeFiles/test_blink.dir/test_blink.c.obj
 .ARM.attributes
                0x00000094       0x38 CMakeFiles/test_blink.dir/C_/msys64/home/Q/pico-sdk/src/rp2_common/hardware_gpio/gpio.c.obj
 .ARM.attributes
                0x000000cc       0x38 CMakeFiles/test_blink.dir/C_/msys64/home/Q/pico-sdk/src/rp2_common/pico_platform_panic/panic.c.obj
 .ARM.attributes
                0x00000104       0x38 CMakeFiles/test_blink.dir/C_/msys64/home/Q/pico-sdk/src/common/hardware_claim/claim.c.obj
 .ARM.attributes
                0x0000013c       0x38 CMakeFiles/test_blink.dir/C_/msys64/home/Q/pico-sdk/src/rp2_common/hardware_sync/sync.c.obj
 .ARM.attributes
                0x00000174       0x38 CMakeFiles/test_blink.dir/C_/msys64/home/Q/pico-sdk/src/rp2_common/hardware_sync_spin_lock/sync_spin_lock.c.obj
 .ARM.attributes
                0x000001ac       0x38 CMakeFiles/test_blink.dir/C_/msys64/home/Q/pico-sdk/src/rp2_common/hardware_irq/irq.c.obj
 .ARM.attributes
                0x000001e4       0x38 CMakeFiles/test_blink.dir/C_/msys64/home/Q/pico-sdk/src/common/pico_sync/lock_core.c.obj
 .ARM.attributes
                0x0000021c       0x38 CMakeFiles/test_blink.dir/C_/msys64/home/Q/pico-sdk/src/common/pico_sync/mutex.c.obj
 .ARM.attributes
                0x00000254       0x38 CMakeFiles/test_blink.dir/C_/msys64/home/Q/pico-sdk/src/common/pico_time/time.c.obj
 .ARM.attributes
                0x0000028c       0x38 CMakeFiles/test_blink.dir/C_/msys64/home/Q/pico-sdk/src/rp2_common/hardware_timer/timer.c.obj
 .ARM.attributes
                0x000002c4       0x38 CMakeFiles/test_blink.dir/C_/msys64/home/Q/pico-sdk/src/rp2_common/hardware_clocks/clocks.c.obj
 .ARM.attributes
                0x000002fc       0x38 CMakeFiles/test_blink.dir/C_/msys64/home/Q/pico-sdk/src/rp2_common/hardware_pll/pll.c.obj
 .ARM.attributes
                0x00000334       0x38 CMakeFiles/test_blink.dir/C_/msys64/home/Q/pico-sdk/src/rp2_common/hardware_ticks/ticks.c.obj
 .ARM.attributes
                0x0000036c       0x38 CMakeFiles/test_blink.dir/C_/msys64/home/Q/pico-sdk/src/rp2_common/pico_bootrom/bootrom.c.obj
 .ARM.attributes
                0x000003a4       0x38 CMakeFiles/test_blink.dir/C_/msys64/home/Q/pico-sdk/src/rp2_common/pico_bootrom/bootrom_lock.c.obj
 .ARM.attributes
                0x000003dc       0x38 CMakeFiles/test_blink.dir/C_/msys64/home/Q/pico-sdk/src/rp2_common/hardware_boot_lock/boot_lock.c.obj
 .ARM.attributes
                0x00000414       0x38 CMakeFiles/test_blink.dir/C_/msys64/home/Q/pico-sdk/src/rp2_common/hardware_xosc/xosc.c.obj
 .ARM.attributes
                0x0000044c       0x38 CMakeFiles/test_blink.dir/C_/msys64/home/Q/pico-sdk/src/rp2_common/pico_runtime/runtime.c.obj
 .ARM.attributes
                0x00000484       0x38 CMakeFiles/test_blink.dir/C_/msys64/home/Q/pico-sdk/src/rp2_common/pico_runtime_init/runtime_init.c.obj
 .ARM.attributes
                0x000004bc       0x38 CMakeFiles/test_blink.dir/C_/msys64/home/Q/pico-sdk/src/rp2_common/pico_runtime_init/runtime_init_clocks.c.obj
 .ARM.attributes
                0x000004f4       0x38 CMakeFiles/test_blink.dir/C_/msys64/home/Q/pico-sdk/src/rp2_common/pico_standard_binary_info/standard_binary_info.c.obj
 .ARM.attributes
                0x0000052c       0x38 CMakeFiles/test_blink.dir/C_/msys64/home/Q/pico-sdk/src/rp2_common/pico_printf/printf.c.obj
 .ARM.attributes
                0x00000564       0x28 CMakeFiles/test_blink.dir/C_/msys64/home/Q/pico-sdk/src/rp2_common/pico_crt0/crt0.S.obj
 .ARM.attributes
                0x0000058c       0x38 CMakeFiles/test_blink.dir/C_/msys64/home/Q/pico-sdk/src/rp2_common/pico_clib_interface/newlib_interface.c.obj
 .ARM.attributes
                0x000005c4       0x38 CMakeFiles/test_blink.dir/C_/msys64/home/Q/pico-sdk/src/rp2_common/pico_stdio/stdio.c.obj
 .ARM.attributes
                0x000005fc       0x36 C:/msys64/mingw64/bin/../lib/gcc/arm-none-eabi/13.3.0/../../../../arm-none-eabi/lib/thumb/v8-m.main+fp/softfp\libg.a(libc_a-atexit.o)
 .ARM.attributes
                0x00000632       0x36 C:/msys64/mingw64/bin/../lib/gcc/arm-none-eabi/13.3.0/../../../../arm-none-eabi/lib/thumb/v8-m.main+fp/softfp\libg.a(libc_a-fini.o)
 .ARM.attributes
                0x00000668       0x36 C:/msys64/mingw64/bin/../lib/gcc/arm-none-eabi/13.3.0/../../../../arm-none-eabi/lib/thumb/v8-m.main+fp/softfp\libg.a(libc_a-lock.o)
 .ARM.attributes
                0x0000069e       0x24 C:/msys64/mingw64/bin/../lib/gcc/arm-none-eabi/13.3.0/../../../../arm-none-eabi/lib/thumb/v8-m.main+fp/softfp\libg.a(libc_a-memcpy.o)
 .ARM.attributes
                0x000006c2       0x36 C:/msys64/mingw64/bin/../lib/gcc/arm-none-eabi/13.3.0/../../../../arm-none-eabi/lib/thumb/v8-m.main+fp/softfp\libg.a(libc_a-strlen-stub.o)
 .ARM.attributes
                0x000006f8       0x36 C:/msys64/mingw64/bin/../lib/gcc/arm-none-eabi/13.3.0/../../../../arm-none-eabi/lib/thumb/v8-m.main+fp/softfp\libg.a(libc_a-__atexit.o)
 .ARM.attributes
                0x0000072e       0x36 C:/msys64/mingw64/bin/../lib/gcc/arm-none-eabi/13.3.0/../../../../arm-none-eabi/lib/thumb/v8-m.main+fp/softfp\libg.a(libc_a-__call_atexit.o)

.comment        0x00000000       0x24
 .comment       0x00000000       0x24 CMakeFiles/test_blink.dir/test_blink.c.obj
                                 0x13 (size before relaxing)
 .comment       0x00000024       0x13 CMakeFiles/test_blink.dir/C_/msys64/home/Q/pico-sdk/src/rp2_common/hardware_gpio/gpio.c.obj
 .comment       0x00000024       0x13 CMakeFiles/test_blink.dir/C_/msys64/home/Q/pico-sdk/src/rp2_common/pico_platform_panic/panic.c.obj
 .comment       0x00000024       0x13 CMakeFiles/test_blink.dir/C_/msys64/home/Q/pico-sdk/src/common/hardware_claim/claim.c.obj
 .comment       0x00000024       0x13 CMakeFiles/test_blink.dir/C_/msys64/home/Q/pico-sdk/src/rp2_common/hardware_sync/sync.c.obj
 .comment       0x00000024       0x13 CMakeFiles/test_blink.dir/C_/msys64/home/Q/pico-sdk/src/rp2_common/hardware_sync_spin_lock/sync_spin_lock.c.obj
 .comment       0x00000024       0x13 CMakeFiles/test_blink.dir/C_/msys64/home/Q/pico-sdk/src/rp2_common/hardware_irq/irq.c.obj
 .comment       0x00000024       0x13 CMakeFiles/test_blink.dir/C_/msys64/home/Q/pico-sdk/src/common/pico_sync/lock_core.c.obj
 .comment       0x00000024       0x13 CMakeFiles/test_blink.dir/C_/msys64/home/Q/pico-sdk/src/common/pico_sync/mutex.c.obj
 .comment       0x00000024       0x13 CMakeFiles/test_blink.dir/C_/msys64/home/Q/pico-sdk/src/common/pico_time/time.c.obj
 .comment       0x00000024       0x13 CMakeFiles/test_blink.dir/C_/msys64/home/Q/pico-sdk/src/rp2_common/hardware_timer/timer.c.obj
 .comment       0x00000024       0x13 CMakeFiles/test_blink.dir/C_/msys64/home/Q/pico-sdk/src/rp2_common/hardware_clocks/clocks.c.obj
 .comment       0x00000024       0x13 CMakeFiles/test_blink.dir/C_/msys64/home/Q/pico-sdk/src/rp2_common/hardware_pll/pll.c.obj
 .comment       0x00000024       0x13 CMakeFiles/test_blink.dir/C_/msys64/home/Q/pico-sdk/src/rp2_common/hardware_ticks/ticks.c.obj
 .comment       0x00000024       0x13 CMakeFiles/test_blink.dir/C_/msys64/home/Q/pico-sdk/src/rp2_common/pico_bootrom/bootrom.c.obj
 .comment       0x00000024       0x13 CMakeFiles/test_blink.dir/C_/msys64/home/Q/pico-sdk/src/rp2_common/pico_bootrom/bootrom_lock.c.obj
 .comment       0x00000024       0x13 CMakeFiles/test_blink.dir/C_/msys64/home/Q/pico-sdk/src/rp2_common/hardware_boot_lock/boot_lock.c.obj
 .comment       0x00000024       0x13 CMakeFiles/test_blink.dir/C_/msys64/home/Q/pico-sdk/src/rp2_common/hardware_xosc/xosc.c.obj
 .comment       0x00000024       0x13 CMakeFiles/test_blink.dir/C_/msys64/home/Q/pico-sdk/src/rp2_common/pico_runtime/runtime.c.obj
 .comment       0x00000024       0x13 CMakeFiles/test_blink.dir/C_/msys64/home/Q/pico-sdk/src/rp2_common/pico_runtime_init/runtime_init.c.obj
 .comment       0x00000024       0x13 CMakeFiles/test_blink.dir/C_/msys64/home/Q/pico-sdk/src/rp2_common/pico_runtime_init/runtime_init_clocks.c.obj
 .comment       0x00000024       0x13 CMakeFiles/test_blink.dir/C_/msys64/home/Q/pico-sdk/src/rp2_common/pico_standard_binary_info/standard_binary_info.c.obj
 .comment       0x00000024       0x13 CMakeFiles/test_blink.dir/C_/msys64/home/Q/pico-sdk/src/rp2_common/pico_printf/printf.c.obj
 .comment       0x00000024       0x13 CMakeFiles/test_blink.dir/C_/msys64/home/Q/pico-sdk/src/rp2_common/pico_clib_interface/newlib_interface.c.obj
 .comment       0x00000024       0x13 CMakeFiles/test_blink.dir/C_/msys64/home/Q/pico-sdk/src/rp2_common/pico_stdio/stdio.c.obj
 .comment       0x00000024       0x13 C:/msys64/mingw64/bin/../lib/gcc/arm-none-eabi/13.3.0/../../../../arm-none-eabi/lib/thumb/v8-m.main+fp/softfp\libg.a(libc_a-atexit.o)
 .comment       0x00000024       0x13 C:/msys64/mingw64/bin/../lib/gcc/arm-none-eabi/13.3.0/../../../../arm-none-eabi/lib/thumb/v8-m.main+fp/softfp\libg.a(libc_a-fini.o)
 .comment       0x00000024       0x13 C:/msys64/mingw64/bin/../lib/gcc/arm-none-eabi/13.3.0/../../../../arm-none-eabi/lib/thumb/v8-m.main+fp/softfp\libg.a(libc_a-lock.o)
 .comment       0x00000024       0x13 C:/msys64/mingw64/bin/../lib/gcc/arm-none-eabi/13.3.0/../../../../arm-none-eabi/lib/thumb/v8-m.main+fp/softfp\libg.a(libc_a-strlen-stub.o)
 .comment       0x00000024       0x13 C:/msys64/mingw64/bin/../lib/gcc/arm-none-eabi/13.3.0/../../../../arm-none-eabi/lib/thumb/v8-m.main+fp/softfp\libg.a(libc_a-__atexit.o)
 .comment       0x00000024       0x13 C:/msys64/mingw64/bin/../lib/gcc/arm-none-eabi/13.3.0/../../../../arm-none-eabi/lib/thumb/v8-m.main+fp/softfp\libg.a(libc_a-__call_atexit.o)

.debug_info     0x00000000    0x1718a
 .debug_info    0x00000000      0x2e6 CMakeFiles/test_blink.dir/test_blink.c.obj
 .debug_info    0x000002e6     0x1a0b CMakeFiles/test_blink.dir/C_/msys64/home/Q/pico-sdk/src/rp2_common/hardware_gpio/gpio.c.obj
 .debug_info    0x00001cf1      0x1be CMakeFiles/test_blink.dir/C_/msys64/home/Q/pico-sdk/src/rp2_common/pico_platform_panic/panic.c.obj
 .debug_info    0x00001eaf      0x651 CMakeFiles/test_blink.dir/C_/msys64/home/Q/pico-sdk/src/common/hardware_claim/claim.c.obj
 .debug_info    0x00002500      0x42e CMakeFiles/test_blink.dir/C_/msys64/home/Q/pico-sdk/src/rp2_common/hardware_sync/sync.c.obj
 .debug_info    0x0000292e     0x1468 CMakeFiles/test_blink.dir/C_/msys64/home/Q/pico-sdk/src/rp2_common/hardware_sync_spin_lock/sync_spin_lock.c.obj
 .debug_info    0x00003d96     0x22b4 CMakeFiles/test_blink.dir/C_/msys64/home/Q/pico-sdk/src/rp2_common/hardware_irq/irq.c.obj
 .debug_info    0x0000604a      0x187 CMakeFiles/test_blink.dir/C_/msys64/home/Q/pico-sdk/src/common/pico_sync/lock_core.c.obj
 .debug_info    0x000061d1     0x1beb CMakeFiles/test_blink.dir/C_/msys64/home/Q/pico-sdk/src/common/pico_sync/mutex.c.obj
 .debug_info    0x00007dbc     0x34b3 CMakeFiles/test_blink.dir/C_/msys64/home/Q/pico-sdk/src/common/pico_time/time.c.obj
 .debug_info    0x0000b26f     0x1f15 CMakeFiles/test_blink.dir/C_/msys64/home/Q/pico-sdk/src/rp2_common/hardware_timer/timer.c.obj
 .debug_info    0x0000d184     0x15a0 CMakeFiles/test_blink.dir/C_/msys64/home/Q/pico-sdk/src/rp2_common/hardware_clocks/clocks.c.obj
 .debug_info    0x0000e724      0x534 CMakeFiles/test_blink.dir/C_/msys64/home/Q/pico-sdk/src/rp2_common/hardware_pll/pll.c.obj
 .debug_info    0x0000ec58      0x26c CMakeFiles/test_blink.dir/C_/msys64/home/Q/pico-sdk/src/rp2_common/hardware_ticks/ticks.c.obj
 .debug_info    0x0000eec4      0xf39 CMakeFiles/test_blink.dir/C_/msys64/home/Q/pico-sdk/src/rp2_common/pico_bootrom/bootrom.c.obj
 .debug_info    0x0000fdfd      0x1c4 CMakeFiles/test_blink.dir/C_/msys64/home/Q/pico-sdk/src/rp2_common/pico_bootrom/bootrom_lock.c.obj
 .debug_info    0x0000ffc1      0x286 CMakeFiles/test_blink.dir/C_/msys64/home/Q/pico-sdk/src/rp2_common/hardware_boot_lock/boot_lock.c.obj
 .debug_info    0x00010247      0x1b1 CMakeFiles/test_blink.dir/C_/msys64/home/Q/pico-sdk/src/rp2_common/hardware_xosc/xosc.c.obj
 .debug_info    0x000103f8      0x21a CMakeFiles/test_blink.dir/C_/msys64/home/Q/pico-sdk/src/rp2_common/pico_runtime/runtime.c.obj
 .debug_info    0x00010612     0x1c41 CMakeFiles/test_blink.dir/C_/msys64/home/Q/pico-sdk/src/rp2_common/pico_runtime_init/runtime_init.c.obj
 .debug_info    0x00012253      0x7cb CMakeFiles/test_blink.dir/C_/msys64/home/Q/pico-sdk/src/rp2_common/pico_runtime_init/runtime_init_clocks.c.obj
 .debug_info    0x00012a1e      0x2b8 CMakeFiles/test_blink.dir/C_/msys64/home/Q/pico-sdk/src/rp2_common/pico_standard_binary_info/standard_binary_info.c.obj
 .debug_info    0x00012cd6     0x19d0 CMakeFiles/test_blink.dir/C_/msys64/home/Q/pico-sdk/src/rp2_common/pico_printf/printf.c.obj
 .debug_info    0x000146a6       0x23 CMakeFiles/test_blink.dir/C_/msys64/home/Q/pico-sdk/src/rp2_common/pico_crt0/crt0.S.obj
 .debug_info    0x000146c9      0xc2e CMakeFiles/test_blink.dir/C_/msys64/home/Q/pico-sdk/src/rp2_common/pico_clib_interface/newlib_interface.c.obj
 .debug_info    0x000152f7     0x144e CMakeFiles/test_blink.dir/C_/msys64/home/Q/pico-sdk/src/rp2_common/pico_stdio/stdio.c.obj
 .debug_info    0x00016745      0x118 C:/msys64/mingw64/bin/../lib/gcc/arm-none-eabi/13.3.0/../../../../arm-none-eabi/lib/thumb/v8-m.main+fp/softfp\libg.a(libc_a-atexit.o)
 .debug_info    0x0001685d       0xf7 C:/msys64/mingw64/bin/../lib/gcc/arm-none-eabi/13.3.0/../../../../arm-none-eabi/lib/thumb/v8-m.main+fp/softfp\libg.a(libc_a-fini.o)
 .debug_info    0x00016954      0x20a C:/msys64/mingw64/bin/../lib/gcc/arm-none-eabi/13.3.0/../../../../arm-none-eabi/lib/thumb/v8-m.main+fp/softfp\libg.a(libc_a-lock.o)
 .debug_info    0x00016b5e       0x33 C:/msys64/mingw64/bin/../lib/gcc/arm-none-eabi/13.3.0/../../../../arm-none-eabi/lib/thumb/v8-m.main+fp/softfp\libg.a(libc_a-memcpy.o)
 .debug_info    0x00016b91       0xbd C:/msys64/mingw64/bin/../lib/gcc/arm-none-eabi/13.3.0/../../../../arm-none-eabi/lib/thumb/v8-m.main+fp/softfp\libg.a(libc_a-strlen-stub.o)
 .debug_info    0x00016c4e      0x25f C:/msys64/mingw64/bin/../lib/gcc/arm-none-eabi/13.3.0/../../../../arm-none-eabi/lib/thumb/v8-m.main+fp/softfp\libg.a(libc_a-__atexit.o)
 .debug_info    0x00016ead      0x2dd C:/msys64/mingw64/bin/../lib/gcc/arm-none-eabi/13.3.0/../../../../arm-none-eabi/lib/thumb/v8-m.main+fp/softfp\libg.a(libc_a-__call_atexit.o)

.debug_abbrev   0x00000000     0x5116
 .debug_abbrev  0x00000000      0x197 CMakeFiles/test_blink.dir/test_blink.c.obj
 .debug_abbrev  0x00000197      0x4fc CMakeFiles/test_blink.dir/C_/msys64/home/Q/pico-sdk/src/rp2_common/hardware_gpio/gpio.c.obj
 .debug_abbrev  0x00000693      0x12b CMakeFiles/test_blink.dir/C_/msys64/home/Q/pico-sdk/src/rp2_common/pico_platform_panic/panic.c.obj
 .debug_abbrev  0x000007be      0x2a0 CMakeFiles/test_blink.dir/C_/msys64/home/Q/pico-sdk/src/common/hardware_claim/claim.c.obj
 .debug_abbrev  0x00000a5e      0x1f5 CMakeFiles/test_blink.dir/C_/msys64/home/Q/pico-sdk/src/rp2_common/hardware_sync/sync.c.obj
 .debug_abbrev  0x00000c53      0x285 CMakeFiles/test_blink.dir/C_/msys64/home/Q/pico-sdk/src/rp2_common/hardware_sync_spin_lock/sync_spin_lock.c.obj
 .debug_abbrev  0x00000ed8      0x5fb CMakeFiles/test_blink.dir/C_/msys64/home/Q/pico-sdk/src/rp2_common/hardware_irq/irq.c.obj
 .debug_abbrev  0x000014d3      0x11e CMakeFiles/test_blink.dir/C_/msys64/home/Q/pico-sdk/src/common/pico_sync/lock_core.c.obj
 .debug_abbrev  0x000015f1      0x460 CMakeFiles/test_blink.dir/C_/msys64/home/Q/pico-sdk/src/common/pico_sync/mutex.c.obj
 .debug_abbrev  0x00001a51      0x635 CMakeFiles/test_blink.dir/C_/msys64/home/Q/pico-sdk/src/common/pico_time/time.c.obj
 .debug_abbrev  0x00002086      0x509 CMakeFiles/test_blink.dir/C_/msys64/home/Q/pico-sdk/src/rp2_common/hardware_timer/timer.c.obj
 .debug_abbrev  0x0000258f      0x4d2 CMakeFiles/test_blink.dir/C_/msys64/home/Q/pico-sdk/src/rp2_common/hardware_clocks/clocks.c.obj
 .debug_abbrev  0x00002a61      0x192 CMakeFiles/test_blink.dir/C_/msys64/home/Q/pico-sdk/src/rp2_common/hardware_pll/pll.c.obj
 .debug_abbrev  0x00002bf3      0x146 CMakeFiles/test_blink.dir/C_/msys64/home/Q/pico-sdk/src/rp2_common/hardware_ticks/ticks.c.obj
 .debug_abbrev  0x00002d39      0x436 CMakeFiles/test_blink.dir/C_/msys64/home/Q/pico-sdk/src/rp2_common/pico_bootrom/bootrom.c.obj
 .debug_abbrev  0x0000316f       0xfb CMakeFiles/test_blink.dir/C_/msys64/home/Q/pico-sdk/src/rp2_common/pico_bootrom/bootrom_lock.c.obj
 .debug_abbrev  0x0000326a      0x1ba CMakeFiles/test_blink.dir/C_/msys64/home/Q/pico-sdk/src/rp2_common/hardware_boot_lock/boot_lock.c.obj
 .debug_abbrev  0x00003424      0x109 CMakeFiles/test_blink.dir/C_/msys64/home/Q/pico-sdk/src/rp2_common/hardware_xosc/xosc.c.obj
 .debug_abbrev  0x0000352d      0x182 CMakeFiles/test_blink.dir/C_/msys64/home/Q/pico-sdk/src/rp2_common/pico_runtime/runtime.c.obj
 .debug_abbrev  0x000036af      0x310 CMakeFiles/test_blink.dir/C_/msys64/home/Q/pico-sdk/src/rp2_common/pico_runtime_init/runtime_init.c.obj
 .debug_abbrev  0x000039bf      0x287 CMakeFiles/test_blink.dir/C_/msys64/home/Q/pico-sdk/src/rp2_common/pico_runtime_init/runtime_init_clocks.c.obj
 .debug_abbrev  0x00003c46       0xb8 CMakeFiles/test_blink.dir/C_/msys64/home/Q/pico-sdk/src/rp2_common/pico_standard_binary_info/standard_binary_info.c.obj
 .debug_abbrev  0x00003cfe      0x482 CMakeFiles/test_blink.dir/C_/msys64/home/Q/pico-sdk/src/rp2_common/pico_printf/printf.c.obj
 .debug_abbrev  0x00004180       0x12 CMakeFiles/test_blink.dir/C_/msys64/home/Q/pico-sdk/src/rp2_common/pico_crt0/crt0.S.obj
 .debug_abbrev  0x00004192      0x376 CMakeFiles/test_blink.dir/C_/msys64/home/Q/pico-sdk/src/rp2_common/pico_clib_interface/newlib_interface.c.obj
 .debug_abbrev  0x00004508      0x537 CMakeFiles/test_blink.dir/C_/msys64/home/Q/pico-sdk/src/rp2_common/pico_stdio/stdio.c.obj
 .debug_abbrev  0x00004a3f       0xc1 C:/msys64/mingw64/bin/../lib/gcc/arm-none-eabi/13.3.0/../../../../arm-none-eabi/lib/thumb/v8-m.main+fp/softfp\libg.a(libc_a-atexit.o)
 .debug_abbrev  0x00004b00       0xcc C:/msys64/mingw64/bin/../lib/gcc/arm-none-eabi/13.3.0/../../../../arm-none-eabi/lib/thumb/v8-m.main+fp/softfp\libg.a(libc_a-fini.o)
 .debug_abbrev  0x00004bcc      0x115 C:/msys64/mingw64/bin/../lib/gcc/arm-none-eabi/13.3.0/../../../../arm-none-eabi/lib/thumb/v8-m.main+fp/softfp\libg.a(libc_a-lock.o)
 .debug_abbrev  0x00004ce1       0x28 C:/msys64/mingw64/bin/../lib/gcc/arm-none-eabi/13.3.0/../../../../arm-none-eabi/lib/thumb/v8-m.main+fp/softfp\libg.a(libc_a-memcpy.o)
 .debug_abbrev  0x00004d09       0x78 C:/msys64/mingw64/bin/../lib/gcc/arm-none-eabi/13.3.0/../../../../arm-none-eabi/lib/thumb/v8-m.main+fp/softfp\libg.a(libc_a-strlen-stub.o)
 .debug_abbrev  0x00004d81      0x189 C:/msys64/mingw64/bin/../lib/gcc/arm-none-eabi/13.3.0/../../../../arm-none-eabi/lib/thumb/v8-m.main+fp/softfp\libg.a(libc_a-__atexit.o)
 .debug_abbrev  0x00004f0a      0x20c C:/msys64/mingw64/bin/../lib/gcc/arm-none-eabi/13.3.0/../../../../arm-none-eabi/lib/thumb/v8-m.main+fp/softfp\libg.a(libc_a-__call_atexit.o)

.debug_loclists
                0x00000000     0x8013
 .debug_loclists
                0x00000000       0x9c CMakeFiles/test_blink.dir/test_blink.c.obj
 .debug_loclists
                0x0000009c      0xc25 CMakeFiles/test_blink.dir/C_/msys64/home/Q/pico-sdk/src/rp2_common/hardware_gpio/gpio.c.obj
 .debug_loclists
                0x00000cc1      0x271 CMakeFiles/test_blink.dir/C_/msys64/home/Q/pico-sdk/src/common/hardware_claim/claim.c.obj
 .debug_loclists
                0x00000f32       0xe6 CMakeFiles/test_blink.dir/C_/msys64/home/Q/pico-sdk/src/rp2_common/hardware_sync/sync.c.obj
 .debug_loclists
                0x00001018       0x7c CMakeFiles/test_blink.dir/C_/msys64/home/Q/pico-sdk/src/rp2_common/hardware_sync_spin_lock/sync_spin_lock.c.obj
 .debug_loclists
                0x00001094      0xd73 CMakeFiles/test_blink.dir/C_/msys64/home/Q/pico-sdk/src/rp2_common/hardware_irq/irq.c.obj
 .debug_loclists
                0x00001e07       0x17 CMakeFiles/test_blink.dir/C_/msys64/home/Q/pico-sdk/src/common/pico_sync/lock_core.c.obj
 .debug_loclists
                0x00001e1e      0x876 CMakeFiles/test_blink.dir/C_/msys64/home/Q/pico-sdk/src/common/pico_sync/mutex.c.obj
 .debug_loclists
                0x00002694     0x1475 CMakeFiles/test_blink.dir/C_/msys64/home/Q/pico-sdk/src/common/pico_time/time.c.obj
 .debug_loclists
                0x00003b09      0xb09 CMakeFiles/test_blink.dir/C_/msys64/home/Q/pico-sdk/src/rp2_common/hardware_timer/timer.c.obj
 .debug_loclists
                0x00004612      0x93a CMakeFiles/test_blink.dir/C_/msys64/home/Q/pico-sdk/src/rp2_common/hardware_clocks/clocks.c.obj
 .debug_loclists
                0x00004f4c      0x254 CMakeFiles/test_blink.dir/C_/msys64/home/Q/pico-sdk/src/rp2_common/hardware_pll/pll.c.obj
 .debug_loclists
                0x000051a0       0x8b CMakeFiles/test_blink.dir/C_/msys64/home/Q/pico-sdk/src/rp2_common/hardware_ticks/ticks.c.obj
 .debug_loclists
                0x0000522b      0x68a CMakeFiles/test_blink.dir/C_/msys64/home/Q/pico-sdk/src/rp2_common/pico_bootrom/bootrom.c.obj
 .debug_loclists
                0x000058b5       0x28 CMakeFiles/test_blink.dir/C_/msys64/home/Q/pico-sdk/src/rp2_common/pico_bootrom/bootrom_lock.c.obj
 .debug_loclists
                0x000058dd       0x61 CMakeFiles/test_blink.dir/C_/msys64/home/Q/pico-sdk/src/rp2_common/hardware_boot_lock/boot_lock.c.obj
 .debug_loclists
                0x0000593e       0x48 CMakeFiles/test_blink.dir/C_/msys64/home/Q/pico-sdk/src/rp2_common/hardware_xosc/xosc.c.obj
 .debug_loclists
                0x00005986       0x7e CMakeFiles/test_blink.dir/C_/msys64/home/Q/pico-sdk/src/rp2_common/pico_runtime/runtime.c.obj
 .debug_loclists
                0x00005a04      0x120 CMakeFiles/test_blink.dir/C_/msys64/home/Q/pico-sdk/src/rp2_common/pico_runtime_init/runtime_init.c.obj
 .debug_loclists
                0x00005b24       0x74 CMakeFiles/test_blink.dir/C_/msys64/home/Q/pico-sdk/src/rp2_common/pico_runtime_init/runtime_init_clocks.c.obj
 .debug_loclists
                0x00005b98     0x18dc CMakeFiles/test_blink.dir/C_/msys64/home/Q/pico-sdk/src/rp2_common/pico_printf/printf.c.obj
 .debug_loclists
                0x00007474      0x3d0 CMakeFiles/test_blink.dir/C_/msys64/home/Q/pico-sdk/src/rp2_common/pico_clib_interface/newlib_interface.c.obj
 .debug_loclists
                0x00007844      0x59e CMakeFiles/test_blink.dir/C_/msys64/home/Q/pico-sdk/src/rp2_common/pico_stdio/stdio.c.obj
 .debug_loclists
                0x00007de2       0x25 C:/msys64/mingw64/bin/../lib/gcc/arm-none-eabi/13.3.0/../../../../arm-none-eabi/lib/thumb/v8-m.main+fp/softfp\libg.a(libc_a-atexit.o)
 .debug_loclists
                0x00007e07       0x42 C:/msys64/mingw64/bin/../lib/gcc/arm-none-eabi/13.3.0/../../../../arm-none-eabi/lib/thumb/v8-m.main+fp/softfp\libg.a(libc_a-fini.o)
 .debug_loclists
                0x00007e49       0x1e C:/msys64/mingw64/bin/../lib/gcc/arm-none-eabi/13.3.0/../../../../arm-none-eabi/lib/thumb/v8-m.main+fp/softfp\libg.a(libc_a-lock.o)
 .debug_loclists
                0x00007e67       0x23 C:/msys64/mingw64/bin/../lib/gcc/arm-none-eabi/13.3.0/../../../../arm-none-eabi/lib/thumb/v8-m.main+fp/softfp\libg.a(libc_a-strlen-stub.o)
 .debug_loclists
                0x00007e8a       0x73 C:/msys64/mingw64/bin/../lib/gcc/arm-none-eabi/13.3.0/../../../../arm-none-eabi/lib/thumb/v8-m.main+fp/softfp\libg.a(libc_a-__atexit.o)
 .debug_loclists
                0x00007efd      0x116 C:/msys64/mingw64/bin/../lib/gcc/arm-none-eabi/13.3.0/../../../../arm-none-eabi/lib/thumb/v8-m.main+fp/softfp\libg.a(libc_a-__call_atexit.o)

.debug_aranges  0x00000000      0xb48
 .debug_aranges
                0x00000000       0x20 CMakeFiles/test_blink.dir/test_blink.c.obj
 .debug_aranges
                0x00000020      0x120 CMakeFiles/test_blink.dir/C_/msys64/home/Q/pico-sdk/src/rp2_common/hardware_gpio/gpio.c.obj
 .debug_aranges
                0x00000140       0x28 CMakeFiles/test_blink.dir/C_/msys64/home/Q/pico-sdk/src/rp2_common/pico_platform_panic/panic.c.obj
 .debug_aranges
                0x00000168       0x48 CMakeFiles/test_blink.dir/C_/msys64/home/Q/pico-sdk/src/common/hardware_claim/claim.c.obj
 .debug_aranges
                0x000001b0       0x48 CMakeFiles/test_blink.dir/C_/msys64/home/Q/pico-sdk/src/rp2_common/hardware_sync/sync.c.obj
 .debug_aranges
                0x000001f8       0x30 CMakeFiles/test_blink.dir/C_/msys64/home/Q/pico-sdk/src/rp2_common/hardware_sync_spin_lock/sync_spin_lock.c.obj
 .debug_aranges
                0x00000228       0xc0 CMakeFiles/test_blink.dir/C_/msys64/home/Q/pico-sdk/src/rp2_common/hardware_irq/irq.c.obj
 .debug_aranges
                0x000002e8       0x20 CMakeFiles/test_blink.dir/C_/msys64/home/Q/pico-sdk/src/common/pico_sync/lock_core.c.obj
 .debug_aranges
                0x00000308       0x98 CMakeFiles/test_blink.dir/C_/msys64/home/Q/pico-sdk/src/common/pico_sync/mutex.c.obj
 .debug_aranges
                0x000003a0       0xf0 CMakeFiles/test_blink.dir/C_/msys64/home/Q/pico-sdk/src/common/pico_time/time.c.obj
 .debug_aranges
                0x00000490       0xf0 CMakeFiles/test_blink.dir/C_/msys64/home/Q/pico-sdk/src/rp2_common/hardware_timer/timer.c.obj
 .debug_aranges
                0x00000580       0x98 CMakeFiles/test_blink.dir/C_/msys64/home/Q/pico-sdk/src/rp2_common/hardware_clocks/clocks.c.obj
 .debug_aranges
                0x00000618       0x28 CMakeFiles/test_blink.dir/C_/msys64/home/Q/pico-sdk/src/rp2_common/hardware_pll/pll.c.obj
 .debug_aranges
                0x00000640       0x30 CMakeFiles/test_blink.dir/C_/msys64/home/Q/pico-sdk/src/rp2_common/hardware_ticks/ticks.c.obj
 .debug_aranges
                0x00000670       0x68 CMakeFiles/test_blink.dir/C_/msys64/home/Q/pico-sdk/src/rp2_common/pico_bootrom/bootrom.c.obj
 .debug_aranges
                0x000006d8       0x20 CMakeFiles/test_blink.dir/C_/msys64/home/Q/pico-sdk/src/rp2_common/pico_bootrom/bootrom_lock.c.obj
 .debug_aranges
                0x000006f8       0x30 CMakeFiles/test_blink.dir/C_/msys64/home/Q/pico-sdk/src/rp2_common/hardware_boot_lock/boot_lock.c.obj
 .debug_aranges
                0x00000728       0x30 CMakeFiles/test_blink.dir/C_/msys64/home/Q/pico-sdk/src/rp2_common/hardware_xosc/xosc.c.obj
 .debug_aranges
                0x00000758       0x38 CMakeFiles/test_blink.dir/C_/msys64/home/Q/pico-sdk/src/rp2_common/pico_runtime/runtime.c.obj
 .debug_aranges
                0x00000790       0x58 CMakeFiles/test_blink.dir/C_/msys64/home/Q/pico-sdk/src/rp2_common/pico_runtime_init/runtime_init.c.obj
 .debug_aranges
                0x000007e8       0x20 CMakeFiles/test_blink.dir/C_/msys64/home/Q/pico-sdk/src/rp2_common/pico_runtime_init/runtime_init_clocks.c.obj
 .debug_aranges
                0x00000808       0x18 CMakeFiles/test_blink.dir/C_/msys64/home/Q/pico-sdk/src/rp2_common/pico_standard_binary_info/standard_binary_info.c.obj
 .debug_aranges
                0x00000820       0xa0 CMakeFiles/test_blink.dir/C_/msys64/home/Q/pico-sdk/src/rp2_common/pico_printf/printf.c.obj
 .debug_aranges
                0x000008c0       0x28 CMakeFiles/test_blink.dir/C_/msys64/home/Q/pico-sdk/src/rp2_common/pico_crt0/crt0.S.obj
 .debug_aranges
                0x000008e8       0xa8 CMakeFiles/test_blink.dir/C_/msys64/home/Q/pico-sdk/src/rp2_common/pico_clib_interface/newlib_interface.c.obj
 .debug_aranges
                0x00000990       0xd0 CMakeFiles/test_blink.dir/C_/msys64/home/Q/pico-sdk/src/rp2_common/pico_stdio/stdio.c.obj
 .debug_aranges
                0x00000a60       0x20 C:/msys64/mingw64/bin/../lib/gcc/arm-none-eabi/13.3.0/../../../../arm-none-eabi/lib/thumb/v8-m.main+fp/softfp\libg.a(libc_a-atexit.o)
 .debug_aranges
                0x00000a80       0x20 C:/msys64/mingw64/bin/../lib/gcc/arm-none-eabi/13.3.0/../../../../arm-none-eabi/lib/thumb/v8-m.main+fp/softfp\libg.a(libc_a-fini.o)
 .debug_aranges
                0x00000aa0       0x20 C:/msys64/mingw64/bin/../lib/gcc/arm-none-eabi/13.3.0/../../../../arm-none-eabi/lib/thumb/v8-m.main+fp/softfp\libg.a(libc_a-lock.o)
 .debug_aranges
                0x00000ac0       0x20 C:/msys64/mingw64/bin/../lib/gcc/arm-none-eabi/13.3.0/../../../../arm-none-eabi/lib/thumb/v8-m.main+fp/softfp\libg.a(libc_a-memcpy.o)
 .debug_aranges
                0x00000ae0       0x20 C:/msys64/mingw64/bin/../lib/gcc/arm-none-eabi/13.3.0/../../../../arm-none-eabi/lib/thumb/v8-m.main+fp/softfp\libg.a(libc_a-strlen-stub.o)
 .debug_aranges
                0x00000b00       0x20 C:/msys64/mingw64/bin/../lib/gcc/arm-none-eabi/13.3.0/../../../../arm-none-eabi/lib/thumb/v8-m.main+fp/softfp\libg.a(libc_a-__atexit.o)
 .debug_aranges
                0x00000b20       0x28 C:/msys64/mingw64/bin/../lib/gcc/arm-none-eabi/13.3.0/../../../../arm-none-eabi/lib/thumb/v8-m.main+fp/softfp\libg.a(libc_a-__call_atexit.o)

.debug_rnglists
                0x00000000     0x1458
 .debug_rnglists
                0x00000000       0x2b CMakeFiles/test_blink.dir/test_blink.c.obj
 .debug_rnglists
                0x0000002b      0x254 CMakeFiles/test_blink.dir/C_/msys64/home/Q/pico-sdk/src/rp2_common/hardware_gpio/gpio.c.obj
 .debug_rnglists
                0x0000027f       0x19 CMakeFiles/test_blink.dir/C_/msys64/home/Q/pico-sdk/src/rp2_common/pico_platform_panic/panic.c.obj
 .debug_rnglists
                0x00000298       0x40 CMakeFiles/test_blink.dir/C_/msys64/home/Q/pico-sdk/src/common/hardware_claim/claim.c.obj
 .debug_rnglists
                0x000002d8       0x5e CMakeFiles/test_blink.dir/C_/msys64/home/Q/pico-sdk/src/rp2_common/hardware_sync/sync.c.obj
 .debug_rnglists
                0x00000336       0x3d CMakeFiles/test_blink.dir/C_/msys64/home/Q/pico-sdk/src/rp2_common/hardware_sync_spin_lock/sync_spin_lock.c.obj
 .debug_rnglists
                0x00000373      0x260 CMakeFiles/test_blink.dir/C_/msys64/home/Q/pico-sdk/src/rp2_common/hardware_irq/irq.c.obj
 .debug_rnglists
                0x000005d3       0x13 CMakeFiles/test_blink.dir/C_/msys64/home/Q/pico-sdk/src/common/pico_sync/lock_core.c.obj
 .debug_rnglists
                0x000005e6      0x1de CMakeFiles/test_blink.dir/C_/msys64/home/Q/pico-sdk/src/common/pico_sync/mutex.c.obj
 .debug_rnglists
                0x000007c4      0x39a CMakeFiles/test_blink.dir/C_/msys64/home/Q/pico-sdk/src/common/pico_time/time.c.obj
 .debug_rnglists
                0x00000b5e      0x180 CMakeFiles/test_blink.dir/C_/msys64/home/Q/pico-sdk/src/rp2_common/hardware_timer/timer.c.obj
 .debug_rnglists
                0x00000cde      0x16d CMakeFiles/test_blink.dir/C_/msys64/home/Q/pico-sdk/src/rp2_common/hardware_clocks/clocks.c.obj
 .debug_rnglists
                0x00000e4b       0x4a CMakeFiles/test_blink.dir/C_/msys64/home/Q/pico-sdk/src/rp2_common/hardware_pll/pll.c.obj
 .debug_rnglists
                0x00000e95       0x2e CMakeFiles/test_blink.dir/C_/msys64/home/Q/pico-sdk/src/rp2_common/hardware_ticks/ticks.c.obj
 .debug_rnglists
                0x00000ec3       0xf7 CMakeFiles/test_blink.dir/C_/msys64/home/Q/pico-sdk/src/rp2_common/pico_bootrom/bootrom.c.obj
 .debug_rnglists
                0x00000fba       0x13 CMakeFiles/test_blink.dir/C_/msys64/home/Q/pico-sdk/src/rp2_common/pico_bootrom/bootrom_lock.c.obj
 .debug_rnglists
                0x00000fcd       0x37 CMakeFiles/test_blink.dir/C_/msys64/home/Q/pico-sdk/src/rp2_common/hardware_boot_lock/boot_lock.c.obj
 .debug_rnglists
                0x00001004       0x2b CMakeFiles/test_blink.dir/C_/msys64/home/Q/pico-sdk/src/rp2_common/hardware_xosc/xosc.c.obj
 .debug_rnglists
                0x0000102f       0x43 CMakeFiles/test_blink.dir/C_/msys64/home/Q/pico-sdk/src/rp2_common/pico_runtime/runtime.c.obj
 .debug_rnglists
                0x00001072       0x61 CMakeFiles/test_blink.dir/C_/msys64/home/Q/pico-sdk/src/rp2_common/pico_runtime_init/runtime_init.c.obj
 .debug_rnglists
                0x000010d3       0x20 CMakeFiles/test_blink.dir/C_/msys64/home/Q/pico-sdk/src/rp2_common/pico_runtime_init/runtime_init_clocks.c.obj
 .debug_rnglists
                0x000010f3      0x10e CMakeFiles/test_blink.dir/C_/msys64/home/Q/pico-sdk/src/rp2_common/pico_printf/printf.c.obj
 .debug_rnglists
                0x00001201       0x1b CMakeFiles/test_blink.dir/C_/msys64/home/Q/pico-sdk/src/rp2_common/pico_crt0/crt0.S.obj
 .debug_rnglists
                0x0000121c       0x91 CMakeFiles/test_blink.dir/C_/msys64/home/Q/pico-sdk/src/rp2_common/pico_clib_interface/newlib_interface.c.obj
 .debug_rnglists
                0x000012ad      0x168 CMakeFiles/test_blink.dir/C_/msys64/home/Q/pico-sdk/src/rp2_common/pico_stdio/stdio.c.obj
 .debug_rnglists
                0x00001415       0x13 C:/msys64/mingw64/bin/../lib/gcc/arm-none-eabi/13.3.0/../../../../arm-none-eabi/lib/thumb/v8-m.main+fp/softfp\libg.a(libc_a-strlen-stub.o)
 .debug_rnglists
                0x00001428       0x30 C:/msys64/mingw64/bin/../lib/gcc/arm-none-eabi/13.3.0/../../../../arm-none-eabi/lib/thumb/v8-m.main+fp/softfp\libg.a(libc_a-__call_atexit.o)

.debug_line     0x00000000     0xd26b
 .debug_line    0x00000000      0x24e CMakeFiles/test_blink.dir/test_blink.c.obj
 .debug_line    0x0000024e      0xe2e CMakeFiles/test_blink.dir/C_/msys64/home/Q/pico-sdk/src/rp2_common/hardware_gpio/gpio.c.obj
 .debug_line    0x0000107c      0x219 CMakeFiles/test_blink.dir/C_/msys64/home/Q/pico-sdk/src/rp2_common/pico_platform_panic/panic.c.obj
 .debug_line    0x00001295      0x4bb CMakeFiles/test_blink.dir/C_/msys64/home/Q/pico-sdk/src/common/hardware_claim/claim.c.obj
 .debug_line    0x00001750      0x37a CMakeFiles/test_blink.dir/C_/msys64/home/Q/pico-sdk/src/rp2_common/hardware_sync/sync.c.obj
 .debug_line    0x00001aca      0x344 CMakeFiles/test_blink.dir/C_/msys64/home/Q/pico-sdk/src/rp2_common/hardware_sync_spin_lock/sync_spin_lock.c.obj
 .debug_line    0x00001e0e     0x1204 CMakeFiles/test_blink.dir/C_/msys64/home/Q/pico-sdk/src/rp2_common/hardware_irq/irq.c.obj
 .debug_line    0x00003012      0x216 CMakeFiles/test_blink.dir/C_/msys64/home/Q/pico-sdk/src/common/pico_sync/lock_core.c.obj
 .debug_line    0x00003228      0xf70 CMakeFiles/test_blink.dir/C_/msys64/home/Q/pico-sdk/src/common/pico_sync/mutex.c.obj
 .debug_line    0x00004198     0x1c43 CMakeFiles/test_blink.dir/C_/msys64/home/Q/pico-sdk/src/common/pico_time/time.c.obj
 .debug_line    0x00005ddb      0xfd0 CMakeFiles/test_blink.dir/C_/msys64/home/Q/pico-sdk/src/rp2_common/hardware_timer/timer.c.obj
 .debug_line    0x00006dab      0xbb5 CMakeFiles/test_blink.dir/C_/msys64/home/Q/pico-sdk/src/rp2_common/hardware_clocks/clocks.c.obj
 .debug_line    0x00007960      0x46e CMakeFiles/test_blink.dir/C_/msys64/home/Q/pico-sdk/src/rp2_common/hardware_pll/pll.c.obj
 .debug_line    0x00007dce      0x2d9 CMakeFiles/test_blink.dir/C_/msys64/home/Q/pico-sdk/src/rp2_common/hardware_ticks/ticks.c.obj
 .debug_line    0x000080a7      0x9d4 CMakeFiles/test_blink.dir/C_/msys64/home/Q/pico-sdk/src/rp2_common/pico_bootrom/bootrom.c.obj
 .debug_line    0x00008a7b      0x34a CMakeFiles/test_blink.dir/C_/msys64/home/Q/pico-sdk/src/rp2_common/pico_bootrom/bootrom_lock.c.obj
 .debug_line    0x00008dc5      0x33e CMakeFiles/test_blink.dir/C_/msys64/home/Q/pico-sdk/src/rp2_common/hardware_boot_lock/boot_lock.c.obj
 .debug_line    0x00009103      0x307 CMakeFiles/test_blink.dir/C_/msys64/home/Q/pico-sdk/src/rp2_common/hardware_xosc/xosc.c.obj
 .debug_line    0x0000940a      0x2bd CMakeFiles/test_blink.dir/C_/msys64/home/Q/pico-sdk/src/rp2_common/pico_runtime/runtime.c.obj
 .debug_line    0x000096c7      0x623 CMakeFiles/test_blink.dir/C_/msys64/home/Q/pico-sdk/src/rp2_common/pico_runtime_init/runtime_init.c.obj
 .debug_line    0x00009cea      0x4ed CMakeFiles/test_blink.dir/C_/msys64/home/Q/pico-sdk/src/rp2_common/pico_runtime_init/runtime_init_clocks.c.obj
 .debug_line    0x0000a1d7      0x1a4 CMakeFiles/test_blink.dir/C_/msys64/home/Q/pico-sdk/src/rp2_common/pico_standard_binary_info/standard_binary_info.c.obj
 .debug_line    0x0000a37b     0x120f CMakeFiles/test_blink.dir/C_/msys64/home/Q/pico-sdk/src/rp2_common/pico_printf/printf.c.obj
 .debug_line    0x0000b58a       0x9e CMakeFiles/test_blink.dir/C_/msys64/home/Q/pico-sdk/src/rp2_common/pico_crt0/crt0.S.obj
 .debug_line    0x0000b628      0x7d9 CMakeFiles/test_blink.dir/C_/msys64/home/Q/pico-sdk/src/rp2_common/pico_clib_interface/newlib_interface.c.obj
 .debug_line    0x0000be01      0xc65 CMakeFiles/test_blink.dir/C_/msys64/home/Q/pico-sdk/src/rp2_common/pico_stdio/stdio.c.obj
 .debug_line    0x0000ca66       0xc8 C:/msys64/mingw64/bin/../lib/gcc/arm-none-eabi/13.3.0/../../../../arm-none-eabi/lib/thumb/v8-m.main+fp/softfp\libg.a(libc_a-atexit.o)
 .debug_line    0x0000cb2e       0xf4 C:/msys64/mingw64/bin/../lib/gcc/arm-none-eabi/13.3.0/../../../../arm-none-eabi/lib/thumb/v8-m.main+fp/softfp\libg.a(libc_a-fini.o)
 .debug_line    0x0000cc22       0xd7 C:/msys64/mingw64/bin/../lib/gcc/arm-none-eabi/13.3.0/../../../../arm-none-eabi/lib/thumb/v8-m.main+fp/softfp\libg.a(libc_a-lock.o)
 .debug_line    0x0000ccf9       0xbd C:/msys64/mingw64/bin/../lib/gcc/arm-none-eabi/13.3.0/../../../../arm-none-eabi/lib/thumb/v8-m.main+fp/softfp\libg.a(libc_a-memcpy.o)
 .debug_line    0x0000cdb6      0x108 C:/msys64/mingw64/bin/../lib/gcc/arm-none-eabi/13.3.0/../../../../arm-none-eabi/lib/thumb/v8-m.main+fp/softfp\libg.a(libc_a-strlen-stub.o)
 .debug_line    0x0000cebe      0x174 C:/msys64/mingw64/bin/../lib/gcc/arm-none-eabi/13.3.0/../../../../arm-none-eabi/lib/thumb/v8-m.main+fp/softfp\libg.a(libc_a-__atexit.o)
 .debug_line    0x0000d032      0x239 C:/msys64/mingw64/bin/../lib/gcc/arm-none-eabi/13.3.0/../../../../arm-none-eabi/lib/thumb/v8-m.main+fp/softfp\libg.a(libc_a-__call_atexit.o)

.debug_str      0x00000000     0x5095
 .debug_str     0x00000000     0x5095 CMakeFiles/test_blink.dir/test_blink.c.obj
                                0x21b (size before relaxing)
 .debug_str     0x00005095      0xd26 CMakeFiles/test_blink.dir/C_/msys64/home/Q/pico-sdk/src/rp2_common/hardware_gpio/gpio.c.obj
 .debug_str     0x00005095      0x1ff CMakeFiles/test_blink.dir/C_/msys64/home/Q/pico-sdk/src/rp2_common/pico_platform_panic/panic.c.obj
 .debug_str     0x00005095      0x371 CMakeFiles/test_blink.dir/C_/msys64/home/Q/pico-sdk/src/common/hardware_claim/claim.c.obj
 .debug_str     0x00005095      0x31c CMakeFiles/test_blink.dir/C_/msys64/home/Q/pico-sdk/src/rp2_common/hardware_sync/sync.c.obj
 .debug_str     0x00005095      0xbc9 CMakeFiles/test_blink.dir/C_/msys64/home/Q/pico-sdk/src/rp2_common/hardware_sync_spin_lock/sync_spin_lock.c.obj
 .debug_str     0x00005095      0xc48 CMakeFiles/test_blink.dir/C_/msys64/home/Q/pico-sdk/src/rp2_common/hardware_irq/irq.c.obj
 .debug_str     0x00005095      0x20e CMakeFiles/test_blink.dir/C_/msys64/home/Q/pico-sdk/src/common/pico_sync/lock_core.c.obj
 .debug_str     0x00005095      0x8e2 CMakeFiles/test_blink.dir/C_/msys64/home/Q/pico-sdk/src/common/pico_sync/mutex.c.obj
 .debug_str     0x00005095     0x130b CMakeFiles/test_blink.dir/C_/msys64/home/Q/pico-sdk/src/common/pico_time/time.c.obj
 .debug_str     0x00005095      0xb9c CMakeFiles/test_blink.dir/C_/msys64/home/Q/pico-sdk/src/rp2_common/hardware_timer/timer.c.obj
 .debug_str     0x00005095      0xb8b CMakeFiles/test_blink.dir/C_/msys64/home/Q/pico-sdk/src/rp2_common/hardware_clocks/clocks.c.obj
 .debug_str     0x00005095      0x495 CMakeFiles/test_blink.dir/C_/msys64/home/Q/pico-sdk/src/rp2_common/hardware_pll/pll.c.obj
 .debug_str     0x00005095      0x2c2 CMakeFiles/test_blink.dir/C_/msys64/home/Q/pico-sdk/src/rp2_common/hardware_ticks/ticks.c.obj
 .debug_str     0x00005095      0x965 CMakeFiles/test_blink.dir/C_/msys64/home/Q/pico-sdk/src/rp2_common/pico_bootrom/bootrom.c.obj
 .debug_str     0x00005095      0x2aa CMakeFiles/test_blink.dir/C_/msys64/home/Q/pico-sdk/src/rp2_common/pico_bootrom/bootrom_lock.c.obj
 .debug_str     0x00005095      0x288 CMakeFiles/test_blink.dir/C_/msys64/home/Q/pico-sdk/src/rp2_common/hardware_boot_lock/boot_lock.c.obj
 .debug_str     0x00005095      0x23b CMakeFiles/test_blink.dir/C_/msys64/home/Q/pico-sdk/src/rp2_common/hardware_xosc/xosc.c.obj
 .debug_str     0x00005095      0x291 CMakeFiles/test_blink.dir/C_/msys64/home/Q/pico-sdk/src/rp2_common/pico_runtime/runtime.c.obj
 .debug_str     0x00005095     0x1215 CMakeFiles/test_blink.dir/C_/msys64/home/Q/pico-sdk/src/rp2_common/pico_runtime_init/runtime_init.c.obj
 .debug_str     0x00005095      0x4dd CMakeFiles/test_blink.dir/C_/msys64/home/Q/pico-sdk/src/rp2_common/pico_runtime_init/runtime_init_clocks.c.obj
 .debug_str     0x00005095      0x400 CMakeFiles/test_blink.dir/C_/msys64/home/Q/pico-sdk/src/rp2_common/pico_standard_binary_info/standard_binary_info.c.obj
 .debug_str     0x00005095      0x4a7 CMakeFiles/test_blink.dir/C_/msys64/home/Q/pico-sdk/src/rp2_common/pico_printf/printf.c.obj
 .debug_str     0x00005095       0x73 CMakeFiles/test_blink.dir/C_/msys64/home/Q/pico-sdk/src/rp2_common/pico_crt0/crt0.S.obj
 .debug_str     0x00005095      0x890 CMakeFiles/test_blink.dir/C_/msys64/home/Q/pico-sdk/src/rp2_common/pico_clib_interface/newlib_interface.c.obj
 .debug_str     0x00005095      0xc25 CMakeFiles/test_blink.dir/C_/msys64/home/Q/pico-sdk/src/rp2_common/pico_stdio/stdio.c.obj
 .debug_str     0x00005095      0x1cd C:/msys64/mingw64/bin/../lib/gcc/arm-none-eabi/13.3.0/../../../../arm-none-eabi/lib/thumb/v8-m.main+fp/softfp\libg.a(libc_a-atexit.o)
 .debug_str     0x00005095      0x1c7 C:/msys64/mingw64/bin/../lib/gcc/arm-none-eabi/13.3.0/../../../../arm-none-eabi/lib/thumb/v8-m.main+fp/softfp\libg.a(libc_a-fini.o)
 .debug_str     0x00005095      0x303 C:/msys64/mingw64/bin/../lib/gcc/arm-none-eabi/13.3.0/../../../../arm-none-eabi/lib/thumb/v8-m.main+fp/softfp\libg.a(libc_a-lock.o)
 .debug_str     0x00005095       0xa4 C:/msys64/mingw64/bin/../lib/gcc/arm-none-eabi/13.3.0/../../../../arm-none-eabi/lib/thumb/v8-m.main+fp/softfp\libg.a(libc_a-memcpy.o)